Component: ARM Compiler 5.06 update 7 (build 960) Tool: armlink [4d3601]

==============================================================================

Section Cross References

    startup_stm32f103xe.o(RESET) refers to startup_stm32f103xe.o(STACK) for __initial_sp
    startup_stm32f103xe.o(RESET) refers to startup_stm32f103xe.o(.text) for Reset_Handler
    startup_stm32f103xe.o(RESET) refers to stm32f1xx_it.o(i.NMI_Handler) for NMI_Handler
    startup_stm32f103xe.o(RESET) refers to stm32f1xx_it.o(i.HardFault_Handler) for HardFault_Handler
    startup_stm32f103xe.o(RESET) refers to stm32f1xx_it.o(i.MemManage_Handler) for MemManage_Handler
    startup_stm32f103xe.o(RESET) refers to stm32f1xx_it.o(i.BusFault_Handler) for BusFault_Handler
    startup_stm32f103xe.o(RESET) refers to stm32f1xx_it.o(i.UsageFault_Handler) for UsageFault_Handler
    startup_stm32f103xe.o(RESET) refers to stm32f1xx_it.o(i.SVC_Handler) for SVC_Handler
    startup_stm32f103xe.o(RESET) refers to stm32f1xx_it.o(i.DebugMon_Handler) for DebugMon_Handler
    startup_stm32f103xe.o(RESET) refers to stm32f1xx_it.o(i.PendSV_Handler) for PendSV_Handler
    startup_stm32f103xe.o(RESET) refers to stm32f1xx_it.o(i.SysTick_Handler) for SysTick_Handler
    startup_stm32f103xe.o(RESET) refers to stm32f1xx_it.o(i.RTC_IRQHandler) for RTC_IRQHandler
    startup_stm32f103xe.o(RESET) refers to stm32f1xx_it.o(i.DMA1_Channel1_IRQHandler) for DMA1_Channel1_IRQHandler
    startup_stm32f103xe.o(RESET) refers to stm32f1xx_it.o(i.USART1_IRQHandler) for USART1_IRQHandler
    startup_stm32f103xe.o(RESET) refers to stm32f1xx_it.o(i.USART3_IRQHandler) for USART3_IRQHandler
    startup_stm32f103xe.o(RESET) refers to stm32f1xx_it.o(i.UART4_IRQHandler) for UART4_IRQHandler
    startup_stm32f103xe.o(RESET) refers to stm32f1xx_it.o(i.TIM6_IRQHandler) for TIM6_IRQHandler
    startup_stm32f103xe.o(.text) refers to system_stm32f1xx.o(i.SystemInit) for SystemInit
    startup_stm32f103xe.o(.text) refers to entry.o(.ARM.Collect$$$$00000000) for __main
    24cxx.o(i.AT24CXX_ReadLongByte) refers to myiic.o(i.IIC_Start) for IIC_Start
    24cxx.o(i.AT24CXX_ReadLongByte) refers to myiic.o(i.IIC_Send_Byte) for IIC_Send_Byte
    24cxx.o(i.AT24CXX_ReadLongByte) refers to myiic.o(i.IIC_Wait_Ack) for IIC_Wait_Ack
    24cxx.o(i.AT24CXX_ReadLongByte) refers to myiic.o(i.IIC_Read_Byte) for IIC_Read_Byte
    24cxx.o(i.AT24CXX_ReadLongByte) refers to myiic.o(i.IIC_Stop) for IIC_Stop
    24cxx.o(i.AT24CXX_ReadOneByte) refers to myiic.o(i.IIC_Start) for IIC_Start
    24cxx.o(i.AT24CXX_ReadOneByte) refers to myiic.o(i.IIC_Send_Byte) for IIC_Send_Byte
    24cxx.o(i.AT24CXX_ReadOneByte) refers to myiic.o(i.IIC_Wait_Ack) for IIC_Wait_Ack
    24cxx.o(i.AT24CXX_ReadOneByte) refers to myiic.o(i.IIC_Read_Byte) for IIC_Read_Byte
    24cxx.o(i.AT24CXX_ReadOneByte) refers to myiic.o(i.IIC_Stop) for IIC_Stop
    24cxx.o(i.AT24CXX_WriteOneByte) refers to myiic.o(i.IIC_Start) for IIC_Start
    24cxx.o(i.AT24CXX_WriteOneByte) refers to myiic.o(i.IIC_Send_Byte) for IIC_Send_Byte
    24cxx.o(i.AT24CXX_WriteOneByte) refers to myiic.o(i.IIC_Wait_Ack) for IIC_Wait_Ack
    24cxx.o(i.AT24CXX_WriteOneByte) refers to myiic.o(i.IIC_Stop) for IIC_Stop
    24cxx.o(i.AT24CXX_WriteOneByte) refers to delay.o(i.delay_ms) for delay_ms
    24cxx.o(i.EEPROM_C) refers to stm32f1xx_hal_gpio.o(i.HAL_GPIO_WritePin) for HAL_GPIO_WritePin
    24cxx.o(i.EEPROM_C) refers to myiic.o(i.IIC_Start) for IIC_Start
    24cxx.o(i.EEPROM_C) refers to myiic.o(i.IIC_Send_Byte) for IIC_Send_Byte
    24cxx.o(i.EEPROM_C) refers to myiic.o(i.IIC_Wait_Ack) for IIC_Wait_Ack
    24cxx.o(i.EEPROM_C) refers to myiic.o(i.IIC_Stop) for IIC_Stop
    24cxx.o(i.EEPROM_C) refers to delay.o(i.delay_ms) for delay_ms
    24cxx.o(i.EEPROM_R) refers to stm32f1xx_hal_gpio.o(i.HAL_GPIO_WritePin) for HAL_GPIO_WritePin
    24cxx.o(i.EEPROM_R) refers to 24cxx.o(i.AT24CXX_ReadOneByte) for AT24CXX_ReadOneByte
    24cxx.o(i.MODIFY_EEP_W) refers to stm32f1xx_hal_gpio.o(i.HAL_GPIO_WritePin) for HAL_GPIO_WritePin
    24cxx.o(i.MODIFY_EEP_W) refers to 24cxx.o(i.AT24CXX_WriteOneByte) for AT24CXX_WriteOneByte
    delay.o(i.delay_init) refers to stm32f1xx_hal_cortex.o(i.HAL_SYSTICK_CLKSourceConfig) for HAL_SYSTICK_CLKSourceConfig
    delay.o(i.delay_init) refers to delay.o(.data) for fac_us
    delay.o(i.delay_ms) refers to delay.o(i.delay_us) for delay_us
    delay.o(i.delay_us) refers to delay.o(.data) for fac_us
    disp.o(i.Cur250_calibrate_tmp) refers to 24cxx.o(i.MODIFY_EEP_W) for MODIFY_EEP_W
    disp.o(i.Cur250_calibrate_tmp) refers to delay.o(i.delay_ms) for delay_ms
    disp.o(i.Cur400_630_calibrate_tmp) refers to 24cxx.o(i.MODIFY_EEP_W) for MODIFY_EEP_W
    disp.o(i.Cur400_630_calibrate_tmp) refers to delay.o(i.delay_ms) for delay_ms
    disp.o(i.Down_key_state) refers to main.o(.data) for key_state
    disp.o(i.Dy_function_process) refers to 24cxx.o(i.MODIFY_EEP_W) for MODIFY_EEP_W
    disp.o(i.Dy_function_process) refers to main.o(.data) for key_state
[...]
    point_leak_min                           0x200030f7   Data           1  main.o(.data)
    point_Avol_max                           0x200030f8   Data           1  main.o(.data)
    point_Bvol_max                           0x200030f9   Data           1  main.o(.data)
    point_Cvol_max                           0x200030fa   Data           1  main.o(.data)
    point_Acur_max                           0x200030fb   Data           1  main.o(.data)
    point_Bcur_max                           0x200030fc   Data           1  main.o(.data)
    point_Ccur_max                           0x200030fd   Data           1  main.o(.data)
    point_Avol_min                           0x200030fe   Data           1  main.o(.data)
    point_Bvol_min                           0x200030ff   Data           1  main.o(.data)
    point_Cvol_min                           0x20003100   Data           1  main.o(.data)
    point_Acur_min                           0x20003101   Data           1  main.o(.data)
    point_Bcur_min                           0x20003102   Data           1  main.o(.data)
    point_Ccur_min                           0x20003103   Data           1  main.o(.data)
    point_event_alarm                        0x20003104   Data           1  main.o(.data)
    point_event_self                         0x20003105   Data           1  main.o(.data)
    V_sample_tem                             0x20003106   Data           1  main.o(.data)
    C_sample_tem                             0x20003107   Data           1  main.o(.data)
    AD_result                                0x20003108   Data           4  main.o(.data)
    AD_TEMP                                  0x2000310c   Data           4  main.o(.data)
    AD_result1                               0x20003110   Data           4  main.o(.data)
    AD_JIAOZHUN                              0x20003114   Data           4  main.o(.data)
    N_JIAOZHUN                               0x20003118   Data           4  main.o(.data)
    F_JIAOZHUN                               0x2000311c   Data           4  main.o(.data)
    F_V_AD                                   0x20003120   Data           1  main.o(.data)
    F_C_AD                                   0x20003121   Data           1  main.o(.data)
    F_L_AD                                   0x20003122   Data           1  main.o(.data)
    V_B_point                                0x20003123   Data           1  main.o(.data)
    Leak_piont                               0x20003124   Data           1  main.o(.data)
    I_point                                  0x20003125   Data           1  main.o(.data)
    Num_Cur_protect                          0x20003126   Data           1  main.o(.data)
    A_V_Sum1                                 0x20003128   Data           4  main.o(.data)
    B_V_Sum1                                 0x2000312c   Data           4  main.o(.data)
    C_V_Sum1                                 0x20003130   Data           4  main.o(.data)
    A_V_Sum_disp                             0x20003134   Data           4  main.o(.data)
    B_V_Sum_disp                             0x20003138   Data           4  main.o(.data)
    C_V_Sum_disp                             0x2000313c   Data           4  main.o(.data)
    T_64_1000ms                              0x20003140   Data           1  main.o(.data)
    F_quick_protect                          0x20003141   Data           1  main.o(.data)
    F_Bottom_queding                         0x20003142   Data           1  main.o(.data)
    A_QL                                     0x20003143   Data           1  main.o(.data)
    B_QL                                     0x20003144   Data           1  main.o(.data)
    C_QL                                     0x20003145   Data           1  main.o(.data)
    N_QL                                     0x20003148   Data           4  main.o(.data)
    N_TD_A                                   0x2000314c   Data           4  main.o(.data)
    N_TD_B                                   0x20003150   Data           4  main.o(.data)
    N_TD_C                                   0x20003154   Data           4  main.o(.data)
    N_QL_A                                   0x20003158   Data           4  main.o(.data)
    N_QL_B                                   0x2000315c   Data           4  main.o(.data)
    N_QL_C                                   0x20003160   Data           4  main.o(.data)
    F_QLA_TRIP                               0x20003164   Data           1  main.o(.data)
    F_QLB_TRIP                               0x20003165   Data           1  main.o(.data)
    F_QLC_TRIP                               0x20003166   Data           1  main.o(.data)
    F_QL_TRIP                                0x20003167   Data           1  main.o(.data)
    F_qlchonghe                              0x20003168   Data           1  main.o(.data)
    F_shiya_hezha                            0x20003169   Data           1  main.o(.data)
    N_delay_3D                               0x2000316a   Data           1  main.o(.data)
    N_delay_DL                               0x2000316c   Data           4  main.o(.data)
    N_a_bql_trip                             0x20003170   Data           4  main.o(.data)
    N_a_cql_trip                             0x20003174   Data           4  main.o(.data)
    N_b_aql_trip                             0x20003178   Data           4  main.o(.data)
    N_b_cql_trip                             0x2000317c   Data           4  main.o(.data)
    N_c_aql_trip                             0x20003180   Data           4  main.o(.data)
    N_c_bql_trip                             0x20003184   Data           4  main.o(.data)
    LouD_GaoJing                             0x20003188   Data           1  main.o(.data)
    Leak_Cur_uart                            0x2000318c   Data           4  main.o(.data)
    AQL_Judge_tmp                            0x20003190   Data           2  main.o(.data)
    BQL_Judge_tmp                            0x20003192   Data           2  main.o(.data)
    CQL_Judge_tmp                            0x20003194   Data           2  main.o(.data)
    AD_tmp_V                                 0x20003198   Data           4  main.o(.data)
    AD_tmp_VA_Max                            0x2000319c   Data           4  main.o(.data)
    AD_tmp_VB_Max                            0x200031a0   Data           4  main.o(.data)
    AD_tmp_VC_Max                            0x200031a4   Data           4  main.o(.data)
    R_SD                                     0x200031a8   Data          16  main.o(.data)
    F_HT7038_Read                            0x200031b8   Data           1  main.o(.data)
    F_Wendu                                  0x200031b9   Data           1  main.o(.data)
    Low_vol_begin                            0x200031ba   Data           1  main.o(.data)
    P1_Reactive                              0x200031bc   Data           4  main.o(.data)
    P2_Reactive                              0x200031c0   Data           4  main.o(.data)
    P1_Apparent                              0x200031c4   Data           4  main.o(.data)
    P2_Apparent                              0x200031c8   Data           4  main.o(.data)
    P1                                       0x200031cc   Data           4  main.o(.data)
    P2                                       0x200031d0   Data           4  main.o(.data)
    Unbal_Vol                                0x200031d4   Data           4  main.o(.data)
    Unbal_Cur                                0x200031d8   Data           4  main.o(.data)
    Samp_start_end_flag                      0x200031dc   Data           4  main.o(.data)
    Re_point_VA                              0x200031e0   Data           4  main.o(.data)
    T_LED_1s                                 0x200031e4   Data           4  main.o(.data)
    Re_UA_j                                  0x200031e8   Data           4  main.o(.data)
    Re_UB_j                                  0x200031ec   Data           4  main.o(.data)
    Re_UC_j                                  0x200031f0   Data           4  main.o(.data)
    Re_IA_j                                  0x200031f4   Data           4  main.o(.data)
    Re_IB_j                                  0x200031f8   Data           4  main.o(.data)
    Re_IC_j                                  0x200031fc   Data           4  main.o(.data)
    Phase_Differ_A_Two                       0x20003200   Data           4  main.o(.data)
    Phase_Differ_B_Two                       0x20003204   Data           4  main.o(.data)
    Phase_Differ_C_Two                       0x20003208   Data           4  main.o(.data)
    AD_tmp_pow                               0x2000320c   Data           4  main.o(.data)
    AD_tmp_A_V_min                           0x20003210   Data           4  main.o(.data)
    AD_tmp_B_V_min                           0x20003214   Data           4  main.o(.data)
    AD_tmp_C_V_min                           0x20003218   Data           4  main.o(.data)
    Min_A_V_128                              0x2000321c   Data           4  main.o(.data)
    AD_tmp_A_V_max                           0x20003220   Data           4  main.o(.data)
    I_A_Sum                                  0x20003224   Data           4  main.o(.data)
    I_B_Sum                                  0x20003228   Data           4  main.o(.data)
    I_C_Sum                                  0x2000322c   Data           4  main.o(.data)
    U_A_Sum                                  0x20003230   Data           4  main.o(.data)
    U_B_Sum                                  0x20003234   Data           4  main.o(.data)
    U_C_Sum                                  0x20003238   Data           4  main.o(.data)
    Fun_Power                                0x2000323c   Data           1  main.o(.data)
    Fun_Power_Flag                           0x2000323d   Data           1  main.o(.data)
    Fun_Power1                               0x2000323e   Data           1  main.o(.data)
    Fun_Power_Flag1                          0x2000323f   Data           1  main.o(.data)
    Fun_Power_test                           0x20003240   Data           1  main.o(.data)
    YiChang_A_Flag                           0x20003241   Data           1  main.o(.data)
    YiChang_B_Flag                           0x20003242   Data           1  main.o(.data)
    YiChang_C_Flag                           0x20003243   Data           1  main.o(.data)
    Phase_Differ_A_Two_Av                    0x20003244   Data           4  main.o(.data)
    Phase_Differ_B_Two_Av                    0x20003248   Data           4  main.o(.data)
    Phase_Differ_C_Two_Av                    0x2000324c   Data           4  main.o(.data)
    Urms_A                                   0x20003250   Data           4  main.o(.data)
    Urms_B                                   0x20003254   Data           4  main.o(.data)
    Urms_C                                   0x20003258   Data           4  main.o(.data)
    Error_A                                  0x2000325c   Data           4  main.o(.data)
    Error_B                                  0x20003260   Data           4  main.o(.data)
    Error_C                                  0x20003264   Data           4  main.o(.data)
    Irms_A                                   0x20003268   Data           4  main.o(.data)
    Irms_B                                   0x2000326c   Data           4  main.o(.data)
    Irms_C                                   0x20003270   Data           4  main.o(.data)
    Power_pool                               0x20003274   Data         644  main.o(.data)
    AD_tmp_I_PowerA                          0x200034f8   Data           8  main.o(.data)
    AD_tmp_I_PowerB                          0x20003500   Data           8  main.o(.data)
    AD_tmp_I_PowerC                          0x20003508   Data           8  main.o(.data)
    F_temTrip                                0x20003510   Data           1  main.o(.data)
    F_tem_hezha                              0x20003511   Data           1  main.o(.data)
    N_tem_hezha                              0x20003514   Data           4  main.o(.data)
    F_tem                                    0x20003518   Data           1  main.o(.data)
    Num_tem_protect                          0x20003519   Data           1  main.o(.data)
    TH_TEM_UP                                0x2000351a   Data           1  main.o(.data)
    TH_TEM_DOWN                              0x2000351b   Data           1  main.o(.data)
    TEM_UP                                   0x2000351c   Data           1  main.o(.data)
    TEM_DOWN                                 0x2000351d   Data           1  main.o(.data)
    TEM_UP_arry                              0x2000351e   Data           6  main.o(.data)
    TEM_DOWN_arry                            0x20003524   Data           5  main.o(.data)
    TEM_UP_show                              0x20003529   Data          24  main.o(.data)
    TEM_DOWN_show                            0x20003541   Data          20  main.o(.data)
    T_average_power                          0x20003558   Data           4  main.o(.data)
    sum_active_power                         0x2000355c   Data           4  main.o(.data)
    sum_reactive_power                       0x20003560   Data           4  main.o(.data)
    average_active_power                     0x20003564   Data           4  main.o(.data)
    average_reactive_power                   0x20003568   Data           4  main.o(.data)
    T_60times                                0x2000356c   Data           1  main.o(.data)
    Accumulate_energy_dangqian_active_he     0x20003570   Data           4  main.o(.data)
    Accumulate_energy_shangci_active_he      0x20003574   Data           4  main.o(.data)
    Accumulate_energy_dangqian_active_A      0x20003578   Data           4  main.o(.data)
    Accumulate_energy_shangci_active_A       0x2000357c   Data           4  main.o(.data)
    Accumulate_energy_dangqian_active_C      0x20003580   Data           4  main.o(.data)
    Accumulate_energy_shangci_active_C       0x20003584   Data           4  main.o(.data)
    Accumulate_energy_dangqian_reactive_he   0x20003588   Data           4  main.o(.data)
    Accumulate_energy_shangci_reactive_he    0x2000358c   Data           4  main.o(.data)
    LD_hezha                                 0x20003590   Data           1  main.o(.data)
    DY_hezha                                 0x20003591   Data           1  main.o(.data)
    DL_hezha                                 0x20003592   Data           1  main.o(.data)
    wendu                                    0x20003593   Data           1  main.o(.data)
    F_TX                                     0x20003594   Data           1  main.o(.data)
    LCD_Close                                0x20003595   Data           1  main.o(.data)
    LCD_Open                                 0x20003596   Data           1  main.o(.data)
    undervol_slope                           0x20003598   Data           4  main.o(.data)
    F_Harmonic_Content                       0x2000359c   Data           1  main.o(.data)
    Charge_sum                               0x200035a0   Data           4  main.o(.data)
    Energy_shangci                           0x200035a4   Data           4  main.o(.data)
    mins                                     0x200035a8   Data           4  main.o(.data)
    is_First                                 0x200035ac   Data           4  main.o(.data)
    quadrant                                 0x200035b0   Data           1  main.o(.data)
    sdatestructure                           0x200035b1   Data           4  main.o(.data)
    stimestructure                           0x200035b5   Data           3  main.o(.data)
    at                                       0x200035b8   Data           3  main.o(.data)
    TEM                                      0x200035bb   Data           1  main.o(.data)
    F_Sample                                 0x200035bc   Data           1  main.o(.data)
    F_sy_sucess                              0x200035bd   Data           1  main.o(.data)
    F_leak_disp                              0x200035be   Data           1  main.o(.data)
    F_2d_trip                                0x200035bf   Data           1  main.o(.data)
    F_3d_trip                                0x200035c0   Data           1  main.o(.data)
    F_record_write                           0x200035c1   Data           1  main.o(.data)
    Lcd_Count                                0x200035c4   Data           4  main.o(.data)
    kk                                       0x200035c8   Data           4  main.o(.data)
    kkk                                      0x200035cc   Data           4  main.o(.data)
    lll                                      0x200035d0   Data           4  main.o(.data)
    F_C                                      0x200035d4   Data           4  main.o(.data)
    F_shishi                                 0x200035d8   Data           1  main.o(.data)
    Point_i                                  0x200035dc   Data           4  main.o(.data)
    Point_j                                  0x200035e0   Data           4  main.o(.data)
    Point_k                                  0x200035e4   Data           4  main.o(.data)
    First_menu                               0x200035e8   Data           1  main.o(.data)
    lenth_piont                              0x200035e9   Data           1  main.o(.data)
    Cross_Zero_A                             0x200035ea   Data           2  main.o(.data)
    Cross_Zero_B                             0x200035ec   Data           2  main.o(.data)
    Cross_Zero_C                             0x200035ee   Data           2  main.o(.data)
    Samp_first_flag                          0x200035f0   Data           1  main.o(.data)
    fenzha_chenggong                         0x200035f1   Data           1  main.o(.data)
    L_adjust_slope                           0x200035f4   Data           4  main.o(.data)
    Ugain_A                                  0x200035f8   Data           4  main.o(.data)
    Ugain_B                                  0x200035fc   Data           4  main.o(.data)
    Ugain_C                                  0x20003600   Data           4  main.o(.data)
    Igain_A                                  0x20003604   Data           4  main.o(.data)
    Igain_B                                  0x20003608   Data           4  main.o(.data)
    Igain_C                                  0x2000360c   Data           4  main.o(.data)
    Pgain_AA                                 0x20003610   Data           4  main.o(.data)
    Pgain_BB                                 0x20003614   Data           4  main.o(.data)
    Pgain_CC                                 0x20003618   Data           4  main.o(.data)
    Uoffset_A                                0x2000361c   Data           4  main.o(.data)
    Uoffset_B                                0x20003620   Data           4  main.o(.data)
    Uoffset_C                                0x20003624   Data           4  main.o(.data)
    Ioffset_A                                0x20003628   Data           4  main.o(.data)
    Ioffset_B                                0x2000362c   Data           4  main.o(.data)
    Ioffset_C                                0x20003630   Data           4  main.o(.data)
    Ioffset_ABC                              0x20003634   Data           4  main.o(.data)
    Pgain_A                                  0x20003638   Data           4  main.o(.data)
    Pgain_B                                  0x2000363c   Data           4  main.o(.data)
    Pgain_C                                  0x20003640   Data           4  main.o(.data)
    LCD_start                                0x20003644   Data           1  main.o(.data)
    test_isfenzha                            0x20003645   Data           1  main.o(.data)
    hard_ver_code                            0x20003648   Data          32  usart.o(.data)
    soft_ver_code                            0x20003668   Data          32  usart.o(.data)
    UART_N1                                  0x20003688   Data           4  usart.o(.data)
    UART_N2                                  0x2000368c   Data           4  usart.o(.data)
    F_re_sta                                 0x20003690   Data           1  usart.o(.data)
    F_re_sta1                                0x20003691   Data           1  usart.o(.data)
    Addr_len                                 0x20003692   Data           1  usart.o(.data)
    Addr_len1                                0x20003693   Data           1  usart.o(.data)
    F_guangbo                                0x20003694   Data           1  usart.o(.data)
    F_benji                                  0x20003695   Data           1  usart.o(.data)
    F_addr                                   0x20003696   Data           1  usart.o(.data)
    TH_tem                                   0x20003697   Data           1  usart.o(.data)
    DI0                                      0x20003698   Data           1  usart.o(.data)
    DI1                                      0x20003699   Data           1  usart.o(.data)
    DI2                                      0x2000369a   Data           1  usart.o(.data)
    DI3                                      0x2000369b   Data           1  usart.o(.data)
    ctrl_code                                0x2000369c   Data           1  usart.o(.data)
    cs_data1                                 0x2000369d   Data           1  usart.o(.data)
    ctrl_code1                               0x2000369e   Data           1  usart.o(.data)
    data_len_temp                            0x2000369f   Data           1  usart.o(.data)
    cs_data                                  0x200036a0   Data           1  usart.o(.data)
    guozhitao                                0x200036a1   Data           1  usart.o(.data)
    Addr_array                               0x200036a2   Data           6  usart.o(.data)
    Addr_array1                              0x200036a8   Data           6  usart.o(.data)
    data_len                                 0x200036ae   Data           1  usart.o(.data)
    data_len1                                0x200036af   Data           1  usart.o(.data)
    data_len_temp1                           0x200036b0   Data           1  usart.o(.data)
    Vol_uart_q                               0x200036b4   Data           4  usart.o(.data)
    Vol_uart_g                               0x200036b8   Data           4  usart.o(.data)
    UART_Cur_Value                           0x200036bc   Data           4  usart.o(.data)
    rated_cur                                0x200036c0   Data           4  usart.o(.data)
    TXJZ_start                               0x200036c4   Data           1  usart.o(.data)
    TXJZ_SJ                                  0x200036c5   Data           1  usart.o(.data)
    TXJZ_LD                                  0x200036c6   Data           1  usart.o(.data)
    TXJZ_DL_A                                0x200036c7   Data           1  usart.o(.data)
    TXJZ_DL_B                                0x200036c8   Data           1  usart.o(.data)
    TXJZ_DL_C                                0x200036c9   Data           1  usart.o(.data)
    TXJZ_DY_A                                0x200036ca   Data           1  usart.o(.data)
    TXJZ_DY_B                                0x200036cb   Data           1  usart.o(.data)
    TXJZ_DY_C                                0x200036cc   Data           1  usart.o(.data)
    crc_temp                                 0x200036cd   Data           1  usart.o(.data)
    RS485_RX_CNT                             0x200036ce   Data           1  usart.o(.data)
    TableFFT                                 0x200036d0   Data        4080  dsp_fft.o(.data)
    NPT                                      0x200046c0   Data           4  dsp_fft.o(.data)
    lBUFIN                                   0x200046c4   Data        1024  dsp_fft.o(.data)
    Content_Hwave_Gain                       0x20004ac4   Data         128  dsp_fft.o(.data)
    uwTick                                   0x20004b44   Data           4  stm32f1xx_hal.o(.data)
    uwTickPrio                               0x20004b48   Data           4  stm32f1xx_hal.o(.data)
    uwTickFreq                               0x20004b4c   Data           1  stm32f1xx_hal.o(.data)
    SystemCoreClock                          0x20004b50   Data           4  system_stm32f1xx.o(.data)
    __microlib_freelist                      0x20004b54   Data           4  mvars.o(.data)
    __microlib_freelist_initialised          0x20004b58   Data           4  mvars.o(.data)
    nor_disp_num_buf                         0x20004b60   Data          80  disp.o(.bss)
    record_array                             0x20004bb0   Data          12  disp.o(.bss)
    array_temps                              0x20004bbc   Data          30  disp.o(.bss)
    send_array_temp                          0x20004bda   Data          12  lcd_usart.o(.bss)
    LCD_Receive                              0x20004be6   Data         100  lcd_usart.o(.bss)
    LCD_Receive_last                         0x20004c4a   Data         400  lcd_usart.o(.bss)
    Send                                     0x20004dda   Data         400  lcd_usart.o(.bss)
    Lcd_uart_rx                              0x20004f6a   Data          50  lcd_usart.o(.bss)
    array_tmp_global                         0x20004f9c   Data         100  lcd_usart.o(.bss)
    V1_slope                                 0x20005000   Data          12  main.o(.bss)
    EEPROM_array_tmp                         0x2000500c   Data         150  main.o(.bss)
    V_Array                                  0x200050a4   Data          12  main.o(.bss)
    V_Array_record                           0x200050b0   Data          12  main.o(.bss)
    V_sample                                 0x200050bc   Data          12  main.o(.bss)
    V_Array_disp                             0x200050c8   Data          12  main.o(.bss)
    N_I2                                     0x200050d4   Data          16  main.o(.bss)
    N_I22                                    0x200050e4   Data          16  main.o(.bss)
    V_temp                                   0x200050f4   Data          12  main.o(.bss)
    V_temp_tmp                               0x20005100   Data          12  main.o(.bss)
    I2_Array_Sum                             0x2000510c   Data          16  main.o(.bss)
    I_I_Array_xianshi                        0x2000511c   Data          80  main.o(.bss)
    CurA_cal_tmp                             0x2000516c   Data          20  main.o(.bss)
    CurB_cal_tmp                             0x20005180   Data          20  main.o(.bss)
    CurC_cal_tmp                             0x20005194   Data          20  main.o(.bss)
    CurA400_cal_tmp                          0x200051a8   Data          20  main.o(.bss)
    CurB400_cal_tmp                          0x200051bc   Data          20  main.o(.bss)
    CurC400_cal_tmp                          0x200051d0   Data          20  main.o(.bss)
    CurA630_cal_tmp                          0x200051e4   Data          20  main.o(.bss)
    CurB630_cal_tmp                          0x200051f8   Data          20  main.o(.bss)
    CurC630_cal_tmp                          0x2000520c   Data          20  main.o(.bss)
    CurA800_cal_tmp                          0x20005220   Data          20  main.o(.bss)
    CurB800_cal_tmp                          0x20005234   Data          20  main.o(.bss)
    CurC800_cal_tmp                          0x20005248   Data          20  main.o(.bss)
    I_Array                                  0x2000525c   Data          80  main.o(.bss)
    I_Array_xianshi                          0x200052ac   Data          80  main.o(.bss)
    I_Array_action                           0x200052fc   Data          12  main.o(.bss)
    U_Array_xianshi                          0x20005308   Data          12  main.o(.bss)
    I2_Array                                 0x20005314   Data          16  main.o(.bss)
    UART_T_Buf                               0x20005324   Data          60  main.o(.bss)
    UART_S_Buf                               0x20005360   Data          60  main.o(.bss)
    tmp_uart_rx                              0x2000539c   Data         100  main.o(.bss)
    tmp_uart_rx_1                            0x20005400   Data         100  main.o(.bss)
    I_A_Array                                0x20005464   Data          12  main.o(.bss)
    Cur_A_temp                               0x20005470   Data          28  main.o(.bss)
    Cur_B_temp                               0x2000548c   Data          28  main.o(.bss)
    Cur_C_temp                               0x200054a8   Data          28  main.o(.bss)
    Leak_temp                                0x200054c4   Data          12  main.o(.bss)
    Vol_A_temp                               0x200054d0   Data          12  main.o(.bss)
    Vol_B_temp                               0x200054dc   Data          12  main.o(.bss)
    Vol_C_temp                               0x200054e8   Data          12  main.o(.bss)
    I_A_slope                                0x200054f4   Data          10  main.o(.bss)
    I_B_slope                                0x200054fe   Data          10  main.o(.bss)
    I_C_slope                                0x20005508   Data          10  main.o(.bss)
    Cur_A_disp                               0x20005512   Data          10  main.o(.bss)
    Cur_B_disp                               0x2000551c   Data          10  main.o(.bss)
    Cur_C_disp                               0x20005526   Data          10  main.o(.bss)
    DLS_Cur_IV_AD_value                      0x20005530   Data          20  main.o(.bss)
    DLS_Cur_IV_slope                         0x20005544   Data          20  main.o(.bss)
    DLS_Cur_IV_Value                         0x20005558   Data          20  main.o(.bss)
    DLS_Cur_I_AD_value                       0x2000556c   Data          20  main.o(.bss)
    DLS_Cur_I_slope                          0x20005580   Data          20  main.o(.bss)
    DLS_Cur_I_Value                          0x20005594   Data          20  main.o(.bss)
    DLS_Cur_II_AD_value                      0x200055a8   Data          20  main.o(.bss)
    DLS_Cur_II_slope                         0x200055bc   Data          20  main.o(.bss)
    DLS_Cur_II_Value                         0x200055d0   Data          20  main.o(.bss)
    DLS_Cur_III_AD_value                     0x200055e4   Data          20  main.o(.bss)
    DLS_Cur_III_slope                        0x200055f8   Data          20  main.o(.bss)
    DLS_Cur_III_Value                        0x2000560c   Data          20  main.o(.bss)
    Power_factor                             0x20005620   Data          12  main.o(.bss)
    Active_Pow                               0x2000562c   Data          12  main.o(.bss)
    Total_power                              0x20005638   Data          12  main.o(.bss)
    V_MAX                                    0x20005644   Data          12  main.o(.bss)
    V_MAX_tmp                                0x20005650   Data          12  main.o(.bss)
    I_Array_record                           0x2000565c   Data          16  main.o(.bss)
    I_MAX                                    0x2000566c   Data          16  main.o(.bss)
    I_MAX_tmp                                0x2000567c   Data          16  main.o(.bss)
    Leak_Over_array                          0x2000568c   Data          20  main.o(.bss)
    C_AD_result                              0x200056a0   Data          12  main.o(.bss)
    ADC_ConvertedValue                       0x200056ac   Data          32  main.o(.bss)
    ADC_ConvertedValue1                      0x200056cc   Data          12  main.o(.bss)
    fuhao                                    0x200056d8   Data          12  main.o(.bss)
    HT7038_buf                               0x200056e4   Data         400  main.o(.bss)
    ATT                                      0x20005874   Data        8192  main.o(.bss)
    ATT_UA                                   0x20007874   Data        1024  main.o(.bss)
    ATT_UB                                   0x20007c74   Data        1024  main.o(.bss)
    ATT_UC                                   0x20008074   Data        1024  main.o(.bss)
    ATT_IA                                   0x20008474   Data        1024  main.o(.bss)
    ATT_IB                                   0x20008874   Data        1024  main.o(.bss)
    ATT_IC                                   0x20008c74   Data        1024  main.o(.bss)
    Re_dot_U                                 0x20009074   Data          12  main.o(.bss)
    Re_dot_I                                 0x20009080   Data          12  main.o(.bss)
    Re_Zhou_bo_UA                            0x2000908c   Data         256  main.o(.bss)
    Re_Zhou_bo_UB                            0x2000918c   Data         256  main.o(.bss)
    Re_Zhou_bo_UC                            0x2000928c   Data         256  main.o(.bss)
    Re_Zhou_bo_IA                            0x2000938c   Data         256  main.o(.bss)
    Re_Zhou_bo_IB                            0x2000948c   Data         256  main.o(.bss)
    Re_Zhou_bo_IC                            0x2000958c   Data         256  main.o(.bss)
    Zhou_bo_UA                               0x2000968c   Data         280  main.o(.bss)
    Zhou_bo_UB                               0x200097a4   Data         280  main.o(.bss)
    Zhou_bo_UC                               0x200098bc   Data         280  main.o(.bss)
    Zhou_bo_IA                               0x200099d4   Data         280  main.o(.bss)
    Zhou_bo_IB                               0x20009aec   Data         280  main.o(.bss)
    Zhou_bo_IC                               0x20009c04   Data         280  main.o(.bss)
    Zhou_bo_Ins_UA                           0x20009d1c   Data         256  main.o(.bss)
    Zhou_bo_Ins_UB                           0x20009e1c   Data         256  main.o(.bss)
    Zhou_bo_Ins_UC                           0x20009f1c   Data         256  main.o(.bss)
    Zhou_bo_De_IA                            0x2000a01c   Data         256  main.o(.bss)
    Zhou_bo_De_IB                            0x2000a11c   Data         256  main.o(.bss)
    Zhou_bo_De_IC                            0x2000a21c   Data         256  main.o(.bss)
    Phase_Differ                             0x2000a31c   Data          12  main.o(.bss)
    Cross_Zero                               0x2000a328   Data          12  main.o(.bss)
    Phase_Differ1                            0x2000a334   Data          12  main.o(.bss)
    Phase_Differ_A                           0x2000a340   Data          64  main.o(.bss)
    Phase_Differ_B                           0x2000a380   Data          64  main.o(.bss)
    Phase_Differ_C                           0x2000a3c0   Data          64  main.o(.bss)
    Zhou_bo_De_UA                            0x2000a400   Data         256  main.o(.bss)
    Zhou_bo_De_UB                            0x2000a500   Data         256  main.o(.bss)
    Zhou_bo_De_UC                            0x2000a600   Data         256  main.o(.bss)
    Zhou_bo_Ins_IA                           0x2000a700   Data         256  main.o(.bss)
    Zhou_bo_Ins_IB                           0x2000a800   Data         256  main.o(.bss)
    Zhou_bo_Ins_IC                           0x2000a900   Data         256  main.o(.bss)
    Zhou_bojilu                              0x2000aa00   Data        2400  main.o(.bss)
    UI_AD_multi                              0x2000b360   Data          12  main.o(.bss)
    Phase_Differ_buffer                      0x2000b36c   Data          12  main.o(.bss)
    Power_factor_test                        0x2000b378   Data          12  main.o(.bss)
    Power_factor_test_Ave                    0x2000b384   Data          12  main.o(.bss)
    Power_factor_testA                       0x2000b390   Data          16  main.o(.bss)
    Power_factor_testB                       0x2000b3a0   Data          16  main.o(.bss)
    Power_factor_testC                       0x2000b3b0   Data          16  main.o(.bss)
    AD_tmp_Power                             0x2000b3c0   Data          12  main.o(.bss)
    Zhou_bojilu_V                            0x2000b3cc   Data        2560  main.o(.bss)
    Zhou_bojilu_A                            0x2000bdcc   Data        2560  main.o(.bss)
    Phase_Differ_average                     0x2000c7cc   Data          12  main.o(.bss)
    QPhase_Differ_average                    0x2000c7d8   Data          12  main.o(.bss)
    Phase_Differ_buffer1                     0x2000c7e4   Data          12  main.o(.bss)
    Phase_Differ_A_one                       0x2000c7f0   Data          64  main.o(.bss)
    Phase_Differ_B_one                       0x2000c830   Data          64  main.o(.bss)
    Phase_Differ_C_one                       0x2000c870   Data          64  main.o(.bss)
    AD_tmp_V_Power                           0x2000c8b0   Data          12  main.o(.bss)
    AD_tmp_I_Power                           0x2000c8bc   Data          12  main.o(.bss)
    AD_tmp_V_Power_Zero                      0x2000c8c8   Data          12  main.o(.bss)
    AD_tmp_I_Power_Zero                      0x2000c8d4   Data          12  main.o(.bss)
    E                                        0x2000c8e0   Data          64  main.o(.bss)
    E_Reactive                               0x2000c920   Data          64  main.o(.bss)
    E_Apparent                               0x2000c960   Data          64  main.o(.bss)
    buff_tap                                 0x2000c9a0   Data          15  main.o(.bss)
    test_shuju                               0x2000c9af   Data          15  main.o(.bss)
    cnt_array4                               0x2000c9c0   Data         512  main.o(.bss)
    cnt_array5                               0x2000cbc0   Data         256  main.o(.bss)
    cnt_array6                               0x2000ccc0   Data         256  main.o(.bss)
    Tem_Array_AD                             0x2000cdc0   Data          32  main.o(.bss)
    Tem_value                                0x2000cde0   Data          32  main.o(.bss)
    hadc1                                    0x2000ce00   Data          48  adc.o(.bss)
    hdma_adc1                                0x2000ce30   Data          68  adc.o(.bss)
    hrtc                                     0x2000ce74   Data          20  rtc.o(.bss)
    htim6                                    0x2000ce88   Data          72  tim.o(.bss)
    T_value                                  0x2000ced0   Data          13  usart.o(.bss)
    data_array                               0x2000cedd   Data          70  usart.o(.bss)
    Lcd_data_array                           0x2000cf23   Data         400  usart.o(.bss)
    data_array1                              0x2000d0b3   Data          70  usart.o(.bss)
    RS485_RX_BUF                             0x2000d0f9   Data          64  usart.o(.bss)
    huart4                                   0x2000d13c   Data          72  usart.o(.bss)
    huart1                                   0x2000d184   Data          72  usart.o(.bss)
    huart3                                   0x2000d1cc   Data          72  usart.o(.bss)
    THD                                      0x2000d214   Data          24  dsp_fft.o(.bss)
    lBUFOUT                                  0x2000d22c   Data        1024  dsp_fft.o(.bss)
    lBUFMAG                                  0x2000d62c   Data        1024  dsp_fft.o(.bss)
    Content_Hwave                            0x2000da2c   Data         128  dsp_fft.o(.bss)
    __heap_base                              0x2000dab0   Data           0  startup_stm32f103xe.o(HEAP)
    __heap_limit                             0x2000dcb0   Data           0  startup_stm32f103xe.o(HEAP)
    __initial_sp                             0x2000e0b0   Data           0  startup_stm32f103xe.o(STACK)



==============================================================================

Memory Map of the image

  Image Entry point : 0x08000131

  Load Region LR_IROM1 (Base: 0x08000000, Size: 0x0002000c, Max: 0x00040000, ABSOLUTE, COMPRESSED[0x0001e1b8])

    Execution Region ER_IROM1 (Exec base: 0x08000000, Load base: 0x08000000, Size: 0x0001b4ac, Max: 0x00040000, ABSOLUTE)

    Exec Addr    Load Addr    Size         Type   Attr      Idx    E Section Name        Object

    0x08000000   0x08000000   0x00000130   Data   RO            3    RESET               startup_stm32f103xe.o
    0x08000130   0x08000130   0x00000000   Code   RO         7047  * .ARM.Collect$$$$00000000  mc_w.l(entry.o)
    0x08000130   0x08000130   0x00000004   Code   RO         7120    .ARM.Collect$$$$00000001  mc_w.l(entry2.o)
    0x08000134   0x08000134   0x00000004   Code   RO         7123    .ARM.Collect$$$$00000004  mc_w.l(entry5.o)
    0x08000138   0x08000138   0x00000000   Code   RO         7125    .ARM.Collect$$$$00000008  mc_w.l(entry7b.o)
    0x08000138   0x08000138   0x00000000   Code   RO         7127    .ARM.Collect$$$$0000000A  mc_w.l(entry8b.o)
    0x08000138   0x08000138   0x00000008   Code   RO         7128    .ARM.Collect$$$$0000000B  mc_w.l(entry9a.o)
    0x08000140   0x08000140   0x00000004   Code   RO         7135    .ARM.Collect$$$$0000000E  mc_w.l(entry12b.o)
    0x08000144   0x08000144   0x00000000   Code   RO         7130    .ARM.Collect$$$$0000000F  mc_w.l(entry10a.o)
    0x08000144   0x08000144   0x00000000   Code   RO         7132    .ARM.Collect$$$$00000011  mc_w.l(entry11a.o)
    0x08000144   0x08000144   0x00000004   Code   RO         7121    .ARM.Collect$$$$00002712  mc_w.l(entry2.o)
    0x08000148   0x08000148   0x00000024   Code   RO            4    .text               startup_stm32f103xe.o
    0x0800016c   0x0800016c   0x000005de   Code   RO         7033    .text               cr4_fft_256_stm32.o
    0x0800074a   0x0800074a   0x00000020   Code   RO         7050    .text               mc_w.l(llushr.o)
    0x0800076a   0x0800076a   0x00000024   Code   RO         7052    .text               mc_w.l(memcpya.o)
    0x0800078e   0x0800078e   0x00000024   Code   RO         7054    .text               mc_w.l(memseta.o)
    0x080007b2   0x080007b2   0x000000b0   Code   RO         7086    .text               mf_w.l(fadd.o)
    0x08000862   0x08000862   0x00000064   Code   RO         7088    .text               mf_w.l(fmul.o)
    0x080008c6   0x080008c6   0x0000007c   Code   RO         7090    .text               mf_w.l(fdiv.o)
    0x08000942   0x08000942   0x0000014e   Code   RO         7092    .text               mf_w.l(dadd.o)
    0x08000a90   0x08000a90   0x000000e4   Code   RO         7094    .text               mf_w.l(dmul.o)
    0x08000b74   0x08000b74   0x000000de   Code   RO         7096    .text               mf_w.l(ddiv.o)
    0x08000c52   0x08000c52   0x00000012   Code   RO         7098    .text               mf_w.l(fflti.o)
    0x08000c64   0x08000c64   0x0000000a   Code   RO         7100    .text               mf_w.l(ffltui.o)
    0x08000c6e   0x08000c6e   0x00000022   Code   RO         7102    .text               mf_w.l(dflti.o)
    0x08000c90   0x08000c90   0x0000001a   Code   RO         7104    .text               mf_w.l(dfltui.o)
    0x08000caa   0x08000caa   0x00000032   Code   RO         7106    .text               mf_w.l(ffixi.o)
    0x08000cdc   0x08000cdc   0x00000028   Code   RO         7108    .text               mf_w.l(ffixui.o)
    0x08000d04   0x08000d04   0x0000003e   Code   RO         7110    .text               mf_w.l(dfixi.o)
    0x08000d42   0x08000d42   0x00000032   Code   RO         7112    .text               mf_w.l(dfixui.o)
    0x08000d74   0x08000d74   0x00000026   Code   RO         7114    .text               mf_w.l(f2d.o)
    0x08000d9a   0x08000d9a   0x00000038   Code   RO         7116    .text               mf_w.l(d2f.o)
    0x08000dd2   0x08000dd2   0x00000002   PAD
    0x08000dd4   0x08000dd4   0x00000014   Code   RO         7118    .text               mf_w.l(cfrcmple.o)
    0x08000de8   0x08000de8   0x0000001e   Code   RO         7136    .text               mc_w.l(llshl.o)
    0x08000e06   0x08000e06   0x00000024   Code   RO         7138    .text               mc_w.l(llsshr.o)
    0x08000e2a   0x08000e2a   0x00000000   Code   RO         7149    .text               mc_w.l(iusefp.o)
    0x08000e2a   0x08000e2a   0x0000006e   Code   RO         7150    .text               mf_w.l(fepilogue.o)
    0x08000e98   0x08000e98   0x000000ba   Code   RO         7152    .text               mf_w.l(depilogue.o)
    0x08000f52   0x08000f52   0x000000a2   Code   RO         7154    .text               mf_w.l(dsqrt.o)
    0x08000ff4   0x08000ff4   0x00000024   Code   RO         7158    .text               mc_w.l(init.o)
    0x08001018   0x08001018   0x0000005e   Code   RO         7168    .text               mc_w.l(__dclz77c.o)
    0x08001076   0x08001076   0x0000005c   Code   RO         4081    i.ADC_ConversionStop_Disable  stm32f1xx_hal_adc.o
    0x080010d2   0x080010d2   0x00000052   Code   RO         4082    i.ADC_DMAConvCplt   stm32f1xx_hal_adc.o
    0x08001124   0x08001124   0x0000001e   Code   RO         4083    i.ADC_DMAError      stm32f1xx_hal_adc.o
    0x08001142   0x08001142   0x0000000e   Code   RO         4084    i.ADC_DMAHalfConvCplt  stm32f1xx_hal_adc.o
    0x08001150   0x08001150   0x00000090   Code   RO         4085    i.ADC_Enable        stm32f1xx_hal_adc.o
    0x080011e0   0x080011e0   0x00000076   Code   RO           13    i.AT24CXX_ReadLongByte  24cxx.o
    0x08001256   0x08001256   0x0000005c   Code   RO           14    i.AT24CXX_ReadOneByte  24cxx.o
    0x080012b2   0x080012b2   0x00000052   Code   RO           15    i.AT24CXX_WriteOneByte  24cxx.o
    0x08001304   0x08001304   0x00000142   Code   RO         1769    i.BCDtoDec          tool.o
    0x08001446   0x08001446   0x00000002   PAD
    0x08001448   0x08001448   0x0000007c   Code   RO         3068    i.Broadcasting_time  usart.o
    0x080014c4   0x080014c4   0x00000004   Code   RO         3768    i.BusFault_Handler  stm32f1xx_it.o
    0x080014c8   0x080014c8   0x00000026   Code   RO         1770    i.ChartoHex         tool.o
    0x080014ee   0x080014ee   0x00000002   PAD
    0x080014f0   0x080014f0   0x0000003c   Code   RO          739    i.Clear_Send_Data   lcd_usart.o
    0x0800152c   0x0800152c   0x0000055c   Code   RO         1898    i.Conter_Updata     main.o
    0x08001a88   0x08001a88   0x0000023c   Code   RO         1899    i.Cur_Process       main.o
    0x08001cc4   0x08001cc4   0x00000db4   Code   RO         1900    i.Cur_Switch        main.o
    0x08002a78   0x08002a78   0x00000088   Code   RO         1901    i.Cur_Switch_F      main.o
    0x08002b00   0x08002b00   0x000000ec   Code   RO         1902    i.Cur_quick_protect  main.o
    0x08002bec   0x08002bec   0x00000148   Code   RO         1903    i.Cur_sample_process  main.o
    0x08002d34   0x08002d34   0x000001bc   Code   RO         3069    i.Cur_uart_change   usart.o
    0x08002ef0   0x08002ef0   0x000000dc   Code   RO         3070    i.Cur_uart_get      usart.o
    0x08002fcc   0x08002fcc   0x00000918   Code   RO         1904    i.CurrentDataReadFun  main.o
    0x080038e4   0x080038e4   0x0000023c   Code   RO         1905    i.D3_A_BH_Process   main.o
    0x08003b20   0x08003b20   0x000000f0   Code   RO         1906    i.D3_A_Quick_Process  main.o
    0x08003c10   0x08003c10   0x0000023c   Code   RO         1907    i.D3_B_BH_Process   main.o
    0x08003e4c   0x08003e4c   0x000000f0   Code   RO         1908    i.D3_B_Quick_Process  main.o
    0x08003f3c   0x08003f3c   0x00000234   Code   RO         1909    i.D3_C_BH_Process   main.o
    0x08004170   0x08004170   0x000000f0   Code   RO         1910    i.D3_C_Quick_Process  main.o
    0x08004260   0x08004260   0x00000010   Code   RO         3769    i.DMA1_Channel1_IRQHandler  stm32f1xx_it.o
    0x08004270   0x08004270   0x0000002c   Code   RO         4742    i.DMA_SetConfig     stm32f1xx_hal_dma.o
    0x0800429c   0x0800429c   0x000001e4   Code   RO         1912    i.DW_3D_E2_read     main.o
    0x08004480   0x08004480   0x000000b0   Code   RO         1913    i.Day_factors_clear  main.o
    0x08004530   0x08004530   0x000000b4   Code   RO         1914    i.Day_updata_process  main.o
    0x080045e4   0x080045e4   0x00000002   Code   RO         3770    i.DebugMon_Handler  stm32f1xx_it.o
    0x080045e6   0x080045e6   0x00000002   PAD
    0x080045e8   0x080045e8   0x0000018c   Code   RO         1771    i.DectoBCD          tool.o
    0x08004774   0x08004774   0x00000060   Code   RO           16    i.EEPROM_C          24cxx.o
    0x080047d4   0x080047d4   0x0000003c   Code   RO           17    i.EEPROM_R          24cxx.o
    0x08004810   0x08004810   0x0000007c   Code   RO         3071    i.ERR_data_sent     usart.o
    0x0800488c   0x0800488c   0x00000158   Code   RO         3072    i.Energy_reset      usart.o
    0x080049e4   0x080049e4   0x00000006   Code   RO         1916    i.Error_Handler     main.o
    0x080049ea   0x080049ea   0x00000002   PAD
    0x080049ec   0x080049ec   0x000004d4   Code   RO         3073    i.Event_clear       usart.o
    0x08004ec0   0x08004ec0   0x00000430   Code   RO         1917    i.Flag_Updata       main.o
    0x080052f0   0x080052f0   0x00000028   Code   RO         1918    i.Get_A_C           main.o
    0x08005318   0x08005318   0x00000028   Code   RO         1919    i.Get_B_C           main.o
    0x08005340   0x08005340   0x00000028   Code   RO         1920    i.Get_C_C           main.o
    0x08005368   0x08005368   0x00000028   Code   RO         1921    i.Get_L             main.o
    0x08005390   0x08005390   0x0000005c   Code   RO          222    i.Get_record        disp.o
    0x080053ec   0x080053ec   0x0000011c   Code   RO         4261    i.HAL_ADCEx_Calibration_Start  stm32f1xx_hal_adc_ex.o
    0x08005508   0x08005508   0x00000160   Code   RO         4087    i.HAL_ADC_ConfigChannel  stm32f1xx_hal_adc.o
    0x08005668   0x08005668   0x00000002   Code   RO         4088    i.HAL_ADC_ConvCpltCallback  stm32f1xx_hal_adc.o
    0x0800566a   0x0800566a   0x00000002   Code   RO         4089    i.HAL_ADC_ConvHalfCpltCallback  stm32f1xx_hal_adc.o
    0x0800566c   0x0800566c   0x00000002   Code   RO         4091    i.HAL_ADC_ErrorCallback  stm32f1xx_hal_adc.o
    0x0800566e   0x0800566e   0x00000002   PAD
    0x08005670   0x08005670   0x00000160   Code   RO         4096    i.HAL_ADC_Init      stm32f1xx_hal_adc.o
    0x080057d0   0x080057d0   0x00000108   Code   RO         2930    i.HAL_ADC_MspInit   adc.o
    0x080058d8   0x080058d8   0x00000180   Code   RO         4103    i.HAL_ADC_Start_DMA  stm32f1xx_hal_adc.o
    0x08005a58   0x08005a58   0x00000056   Code   RO         4743    i.HAL_DMA_Abort     stm32f1xx_hal_dma.o
    0x08005aae   0x08005aae   0x00000002   PAD
    0x08005ab0   0x08005ab0   0x000001a8   Code   RO         4744    i.HAL_DMA_Abort_IT  stm32f1xx_hal_dma.o
    0x08005c58   0x08005c58   0x00000398   Code   RO         4748    i.HAL_DMA_IRQHandler  stm32f1xx_hal_dma.o
    0x08005ff0   0x08005ff0   0x0000008c   Code   RO         4749    i.HAL_DMA_Init      stm32f1xx_hal_dma.o
    0x0800607c   0x0800607c   0x0000009c   Code   RO         4753    i.HAL_DMA_Start_IT  stm32f1xx_hal_dma.o
    0x08006118   0x08006118   0x00000340   Code   RO         4679    i.HAL_GPIO_Init     stm32f1xx_hal_gpio.o
    0x08006458   0x08006458   0x00000010   Code   RO         4681    i.HAL_GPIO_ReadPin  stm32f1xx_hal_gpio.o
    0x08006468   0x08006468   0x00000014   Code   RO         4682    i.HAL_GPIO_TogglePin  stm32f1xx_hal_gpio.o
    0x0800647c   0x0800647c   0x0000000c   Code   RO         4683    i.HAL_GPIO_WritePin  stm32f1xx_hal_gpio.o
    0x08006488   0x08006488   0x0000000c   Code   RO         4368    i.HAL_GetTick       stm32f1xx_hal.o
    0x08006494   0x08006494   0x00000018   Code   RO         4374    i.HAL_IncTick       stm32f1xx_hal.o
    0x080064ac   0x080064ac   0x00000028   Code   RO         4375    i.HAL_Init          stm32f1xx_hal.o
    0x080064d4   0x080064d4   0x0000004c   Code   RO         4376    i.HAL_InitTick      stm32f1xx_hal.o
    0x08006520   0x08006520   0x00000054   Code   RO         3880    i.HAL_MspInit       stm32f1xx_hal_msp.o
    0x08006574   0x08006574   0x00000020   Code   RO         4839    i.HAL_NVIC_EnableIRQ  stm32f1xx_hal_cortex.o
    0x08006594   0x08006594   0x0000007c   Code   RO         4845    i.HAL_NVIC_SetPriority  stm32f1xx_hal_cortex.o
    0x08006610   0x08006610   0x00000028   Code   RO         4846    i.HAL_NVIC_SetPriorityGrouping  stm32f1xx_hal_cortex.o
    0x08006638   0x08006638   0x0000000c   Code   RO         4966    i.HAL_PWR_EnableBkUpAccess  stm32f1xx_hal_pwr.o
    0x08006644   0x08006644   0x00000118   Code   RO         4640    i.HAL_RCCEx_GetPeriphCLKFreq  stm32f1xx_hal_rcc_ex.o
    0x0800675c   0x0800675c   0x00000130   Code   RO         4641    i.HAL_RCCEx_PeriphCLKConfig  stm32f1xx_hal_rcc_ex.o
    0x0800688c   0x0800688c   0x0000018c   Code   RO         4532    i.HAL_RCC_ClockConfig  stm32f1xx_hal_rcc.o
    0x08006a18   0x08006a18   0x0000000c   Code   RO         4537    i.HAL_RCC_GetHCLKFreq  stm32f1xx_hal_rcc.o
    0x08006a24   0x08006a24   0x00000020   Code   RO         4539    i.HAL_RCC_GetPCLK1Freq  stm32f1xx_hal_rcc.o
    0x08006a44   0x08006a44   0x00000020   Code   RO         4540    i.HAL_RCC_GetPCLK2Freq  stm32f1xx_hal_rcc.o
    0x08006a64   0x08006a64   0x00000070   Code   RO         4541    i.HAL_RCC_GetSysClockFreq  stm32f1xx_hal_rcc.o
    0x08006ad4   0x08006ad4   0x00000464   Code   RO         4544    i.HAL_RCC_OscConfig  stm32f1xx_hal_rcc.o
    0x08006f38   0x08006f38   0x00000002   Code   RO         5545    i.HAL_RTCEx_RTCEventCallback  stm32f1xx_hal_rtc_ex.o
    0x08006f3a   0x08006f3a   0x00000002   Code   RO         5546    i.HAL_RTCEx_RTCEventErrorCallback  stm32f1xx_hal_rtc_ex.o
    0x08006f3c   0x08006f3c   0x0000004e   Code   RO         5547    i.HAL_RTCEx_RTCIRQHandler  stm32f1xx_hal_rtc_ex.o
    0x08006f8a   0x08006f8a   0x00000052   Code   RO         5370    i.HAL_RTC_GetDate   stm32f1xx_hal_rtc.o
    0x08006fdc   0x08006fdc   0x00000104   Code   RO         5372    i.HAL_RTC_GetTime   stm32f1xx_hal_rtc.o
    0x080070e0   0x080070e0   0x000000c0   Code   RO         5373    i.HAL_RTC_Init      stm32f1xx_hal_rtc.o
    0x080071a0   0x080071a0   0x00000040   Code   RO         2972    i.HAL_RTC_MspInit   rtc.o
    0x080071e0   0x080071e0   0x000000f8   Code   RO         5379    i.HAL_RTC_SetDate   stm32f1xx_hal_rtc.o
    0x080072d8   0x080072d8   0x000000dc   Code   RO         5380    i.HAL_RTC_SetTime   stm32f1xx_hal_rtc.o
    0x080073b4   0x080073b4   0x00000040   Code   RO         5381    i.HAL_RTC_WaitForSynchro  stm32f1xx_hal_rtc.o
    0x080073f4   0x080073f4   0x00000028   Code   RO         4848    i.HAL_SYSTICK_CLKSourceConfig  stm32f1xx_hal_cortex.o
    0x0800741c   0x0800741c   0x00000034   Code   RO         4850    i.HAL_SYSTICK_Config  stm32f1xx_hal_cortex.o
    0x08007450   0x08007450   0x00000002   Code   RO         6359    i.HAL_TIMEx_BreakCallback  stm32f1xx_hal_tim_ex.o
    0x08007452   0x08007452   0x00000002   Code   RO         6360    i.HAL_TIMEx_CommutCallback  stm32f1xx_hal_tim_ex.o
    0x08007454   0x08007454   0x0000009c   Code   RO         6378    i.HAL_TIMEx_MasterConfigSynchronization  stm32f1xx_hal_tim_ex.o
    0x080074f0   0x080074f0   0x00000066   Code   RO         5644    i.HAL_TIM_Base_Init  stm32f1xx_hal_tim.o
    0x08007556   0x08007556   0x00000002   PAD
    0x08007558   0x08007558   0x00000044   Code   RO         3027    i.HAL_TIM_Base_MspInit  tim.o
    0x0800759c   0x0800759c   0x00000090   Code   RO         5649    i.HAL_TIM_Base_Start_IT  stm32f1xx_hal_tim.o
    0x0800762c   0x0800762c   0x00000002   Code   RO         5678    i.HAL_TIM_IC_CaptureCallback  stm32f1xx_hal_tim.o
    0x0800762e   0x0800762e   0x00000196   Code   RO         5692    i.HAL_TIM_IRQHandler  stm32f1xx_hal_tim.o
    0x080077c4   0x080077c4   0x00000002   Code   RO         5695    i.HAL_TIM_OC_DelayElapsedCallback  stm32f1xx_hal_tim.o
    0x080077c6   0x080077c6   0x00000002   Code   RO         5722    i.HAL_TIM_PWM_PulseFinishedCallback  stm32f1xx_hal_tim.o
    0x080077c8   0x080077c8   0x0000032c   Code   RO         1922    i.HAL_TIM_PeriodElapsedCallback  main.o
    0x08007af4   0x08007af4   0x00000002   Code   RO         5735    i.HAL_TIM_TriggerCallback  stm32f1xx_hal_tim.o
    0x08007af6   0x08007af6   0x00000002   Code   RO         6638    i.HAL_UARTEx_RxEventCallback  stm32f1xx_hal_uart.o
    0x08007af8   0x08007af8   0x00000002   Code   RO         3074    i.HAL_UART_ErrorCallback  usart.o
    0x08007afa   0x08007afa   0x00000002   PAD
    0x08007afc   0x08007afc   0x000002e4   Code   RO         6655    i.HAL_UART_IRQHandler  stm32f1xx_hal_uart.o
    0x08007de0   0x08007de0   0x00000076   Code   RO         6656    i.HAL_UART_Init     stm32f1xx_hal_uart.o
    0x08007e56   0x08007e56   0x00000002   PAD
    0x08007e58   0x08007e58   0x00000198   Code   RO         3076    i.HAL_UART_MspInit  usart.o
    0x08007ff0   0x08007ff0   0x0000002c   Code   RO         6661    i.HAL_UART_Receive_IT  stm32f1xx_hal_uart.o
    0x0800801c   0x0800801c   0x00000604   Code   RO         3077    i.HAL_UART_RxCpltCallback  usart.o
    0x08008620   0x08008620   0x000000b2   Code   RO         6664    i.HAL_UART_Transmit  stm32f1xx_hal_uart.o
    0x080086d2   0x080086d2   0x00000002   Code   RO         6667    i.HAL_UART_TxCpltCallback  stm32f1xx_hal_uart.o
    0x080086d4   0x080086d4   0x00000024   Code   RO         1823    i.HT7038Reset       ht7038.o
    0x080086f8   0x080086f8   0x00000024   Code   RO         1824    i.HT7038ResetSet    ht7038.o
    0x0800871c   0x0800871c   0x000001e4   Code   RO         1825    i.HT7038_EEP_Initial  ht7038.o
    0x08008900   0x08008900   0x0000009a   Code   RO         1827    i.HT7038_Init       ht7038.o
    0x0800899a   0x0800899a   0x00000002   PAD
    0x0800899c   0x0800899c   0x000000d8   Code   RO         1828    i.HT7038_Read       ht7038.o
    0x08008a74   0x08008a74   0x000000e0   Code   RO         1829    i.HT7038_Write      ht7038.o
    0x08008b54   0x08008b54   0x00000004   Code   RO         3771    i.HardFault_Handler  stm32f1xx_it.o
    0x08008b58   0x08008b58   0x000001b8   Code   RO         3931    i.Harmonic_Content_Calculate  dsp_fft.o
    0x08008d10   0x08008d10   0x0000001e   Code   RO         1772    i.HexToChar         tool.o
    0x08008d2e   0x08008d2e   0x00000002   PAD
    0x08008d30   0x08008d30   0x00000040   Code   RO          903    i.IIC_Ack           myiic.o
    0x08008d70   0x08008d70   0x00000040   Code   RO          904    i.IIC_NAck          myiic.o
    0x08008db0   0x08008db0   0x0000005c   Code   RO          905    i.IIC_Read_Byte     myiic.o
    0x08008e0c   0x08008e0c   0x00000068   Code   RO          906    i.IIC_Send_Byte     myiic.o
    0x08008e74   0x08008e74   0x00000040   Code   RO          907    i.IIC_Start         myiic.o
    0x08008eb4   0x08008eb4   0x00000040   Code   RO          908    i.IIC_Stop          myiic.o
    0x08008ef4   0x08008ef4   0x00000058   Code   RO          909    i.IIC_Wait_Ack      myiic.o
    0x08008f4c   0x08008f4c   0x00000002   Code   RO         1923    i.IWDG_Feed         main.o
    0x08008f4e   0x08008f4e   0x00000002   PAD
    0x08008f50   0x08008f50   0x00000040   Code   RO         1924    i.I_max_process     main.o
    0x08008f90   0x08008f90   0x00000040   Code   RO         1925    i.I_min_process     main.o
    0x08008fd0   0x08008fd0   0x00000b08   Code   RO          740    i.LCD_Cal           lcd_usart.o
    0x08009ad8   0x08009ad8   0x00000024   Code   RO          741    i.LCD_Send_Data     lcd_usart.o
    0x08009afc   0x08009afc   0x00000040   Code   RO         1926    i.LCD_Tem_trip      main.o
    0x08009b3c   0x08009b3c   0x00000088   Code   RO          743    i.LCD_Uart_prepare  lcd_usart.o
    0x08009bc4   0x08009bc4   0x00000178   Code   RO         1927    i.Lackzero_judge    main.o
    0x08009d3c   0x08009d3c   0x00000218   Code   RO          486    i.Lcd12864_Write16CnCHAR  display_ziku.o
    0x08009f54   0x08009f54   0x000001e8   Code   RO         1928    i.Leak_Over_process  main.o
    0x0800a13c   0x0800a13c   0x0000002c   Code   RO         1929    i.Leak_max_process  main.o
    0x0800a168   0x0800a168   0x0000002c   Code   RO         1930    i.Leak_min_process  main.o
    0x0800a194   0x0800a194   0x0000010c   Code   RO         1931    i.Leak_process      main.o
    0x0800a2a0   0x0800a2a0   0x0000003c   Code   RO           18    i.MODIFY_EEP_W      24cxx.o
    0x0800a2dc   0x0800a2dc   0x000000f8   Code   RO         2931    i.MX_ADC1_Init      adc.o
    0x0800a3d4   0x0800a3d4   0x00000034   Code   RO         3904    i.MX_DMA_Init       dma.o
    0x0800a408   0x0800a408   0x00000178   Code   RO         2905    i.MX_GPIO_Init      gpio.o
    0x0800a580   0x0800a580   0x00000074   Code   RO         2973    i.MX_RTC_Init       rtc.o
    0x0800a5f4   0x0800a5f4   0x0000004c   Code   RO         3028    i.MX_TIM6_Init      tim.o
    0x0800a640   0x0800a640   0x00000044   Code   RO         3078    i.MX_UART4_Init     usart.o
    0x0800a684   0x0800a684   0x0000004c   Code   RO         3079    i.MX_USART1_UART_Init  usart.o
    0x0800a6d0   0x0800a6d0   0x0000004c   Code   RO         3080    i.MX_USART3_UART_Init  usart.o
    0x0800a71c   0x0800a71c   0x00000004   Code   RO         3772    i.MemManage_Handler  stm32f1xx_it.o
    0x0800a720   0x0800a720   0x00000004   Code   RO         3773    i.NMI_Handler       stm32f1xx_it.o
    0x0800a724   0x0800a724   0x000002e0   Code   RO         1933    i.Normal_Leak_process  main.o
    0x0800aa04   0x0800aa04   0x00000128   Code   RO         3081    i.Offset_cal        usart.o
    0x0800ab2c   0x0800ab2c   0x00000160   Code   RO         3082    i.Password_verification  usart.o
    0x0800ac8c   0x0800ac8c   0x00000002   Code   RO         3774    i.PendSV_Handler    stm32f1xx_it.o
    0x0800ac8e   0x0800ac8e   0x00000002   PAD
    0x0800ac90   0x0800ac90   0x0000007c   Code   RO         1935    i.Power_Sample_A    main.o
    0x0800ad0c   0x0800ad0c   0x0000007c   Code   RO         1936    i.Power_Sample_B    main.o
    0x0800ad88   0x0800ad88   0x0000007c   Code   RO         1937    i.Power_Sample_C    main.o
    0x0800ae04   0x0800ae04   0x00000028   Code   RO         4545    i.RCC_Delay         stm32f1xx_hal_rcc.o
    0x0800ae2c   0x0800ae2c   0x00000002   Code   RO         3083    i.RS485_Init        usart.o
    0x0800ae2e   0x0800ae2e   0x00000016   Code   RO         5382    i.RTC_Bcd2ToByte    stm32f1xx_hal_rtc.o
    0x0800ae44   0x0800ae44   0x0000001a   Code   RO         5383    i.RTC_ByteToBcd2    stm32f1xx_hal_rtc.o
    0x0800ae5e   0x0800ae5e   0x000000b6   Code   RO         5384    i.RTC_DateUpdate    stm32f1xx_hal_rtc.o
    0x0800af14   0x0800af14   0x0000003a   Code   RO         5385    i.RTC_EnterInitMode  stm32f1xx_hal_rtc.o
    0x0800af4e   0x0800af4e   0x0000003a   Code   RO         5386    i.RTC_ExitInitMode  stm32f1xx_hal_rtc.o
    0x0800af88   0x0800af88   0x00000010   Code   RO         3775    i.RTC_IRQHandler    stm32f1xx_it.o
    0x0800af98   0x0800af98   0x00000032   Code   RO         5387    i.RTC_IsLeapYear    stm32f1xx_hal_rtc.o
    0x0800afca   0x0800afca   0x00000018   Code   RO         5388    i.RTC_ReadAlarmCounter  stm32f1xx_hal_rtc.o
    0x0800afe2   0x0800afe2   0x00000034   Code   RO         5389    i.RTC_ReadTimeCounter  stm32f1xx_hal_rtc.o
    0x0800b016   0x0800b016   0x00000002   PAD
    0x0800b018   0x0800b018   0x0000006c   Code   RO         1082    i.RTC_Readtime      state.o
    0x0800b084   0x0800b084   0x00000024   Code   RO         2974    i.RTC_Set_Date      rtc.o
    0x0800b0a8   0x0800b0a8   0x00000024   Code   RO         2975    i.RTC_Set_Time      rtc.o
    0x0800b0cc   0x0800b0cc   0x00000084   Code   RO         5390    i.RTC_WeekDayNum    stm32f1xx_hal_rtc.o
    0x0800b150   0x0800b150   0x0000002e   Code   RO         5391    i.RTC_WriteAlarmCounter  stm32f1xx_hal_rtc.o
    0x0800b17e   0x0800b17e   0x0000002e   Code   RO         5392    i.RTC_WriteTimeCounter  stm32f1xx_hal_rtc.o
    0x0800b1ac   0x0800b1ac   0x000001d8   Code   RO         1939    i.Read_Cur_calibrae_data  main.o
    0x0800b384   0x0800b384   0x000000a8   Code   RO         3085    i.Read_DL_AD_Value  usart.o
    0x0800b42c   0x0800b42c   0x000000a8   Code   RO         3086    i.Read_DL_XL_Value  usart.o
    0x0800b4d4   0x0800b4d4   0x0000005c   Code   RO         3087    i.Read_DY_XL_Value  usart.o
    0x0800b530   0x0800b530   0x00000020   Code   RO         3091    i.Read_LD_XL_Value  usart.o
    0x0800b550   0x0800b550   0x000001c0   Code   RO         3096    i.Read_SD_AD_Value  usart.o
    0x0800b710   0x0800b710   0x00000420   Code   RO         1940    i.Read_SD_Cur_calibrae_data  main.o
    0x0800bb30   0x0800bb30   0x000003f8   Code   RO         1941    i.Read_SD_Cur_calibrae_data1  main.o
    0x0800bf28   0x0800bf28   0x000001c0   Code   RO         3097    i.Read_SD_Slope_Value  usart.o
    0x0800c0e8   0x0800c0e8   0x000001bc   Code   RO         3098    i.Read_SD_Value     usart.o
    0x0800c2a4   0x0800c2a4   0x00000020   Code   RO         3100    i.Read_addr         usart.o
    0x0800c2c4   0x0800c2c4   0x00000078   Code   RO         3101    i.Read_baud         usart.o
    0x0800c33c   0x0800c33c   0x00000050   Code   RO         3102    i.Read_ctrlword     usart.o
    0x0800c38c   0x0800c38c   0x00000074   Code   RO         3103    i.Read_cur_setpoint  usart.o
    0x0800c400   0x0800c400   0x00000060   Code   RO         3104    i.Read_event_leakalarm  usart.o
    0x0800c460   0x0800c460   0x0000005c   Code   RO         3105    i.Read_event_leakover  usart.o
    0x0800c4bc   0x0800c4bc   0x00000064   Code   RO         3106    i.Read_event_leakrecord  usart.o
    0x0800c520   0x0800c520   0x00000060   Code   RO         3107    i.Read_event_leakself  usart.o
    0x0800c580   0x0800c580   0x00000060   Code   RO         3108    i.Read_event_leaktrip  usart.o
    0x0800c5e0   0x0800c5e0   0x00000144   Code   RO         3109    i.Read_factor_Power  usart.o
    0x0800c724   0x0800c724   0x000001e4   Code   RO         3110    i.Read_factors      usart.o
    0x0800c908   0x0800c908   0x0000002c   Code   RO         3111    i.Read_fenzha_tim   usart.o
    0x0800c934   0x0800c934   0x0000005c   Code   RO         3112    i.Read_frequency_power  usart.o
    0x0800c990   0x0800c990   0x0000002c   Code   RO         3113    i.Read_hezha_tim    usart.o
    0x0800c9bc   0x0800c9bc   0x00000084   Code   RO         3114    i.Read_leakctrl     usart.o
    0x0800ca40   0x0800ca40   0x0000004e   Code   RO         3115    i.Read_max_cur      usart.o
    0x0800ca8e   0x0800ca8e   0x00000034   Code   RO         3116    i.Read_max_leak     usart.o
    0x0800cac2   0x0800cac2   0x00000052   Code   RO         3117    i.Read_max_min_cur  usart.o
    0x0800cb14   0x0800cb14   0x00000036   Code   RO         3118    i.Read_max_min_leak  usart.o
    0x0800cb4a   0x0800cb4a   0x0000004c   Code   RO         3119    i.Read_max_min_vol  usart.o
    0x0800cb96   0x0800cb96   0x0000004c   Code   RO         3120    i.Read_max_vol      usart.o
    0x0800cbe2   0x0800cbe2   0x00000020   Code   RO         3121    i.Read_num_dataclear  usart.o
    0x0800cc02   0x0800cc02   0x00000020   Code   RO         3122    i.Read_num_protectoff  usart.o
    0x0800cc22   0x0800cc22   0x000000d0   Code   RO         3123    i.Read_num_trip     usart.o
    0x0800ccf2   0x0800ccf2   0x00000002   PAD
    0x0800ccf4   0x0800ccf4   0x00000174   Code   RO         3127    i.Read_reactive_Power  usart.o
    0x0800ce68   0x0800ce68   0x000000a0   Code   RO         3128    i.Read_response     usart.o
    0x0800cf08   0x0800cf08   0x00000098   Code   RO         3129    i.Read_response1    usart.o
    0x0800cfa0   0x0800cfa0   0x000001dc   Code   RO         3130    i.Read_state        usart.o
    0x0800d17c   0x0800d17c   0x00000108   Code   RO         3131    i.Read_time         usart.o
    0x0800d284   0x0800d284   0x0000002c   Code   RO         3132    i.Read_time_run     usart.o
    0x0800d2b0   0x0800d2b0   0x00000050   Code   RO         3133    i.Read_timing       usart.o
    0x0800d300   0x0800d300   0x0000002c   Code   RO         3134    i.Read_trip_tim     usart.o
    0x0800d32c   0x0800d32c   0x00000174   Code   RO         3135    i.Read_variable_Power  usart.o
    0x0800d4a0   0x0800d4a0   0x000000b8   Code   RO         3136    i.Read_variable_cur  usart.o
    0x0800d558   0x0800d558   0x00000070   Code   RO         3137    i.Read_variable_leak  usart.o
    0x0800d5c8   0x0800d5c8   0x00000090   Code   RO         3138    i.Read_variable_leak_class  usart.o
    0x0800d658   0x0800d658   0x000000b4   Code   RO         3139    i.Read_variable_vol  usart.o
    0x0800d70c   0x0800d70c   0x000000d4   Code   RO         3141    i.Read_vol_setpoint  usart.o
    0x0800d7e0   0x0800d7e0   0x000000d4   Code   RO         1942    i.Record_V          main.o
    0x0800d8b4   0x0800d8b4   0x0000004c   Code   RO         1943    i.Record_data_propare  main.o
    0x0800d900   0x0800d900   0x00000060   Code   RO         1944    i.Run_time_process  main.o
    0x0800d960   0x0800d960   0x00000028   Code   RO          910    i.SDA_IN            myiic.o
    0x0800d988   0x0800d988   0x0000002c   Code   RO          911    i.SDA_OUT           myiic.o
    0x0800d9b4   0x0800d9b4   0x0000095c   Code   RO         3143    i.SD_uart_cal_handle  usart.o
    0x0800e310   0x0800e310   0x00000002   Code   RO         3776    i.SVC_Handler       stm32f1xx_it.o
    0x0800e312   0x0800e312   0x00000002   PAD
    0x0800e314   0x0800e314   0x000000f8   Code   RO         1945    i.Switch_pos_judge  main.o
    0x0800e40c   0x0800e40c   0x00000008   Code   RO         3777    i.SysTick_Handler   stm32f1xx_it.o
    0x0800e414   0x0800e414   0x00000088   Code   RO         1946    i.SystemClock_Config  main.o
    0x0800e49c   0x0800e49c   0x00000002   Code   RO         7000    i.SystemInit        system_stm32f1xx.o
    0x0800e49e   0x0800e49e   0x00000002   PAD
    0x0800e4a0   0x0800e4a0   0x000000c8   Code   RO         1947    i.TB_leak_process   main.o
    0x0800e568   0x0800e568   0x00000010   Code   RO         3778    i.TIM6_IRQHandler   stm32f1xx_it.o
    0x0800e578   0x0800e578   0x0000009c   Code   RO         5737    i.TIM_Base_SetConfig  stm32f1xx_hal_tim.o
    0x0800e614   0x0800e614   0x0000046c   Code   RO         1951    i.Time_bill         main.o
    0x0800ea80   0x0800ea80   0x000000b8   Code   RO         1952    i.Trip_Action       main.o
    0x0800eb38   0x0800eb38   0x000001f0   Code   RO         1953    i.Trip_Process      main.o
    0x0800ed28   0x0800ed28   0x00000150   Code   RO         1954    i.Trip_Process_time  main.o
    0x0800ee78   0x0800ee78   0x00000010   Code   RO         3779    i.UART4_IRQHandler  stm32f1xx_it.o
    0x0800ee88   0x0800ee88   0x00000014   Code   RO         6669    i.UART_DMAAbortOnError  stm32f1xx_hal_uart.o
    0x0800ee9c   0x0800ee9c   0x0000006c   Code   RO         6679    i.UART_EndRxTransfer  stm32f1xx_hal_uart.o
    0x0800ef08   0x0800ef08   0x00000020   Code   RO         6680    i.UART_EndTransmit_IT  stm32f1xx_hal_uart.o
    0x0800ef28   0x0800ef28   0x00000444   Code   RO          747    i.UART_LCD_process  lcd_usart.o
    0x0800f36c   0x0800f36c   0x000000fc   Code   RO         6682    i.UART_Receive_IT   stm32f1xx_hal_uart.o
    0x0800f468   0x0800f468   0x000000fc   Code   RO         6683    i.UART_SetConfig    stm32f1xx_hal_uart.o
    0x0800f564   0x0800f564   0x00000040   Code   RO         6685    i.UART_Start_Receive_IT  stm32f1xx_hal_uart.o
    0x0800f5a4   0x0800f5a4   0x00000060   Code   RO         6686    i.UART_Transmit_IT  stm32f1xx_hal_uart.o
    0x0800f604   0x0800f604   0x00000092   Code   RO         6687    i.UART_WaitOnFlagUntilTimeout  stm32f1xx_hal_uart.o
    0x0800f696   0x0800f696   0x00000002   PAD
    0x0800f698   0x0800f698   0x000010a6   Code   RO         3144    i.UART_process      usart.o
    0x0801073e   0x0801073e   0x00000002   PAD
    0x08010740   0x08010740   0x00000010   Code   RO         3780    i.USART1_IRQHandler  stm32f1xx_it.o
    0x08010750   0x08010750   0x00000010   Code   RO         3781    i.USART3_IRQHandler  stm32f1xx_it.o
    0x08010760   0x08010760   0x00000ec8   Code   RO          748    i.USART_LCD_Transmit  lcd_usart.o
    0x08011628   0x08011628   0x0000006c   Code   RO         3146    i.Uart_prepare      usart.o
    0x08011694   0x08011694   0x00000054   Code   RO         3147    i.Uart_prepare1     usart.o
    0x080116e8   0x080116e8   0x00000004   Code   RO         3782    i.UsageFault_Handler  stm32f1xx_it.o
    0x080116ec   0x080116ec   0x00000140   Code   RO         1955    i.V_Sample          main.o
    0x0801182c   0x0801182c   0x00000134   Code   RO         1958    i.V_Sample_C        main.o
    0x08011960   0x08011960   0x00000050   Code   RO         1960    i.V_max_process     main.o
    0x080119b0   0x080119b0   0x00000050   Code   RO         1961    i.V_min_process     main.o
    0x08011a00   0x08011a00   0x0000052c   Code   RO         1962    i.Vol_Process       main.o
    0x08011f2c   0x08011f2c   0x000000b0   Code   RO         1963    i.Vol_sample_process  main.o
    0x08011fdc   0x08011fdc   0x00000078   Code   RO         3148    i.WRITE_DATA_NOMAL  usart.o
    0x08012054   0x08012054   0x00000054   Code   RO         1964    i.Wait_selftest     main.o
    0x080120a8   0x080120a8   0x000001b4   Code   RO         1965    i.Write_I           main.o
    0x0801225c   0x0801225c   0x0000012c   Code   RO         1966    i.Write_Leak_Record  main.o
    0x08012388   0x08012388   0x000005d8   Code   RO         1967    i.Write_Record      main.o
    0x08012960   0x08012960   0x000001d4   Code   RO         1968    i.Write_Selftest_Record  main.o
    0x08012b34   0x08012b34   0x00000178   Code   RO         1969    i.Write_V           main.o
    0x08012cac   0x08012cac   0x000000d8   Code   RO         3158    i.Write_addr        usart.o
    0x08012d84   0x08012d84   0x000000b0   Code   RO         3159    i.Write_baud        usart.o
    0x08012e34   0x08012e34   0x00000120   Code   RO         3160    i.Write_ctrlword    usart.o
    0x08012f54   0x08012f54   0x000001dc   Code   RO         3161    i.Write_cur_setpoint  usart.o
    0x08013130   0x08013130   0x00000258   Code   RO         3162    i.Write_factors     usart.o
    0x08013388   0x08013388   0x000000d4   Code   RO         3163    i.Write_fenzha_tim  usart.o
    0x0801345c   0x0801345c   0x000000e4   Code   RO         3164    i.Write_hezha_tim   usart.o
    0x08013540   0x08013540   0x0000011c   Code   RO         1970    i.Write_leak        main.o
    0x0801365c   0x0801365c   0x000001f8   Code   RO         3165    i.Write_leakctrl    usart.o
    0x08013854   0x08013854   0x00000064   Code   RO          753    i.Write_or_Readresponse  lcd_usart.o
    0x080138b8   0x080138b8   0x000000fc   Code   RO         3166    i.Write_password    usart.o
    0x080139b4   0x080139b4   0x000002b8   Code   RO         3167    i.Write_time        usart.o
    0x08013c6c   0x08013c6c   0x00000070   Code   RO         3168    i.Write_timing      usart.o
    0x08013cdc   0x08013cdc   0x000000c0   Code   RO         3169    i.Write_trip_tim    usart.o
    0x08013d9c   0x08013d9c   0x00000468   Code   RO         3170    i.Write_vol_setpoint  usart.o
    0x08014204   0x08014204   0x000001d8   Code   RO         1971    i.Xiebo             main.o
    0x080143dc   0x080143dc   0x00000010   Code   RO         4852    i.__NVIC_GetPriorityGrouping  stm32f1xx_hal_cortex.o
    0x080143ec   0x080143ec   0x00000028   Code   RO         4853    i.__NVIC_SetPriority  stm32f1xx_hal_cortex.o
    0x08014414   0x08014414   0x0000000e   Code   RO         7162    i.__scatterload_copy  mc_w.l(handlers.o)
    0x08014422   0x08014422   0x00000002   Code   RO         7163    i.__scatterload_null  mc_w.l(handlers.o)
    0x08014424   0x08014424   0x0000000e   Code   RO         7164    i.__scatterload_zeroinit  mc_w.l(handlers.o)
    0x08014432   0x08014432   0x00000002   PAD
    0x08014434   0x08014434   0x0000000c   Code   RO         7144    i.__set_errno       mc_w.l(errno.o)
    0x08014440   0x08014440   0x00000210   Code   RO         1973    i.c_hezha           main.o
    0x08014650   0x08014650   0x00000698   Code   RO         3171    i.cal               usart.o
    0x08014ce8   0x08014ce8   0x00000a48   Code   RO          758    i.check_and_update  lcd_usart.o
    0x08015730   0x08015730   0x00000150   Code   RO         1974    i.clear_flags       main.o
    0x08015880   0x08015880   0x00000030   Code   RO          664    i.clear_screen      lcd.o
    0x080158b0   0x080158b0   0x00000018   Code   RO         1975    i.clear_tingdian    main.o
    0x080158c8   0x080158c8   0x00000016   Code   RO         1773    i.copy_array        tool.o
    0x080158de   0x080158de   0x00000002   PAD
    0x080158e0   0x080158e0   0x00000080   Code   RO         1976    i.ctrlword1_analyze  main.o
    0x08015960   0x08015960   0x00000074   Code   RO         1977    i.ctrlword2_analyze  main.o
    0x080159d4   0x080159d4   0x00000018   Code   RO         1978    i.ctrlword3_analyze  main.o
    0x080159ec   0x080159ec   0x0000021c   Code   RO         1979    i.ctrlword4_analyze  main.o
    0x08015c08   0x08015c08   0x000000b4   Code   RO         1980    i.ctrlword5_analyze  main.o
    0x08015cbc   0x08015cbc   0x00000218   Code   RO         1981    i.cur_actionhandle_A  main.o
    0x08015ed4   0x08015ed4   0x00000204   Code   RO         1982    i.cur_actionhandle_B  main.o
    0x080160d8   0x080160d8   0x00000218   Code   RO         1983    i.cur_actionhandle_C  main.o
    0x080162f0   0x080162f0   0x00000148   Code   RO         1986    i.cur_handle_A      main.o
    0x08016438   0x08016438   0x00000148   Code   RO         1987    i.cur_handle_B      main.o
    0x08016580   0x08016580   0x00000148   Code   RO         1988    i.cur_handle_C      main.o
    0x080166c8   0x080166c8   0x00000016   Code   RO         1830    i.delay             ht7038.o
    0x080166de   0x080166de   0x00000002   PAD
    0x080166e0   0x080166e0   0x00000014   Code   RO          177    i.delay_init        delay.o
    0x080166f4   0x080166f4   0x00000018   Code   RO          178    i.delay_ms          delay.o
    0x0801670c   0x0801670c   0x0000002a   Code   RO         1774    i.delay_uart        tool.o
    0x08016736   0x08016736   0x00000002   PAD
    0x08016738   0x08016738   0x00000048   Code   RO          179    i.delay_us          delay.o
    0x08016780   0x08016780   0x00000fc0   Code   RO         1990    i.external_E2_read  main.o
    0x08017740   0x08017740   0x00001b30   Code   RO         1991    i.factor_first_init  main.o
    0x08019270   0x08019270   0x00000042   Code   RO         1992    i.factors_init      main.o
    0x080192b2   0x080192b2   0x00000002   PAD
    0x080192b4   0x080192b4   0x00000040   Code   RO         1993    i.fenzha            main.o
    0x080192f4   0x080192f4   0x00000204   Code   RO         1994    i.fenzha_process    main.o
    0x080194f8   0x080194f8   0x00000018   Code   RO         3175    i.format_uart_t_buf  usart.o
    0x08019510   0x08019510   0x00000108   Code   RO         3176    i.frame_check       usart.o
    0x08019618   0x08019618   0x00000050   Code   RO         7058    i.free              mc_w.l(malloc.o)
    0x08019668   0x08019668   0x00000088   Code   RO         1997    i.hand_short_process  main.o
    0x080196f0   0x080196f0   0x00000038   Code   RO         1998    i.hezha             main.o
    0x08019728   0x08019728   0x000003dc   Code   RO         1999    i.hezha_process     main.o
    0x08019b04   0x08019b04   0x00000002   Code   RO          668    i.initial_lcd       lcd.o
    0x08019b06   0x08019b06   0x00000002   PAD
    0x08019b08   0x08019b08   0x00000044   Code   RO         2001    i.lack_vol_trip     main.o
    0x08019b4c   0x08019b4c   0x00000084   Code   RO         2002    i.lackzero_vol_process  main.o
    0x08019bd0   0x08019bd0   0x00000018   Code   RO         2003    i.leak_handle       main.o
    0x08019be8   0x08019be8   0x000000c0   Code   RO         3177    i.leak_uart_cal_handle  usart.o
    0x08019ca8   0x08019ca8   0x0000020c   Code   RO         2005    i.loss_phase_process  main.o
    0x08019eb4   0x08019eb4   0x00000080   Code   RO         2006    i.loss_phase_trip   main.o
    0x08019f34   0x08019f34   0x00000074   Code   RO         2007    i.low_vol_prcoess   main.o
    0x08019fa8   0x08019fa8   0x00000044   Code   RO         2008    i.low_vol_trip      main.o
    0x08019fec   0x08019fec   0x0000030c   Code   RO         2009    i.main              main.o
    0x0801a2f8   0x0801a2f8   0x0000006c   Code   RO         7059    i.malloc            mc_w.l(malloc.o)
    0x0801a364   0x0801a364   0x000000fc   Code   RO         3178    i.point_just        usart.o
    0x0801a460   0x0801a460   0x000000d4   Code   RO         3932    i.powerMag          dsp_fft.o
    0x0801a534   0x0801a534   0x0000001e   Code   RO         2011    i.read_tingdian     main.o
    0x0801a552   0x0801a552   0x00000002   PAD
    0x0801a554   0x0801a554   0x00000050   Code   RO         2012    i.rms_make          main.o
    0x0801a5a4   0x0801a5a4   0x0000004c   Code   RO         7040    i.sqrt              m_ws.l(sqrt.o)
    0x0801a5f0   0x0801a5f0   0x000001f8   Code   RO         2014    i.state_init        main.o
    0x0801a7e8   0x0801a7e8   0x00000002   Code   RO          670    i.transfer_command  lcd.o
    0x0801a7ea   0x0801a7ea   0x00000002   Code   RO          671    i.transfer_data     lcd.o
    0x0801a7ec   0x0801a7ec   0x0000005c   Code   RO         2015    i.uart_com_process  main.o
    0x0801a848   0x0801a848   0x00000170   Code   RO         2016    i.under_vol_prcoess  main.o
    0x0801a9b8   0x0801a9b8   0x00000068   Code   RO         2017    i.under_vol_trip    main.o
    0x0801aa20   0x0801aa20   0x00000110   Code   RO         2018    i.up_vol_prcoess    main.o
    0x0801ab30   0x0801ab30   0x00000068   Code   RO         2019    i.up_vol_trip       main.o
    0x0801ab98   0x0801ab98   0x00000006   Code   RO         2022    i.vol_handle        main.o
    0x0801ab9e   0x0801ab9e   0x00000006   Code   RO         2023    i.vol_handle_A      main.o
    0x0801aba4   0x0801aba4   0x00000006   Code   RO         2024    i.vol_handle_B      main.o
    0x0801abaa   0x0801abaa   0x00000006   Code   RO         2025    i.vol_handle_C      main.o
    0x0801abb0   0x0801abb0   0x00000006   Code   RO         2029    i.vol_handle_undervol  main.o
    0x0801abb6   0x0801abb6   0x00000018   Code   RO         2030    i.write_tingdian    main.o
    0x0801abce   0x0801abce   0x00000002   PAD
    0x0801abd0   0x0801abd0   0x00000844   Data   RO         2032    .constdata          main.o
    0x0801b414   0x0801b414   0x0000003c   Data   RO         3181    .constdata          usart.o
    0x0801b450   0x0801b450   0x00000012   Data   RO         4546    .constdata          stm32f1xx_hal_rcc.o
    0x0801b462   0x0801b462   0x00000012   Data   RO         4642    .constdata          stm32f1xx_hal_rcc_ex.o
    0x0801b474   0x0801b474   0x00000018   Data   RO         7001    .constdata          system_stm32f1xx.o
    0x0801b48c   0x0801b48c   0x00000020   Data   RO         7160    Region$$Table       anon$$obj.o


    Execution Region RW_IRAM1 (Exec base: 0x20000000, Load base: 0x0801b4ac, Size: 0x0000e0b0, Max: 0x00010000, ABSOLUTE, COMPRESSED[0x00002d0c])

    Exec Addr    Load Addr    Size         Type   Attr      Idx    E Section Name        Object

    0x20000000   COMPRESSED   0x00000004   Data   RW          180    .data               delay.o
    0x20000004   COMPRESSED   0x000001c8   Data   RW          253    .data               disp.o
    0x200001cc   COMPRESSED   0x00002594   Data   RW          511    .data               display_ziku.o
    0x20002760   COMPRESSED   0x00000033   Data   RW          760    .data               lcd_usart.o
    0x20002793   COMPRESSED   0x00000001   PAD
    0x20002794   COMPRESSED   0x000002a1   Data   RW         1103    .data               state.o
    0x20002a35   COMPRESSED   0x00000003   PAD
    0x20002a38   COMPRESSED   0x00000c0e   Data   RW         2033    .data               main.o
    0x20003646   COMPRESSED   0x00000002   PAD
    0x20003648   COMPRESSED   0x00000087   Data   RW         3182    .data               usart.o
    0x200036cf   COMPRESSED   0x00000001   PAD
    0x200036d0   COMPRESSED   0x00001474   Data   RW         3934    .data               dsp_fft.o
    0x20004b44   COMPRESSED   0x00000009   Data   RW         4382    .data               stm32f1xx_hal.o
    0x20004b4d   COMPRESSED   0x00000003   PAD
    0x20004b50   COMPRESSED   0x00000004   Data   RW         7002    .data               system_stm32f1xx.o
    0x20004b54   COMPRESSED   0x00000004   Data   RW         7140    .data               mc_w.l(mvars.o)
    0x20004b58   COMPRESSED   0x00000004   Data   RW         7141    .data               mc_w.l(mvars.o)
    0x20004b5c   COMPRESSED   0x00000004   Data   RW         7145    .data               mc_w.l(errno.o)
    0x20004b60        -       0x0000007a   Zero   RW          252    .bss                disp.o
    0x20004bda        -       0x00000426   Zero   RW          759    .bss                lcd_usart.o
    0x20005000        -       0x00007e00   Zero   RW         2031    .bss                main.o
    0x2000ce00        -       0x00000074   Zero   RW         2932    .bss                adc.o
    0x2000ce74        -       0x00000014   Zero   RW         2976    .bss                rtc.o
    0x2000ce88        -       0x00000048   Zero   RW         3029    .bss                tim.o
    0x2000ced0        -       0x00000344   Zero   RW         3180    .bss                usart.o
    0x2000d214        -       0x00000898   Zero   RW         3933    .bss                dsp_fft.o
    0x2000daac   COMPRESSED   0x00000004   PAD
    0x2000dab0        -       0x00000200   Zero   RW            2    HEAP                startup_stm32f103xe.o
    0x2000dcb0        -       0x00000400   Zero   RW            1    STACK               startup_stm32f103xe.o


==============================================================================

Image component sizes


      Code (inc. data)   RO Data    RW Data    ZI Data      Debug   Object Name

       508         16          0          0          0     523753   24cxx.o
       512         36          0          0        116       2043   adc.o
      1502       1008          0          0          0        348   cr4_fft_256_stm32.o
       116          8          0          4          0       1867   delay.o
        92         18          0        456        122      26572   disp.o
       536         12          0       9620          0       4066   display_ziku.o
        52          4          0          0          0        770   dma.o
       652         78          0       5236       2200       6695   dsp_fft.o
       376         30          0          0          0       1143   gpio.o
      1172         68          0          0          0       4119   ht7038.o
        54          0          0          0          0       1876   lcd.o
     10664        982          0         51       1062      26601   lcd_usart.o
     48898       5676       2116       3086      32256     608789   main.o
       624         38          0          0          0       4702   myiic.o
       252         34          0          0         20       2941   rtc.o
        36          8        304          0       1536        812   startup_stm32f103xe.o
       108         36          0        673          0       8266   state.o
       152         32          0          9          0       6061   stm32f1xx_hal.o
      1456         58          0          0          0       8666   stm32f1xx_hal_adc.o
       284          6          0          0          0       1514   stm32f1xx_hal_adc_ex.o
       344         22          0          0          0      30193   stm32f1xx_hal_cortex.o
      1770         28          0          0          0       5466   stm32f1xx_hal_dma.o
       880         40          0          0          0       4072   stm32f1xx_hal_gpio.o
        84          8          0          0          0        918   stm32f1xx_hal_msp.o
        12          4          0          0          0        539   stm32f1xx_hal_pwr.o
      1748         98         18          0          0       6168   stm32f1xx_hal_rcc.o
       584         34         18          0          0       2469   stm32f1xx_hal_rcc_ex.o
      1762         16          0          0          0      13368   stm32f1xx_hal_rtc.o
        82          0          0          0          0       2233   stm32f1xx_hal_rtc_ex.o
       816         44          0          0          0       5887   stm32f1xx_hal_tim.o
       160         22          0          0          0       2537   stm32f1xx_hal_tim_ex.o
      2054          8          0          0          0      11883   stm32f1xx_hal_uart.o
       130         36          0          0          0       6931   stm32f1xx_it.o
         2          0         24          4          0       1171   system_stm32f1xx.o
       144         20          0          0         72       1626   tim.o
       850         14          0          0          0       4008   tool.o
     27016       1686         60        135        836      93793   usart.o

    ----------------------------------------------------------------------
    106536      10228       2572      19284      38224    1434866   Object Totals
         0          0         32          0          0          0   (incl. Generated)
        52          0          0         10          4          0   (incl. Padding)

    ----------------------------------------------------------------------

      Code (inc. data)   RO Data    RW Data    ZI Data      Debug   Library Member Name

        76          0          0          0          0         84   sqrt.o
        94          0          0          0          0          0   __dclz77c.o
         0          0          0          0          0          0   entry.o
         0          0          0          0          0          0   entry10a.o
         0          0          0          0          0          0   entry11a.o
         4          0          0          0          0          0   entry12b.o
         8          4          0          0          0          0   entry2.o
         4          0          0          0          0          0   entry5.o
         0          0          0          0          0          0   entry7b.o
         0          0          0          0          0          0   entry8b.o
         8          4          0          0          0          0   entry9a.o
        12          6          0          4          0         68   errno.o
        30          0          0          0          0          0   handlers.o
        36          8          0          0          0         68   init.o
         0          0          0          0          0          0   iusefp.o
        30          0          0          0          0         68   llshl.o
        36          0          0          0          0         68   llsshr.o
        32          0          0          0          0         68   llushr.o
       188         20          0          0          0        160   malloc.o
        36          0          0          0          0         68   memcpya.o
        36          0          0          0          0        108   memseta.o
         0          0          0          8          0          0   mvars.o
        20          0          0          0          0         68   cfrcmple.o
        56          0          0          0          0         88   d2f.o
       334          0          0          0          0        148   dadd.o
       222          0          0          0          0        100   ddiv.o
       186          0          0          0          0        176   depilogue.o
        62          0          0          0          0         80   dfixi.o
        50          0          0          0          0         76   dfixui.o
        34          0          0          0          0         76   dflti.o
        26          0          0          0          0         76   dfltui.o
       228          0          0          0          0         96   dmul.o
       162          0          0          0          0        100   dsqrt.o
        38          0          0          0          0         68   f2d.o
       176          0          0          0          0        140   fadd.o
       124          0          0          0          0         88   fdiv.o
       110          0          0          0          0        168   fepilogue.o
        50          0          0          0          0         68   ffixi.o
        40          0          0          0          0         68   ffixui.o
        18          0          0          0          0         68   fflti.o
        10          0          0          0          0         68   ffltui.o
       100          0          0          0          0         76   fmul.o

    ----------------------------------------------------------------------
      2680         42          0         12          0       2656   Library Totals
         4          0          0          0          0          0   (incl. Padding)

    ----------------------------------------------------------------------

      Code (inc. data)   RO Data    RW Data    ZI Data      Debug   Library Name

        76          0          0          0          0         84   m_ws.l
       554         42          0         12          0        676   mc_w.l
      2046          0          0          0          0       1896   mf_w.l

    ----------------------------------------------------------------------
      2680         42          0         12          0       2656   Library Totals

    ----------------------------------------------------------------------

==============================================================================


      Code (inc. data)   RO Data    RW Data    ZI Data      Debug   

    109216      10270       2572      19296      38224    1418306   Grand Totals
    109216      10270       2572      11532      38224    1418306   ELF Image Totals (compressed)
    109216      10270       2572      11532          0          0   ROM Totals

==============================================================================

    Total RO  Size (Code + RO Data)               111788 ( 109.17kB)
    Total RW  Size (RW Data + ZI Data)             57520 (  56.17kB)
    Total ROM Size (Code + RO Data + RW Data)     123320 ( 120.43kB)

==============================================================================

