<!doctype html public "-//w3c//dtd html 4.0 transitional//en">
<html><head>
<title>Static Call Graph - [SZC\SZC.axf]</title></head>
<body><HR>
<H1>Static Call Graph for image SZC\SZC.axf</H1><HR>
<BR><P>#&#060CALLGRAPH&#062# ARM Linker, 5060960: Last Updated: Wed Aug 14 20:06:14 2024
<BR><P>
<H3>Maximum Stack Usage =        544 bytes + Unknown(Functions without stacksize, Cycles, Untraceable Function Pointers)</H3><H3>
Call chain for Maximum Stack Depth:</H3>
main &rArr; uart_com_process &rArr; UART_LCD_process &rArr; USART_LCD_Transmit &rArr; Harmonic_Content_Calculate &rArr; powerMag &rArr; sqrt &rArr; _dsqrt &rArr; _double_round
<P>
<H3>
Functions with no stack information
</H3><UL>
 <LI><a href="#[108]">cr4_fft_256_stm32</a>
</UL>
</UL>
<P>
<H3>
Mutually Recursive functions
</H3> <LI><a href="#[1c]">ADC1_2_IRQHandler</a>&nbsp;&nbsp;&nbsp;&rArr;&nbsp;&nbsp;&nbsp;<a href="#[1c]">ADC1_2_IRQHandler</a><BR>
</UL>
<P>
<H3>
Function Pointers
</H3><UL>
 <LI><a href="#[1c]">ADC1_2_IRQHandler</a> from startup_stm32f103xe.o(.text) referenced from startup_stm32f103xe.o(RESET)
 <LI><a href="#[39]">ADC3_IRQHandler</a> from startup_stm32f103xe.o(.text) referenced from startup_stm32f103xe.o(RESET)
 <LI><a href="#[49]">ADC_DMAConvCplt</a> from stm32f1xx_hal_adc.o(i.ADC_DMAConvCplt) referenced from stm32f1xx_hal_adc.o(i.HAL_ADC_Start_DMA)
 <LI><a href="#[4b]">ADC_DMAError</a> from stm32f1xx_hal_adc.o(i.ADC_DMAError) referenced from stm32f1xx_hal_adc.o(i.HAL_ADC_Start_DMA)
 <LI><a href="#[4a]">ADC_DMAHalfConvCplt</a> from stm32f1xx_hal_adc.o(i.ADC_DMAHalfConvCplt) referenced from stm32f1xx_hal_adc.o(i.HAL_ADC_Start_DMA)
 <LI><a href="#[4]">BusFault_Handler</a> from stm32f1xx_it.o(i.BusFault_Handler) referenced from startup_stm32f103xe.o(RESET)
 <LI><a href="#[1f]">CAN1_RX1_IRQHandler</a> from startup_stm32f103xe.o(.text) referenced from startup_stm32f103xe.o(RESET)
 <LI><a href="#[20]">CAN1_SCE_IRQHandler</a> from startup_stm32f103xe.o(.text) referenced from startup_stm32f103xe.o(RESET)
 <LI><a href="#[15]">DMA1_Channel1_IRQHandler</a> from stm32f1xx_it.o(i.DMA1_Channel1_IRQHandler) referenced from startup_stm32f103xe.o(RESET)
 <LI><a href="#[16]">DMA1_Channel2_IRQHandler</a> from startup_stm32f103xe.o(.text) referenced from startup_stm32f103xe.o(RESET)
 <LI><a href="#[17]">DMA1_Channel3_IRQHandler</a> from startup_stm32f103xe.o(.text) referenced from startup_stm32f103xe.o(RESET)
 <LI><a href="#[18]">DMA1_Channel4_IRQHandler</a> from startup_stm32f103xe.o(.text) referenced from startup_stm32f103xe.o(RESET)
 <LI><a href="#[19]">DMA1_Channel5_IRQHandler</a> from startup_stm32f103xe.o(.text) referenced from startup_stm32f103xe.o(RESET)
 <LI><a href="#[1a]">DMA1_Channel6_IRQHandler</a> from startup_stm32f103xe.o(.text) referenced from startup_stm32f103xe.o(RESET)
 <LI><a href="#[1b]">DMA1_Channel7_IRQHandler</a> from startup_stm32f103xe.o(.text) referenced from startup_stm32f103xe.o(RESET)
 <LI><a href="#[42]">DMA2_Channel1_IRQHandler</a> from startup_stm32f103xe.o(.text) referenced from startup_stm32f103xe.o(RESET)
 <LI><a href="#[43]">DMA2_Channel2_IRQHandler</a> from startup_stm32f103xe.o(.text) referenced from startup_stm32f103xe.o(RESET)
 <LI><a href="#[44]">DMA2_Channel3_IRQHandler</a> from startup_stm32f103xe.o(.text) referenced from startup_stm32f103xe.o(RESET)
 <LI><a href="#[45]">DMA2_Channel4_5_IRQHandler</a> from startup_stm32f103xe.o(.text) referenced from startup_stm32f103xe.o(RESET)
 <LI><a href="#[7]">DebugMon_Handler</a> from stm32f1xx_it.o(i.DebugMon_Handler) referenced from startup_stm32f103xe.o(RESET)
 <LI><a href="#[10]">EXTI0_IRQHandler</a> from startup_stm32f103xe.o(.text) referenced from startup_stm32f103xe.o(RESET)
 <LI><a href="#[32]">EXTI15_10_IRQHandler</a> from startup_stm32f103xe.o(.text) referenced from startup_stm32f103xe.o(RESET)
 <LI><a href="#[11]">EXTI1_IRQHandler</a> from startup_stm32f103xe.o(.text) referenced from startup_stm32f103xe.o(RESET)
 <LI><a href="#[12]">EXTI2_IRQHandler</a> from startup_stm32f103xe.o(.text) referenced from startup_stm32f103xe.o(RESET)
 <LI><a href="#[13]">EXTI3_IRQHandler</a> from startup_stm32f103xe.o(.text) referenced from startup_stm32f103xe.o(RESET)
 <LI><a href="#[14]">EXTI4_IRQHandler</a> from startup_stm32f103xe.o(.text) referenced from startup_stm32f103xe.o(RESET)
 <LI><a href="#[21]">EXTI9_5_IRQHandler</a> from startup_stm32f103xe.o(.text) referenced from startup_stm32f103xe.o(RESET)
 <LI><a href="#[e]">FLASH_IRQHandler</a> from startup_stm32f103xe.o(.text) referenced from startup_stm32f103xe.o(RESET)
 <LI><a href="#[3a]">FSMC_IRQHandler</a> from startup_stm32f103xe.o(.text) referenced from startup_stm32f103xe.o(RESET)
 <LI><a href="#[2]">HardFault_Handler</a> from stm32f1xx_it.o(i.HardFault_Handler) referenced from startup_stm32f103xe.o(RESET)
 <LI><a href="#[2a]">I2C1_ER_IRQHandler</a> from startup_stm32f103xe.o(.text) referenced from startup_stm32f103xe.o(RESET)
 <LI><a href="#[29]">I2C1_EV_IRQHandler</a> from startup_stm32f103xe.o(.text) referenced from startup_stm32f103xe.o(RESET)
 <LI><a href="#[2c]">I2C2_ER_IRQHandler</a> from startup_stm32f103xe.o(.text) referenced from startup_stm32f103xe.o(RESET)
 <LI><a href="#[2b]">I2C2_EV_IRQHandler</a> from startup_stm32f103xe.o(.text) referenced from startup_stm32f103xe.o(RESET)
 <LI><a href="#[3]">MemManage_Handler</a> from stm32f1xx_it.o(i.MemManage_Handler) referenced from startup_stm32f103xe.o(RESET)
 <LI><a href="#[1]">NMI_Handler</a> from stm32f1xx_it.o(i.NMI_Handler) referenced from startup_stm32f103xe.o(RESET)
 <LI><a href="#[b]">PVD_IRQHandler</a> from startup_stm32f103xe.o(.text) referenced from startup_stm32f103xe.o(RESET)
 <LI><a href="#[8]">PendSV_Handler</a> from stm32f1xx_it.o(i.PendSV_Handler) referenced from startup_stm32f103xe.o(RESET)
 <LI><a href="#[f]">RCC_IRQHandler</a> from startup_stm32f103xe.o(.text) referenced from startup_stm32f103xe.o(RESET)
 <LI><a href="#[33]">RTC_Alarm_IRQHandler</a> from startup_stm32f103xe.o(.text) referenced from startup_stm32f103xe.o(RESET)
 <LI><a href="#[d]">RTC_IRQHandler</a> from stm32f1xx_it.o(i.RTC_IRQHandler) referenced from startup_stm32f103xe.o(RESET)
 <LI><a href="#[0]">Reset_Handler</a> from startup_stm32f103xe.o(.text) referenced from startup_stm32f103xe.o(RESET)
 <LI><a href="#[3b]">SDIO_IRQHandler</a> from startup_stm32f103xe.o(.text) referenced from startup_stm32f103xe.o(RESET)
 <LI><a href="#[2d]">SPI1_IRQHandler</a> from startup_stm32f103xe.o(.text) referenced from startup_stm32f103xe.o(RESET)
 <LI><a href="#[2e]">SPI2_IRQHandler</a> from startup_stm32f103xe.o(.text) referenced from startup_stm32f103xe.o(RESET)
 <LI><a href="#[3d]">SPI3_IRQHandler</a> from startup_stm32f103xe.o(.text) referenced from startup_stm32f103xe.o(RESET)
 <LI><a href="#[6]">SVC_Handler</a> from stm32f1xx_it.o(i.SVC_Handler) referenced from startup_stm32f103xe.o(RESET)
 <LI><a href="#[9]">SysTick_Handler</a> from stm32f1xx_it.o(i.SysTick_Handler) referenced from startup_stm32f103xe.o(RESET)
 <LI><a href="#[47]">SystemInit</a> from system_stm32f1xx.o(i.SystemInit) referenced from startup_stm32f103xe.o(.text)
 <LI><a href="#[c]">TAMPER_IRQHandler</a> from startup_stm32f103xe.o(.text) referenced from startup_stm32f103xe.o(RESET)
 <LI><a href="#[22]">TIM1_BRK_IRQHandler</a> from startup_stm32f103xe.o(.text) referenced from startup_stm32f103xe.o(RESET)
 <LI><a href="#[25]">TIM1_CC_IRQHandler</a> from startup_stm32f103xe.o(.text) referenced from startup_stm32f103xe.o(RESET)
 <LI><a href="#[24]">TIM1_TRG_COM_IRQHandler</a> from startup_stm32f103xe.o(.text) referenced from startup_stm32f103xe.o(RESET)
 <LI><a href="#[23]">TIM1_UP_IRQHandler</a> from startup_stm32f103xe.o(.text) referenced from startup_stm32f103xe.o(RESET)
 <LI><a href="#[26]">TIM2_IRQHandler</a> from startup_stm32f103xe.o(.text) referenced from startup_stm32f103xe.o(RESET)
 <LI><a href="#[27]">TIM3_IRQHandler</a> from startup_stm32f103xe.o(.text) referenced from startup_stm32f103xe.o(RESET)
 <LI><a href="#[28]">TIM4_IRQHandler</a> from startup_stm32f103xe.o(.text) referenced from startup_stm32f103xe.o(RESET)
 <LI><a href="#[3c]">TIM5_IRQHandler</a> from startup_stm32f103xe.o(.text) referenced from startup_stm32f103xe.o(RESET)
 <LI><a href="#[40]">TIM6_IRQHandler</a> from stm32f1xx_it.o(i.TIM6_IRQHandler) referenced from startup_stm32f103xe.o(RESET)
 <LI><a href="#[41]">TIM7_IRQHandler</a> from startup_stm32f103xe.o(.text) referenced from startup_stm32f103xe.o(RESET)
 <LI><a href="#[35]">TIM8_BRK_IRQHandler</a> from startup_stm32f103xe.o(.text) referenced from startup_stm32f103xe.o(RESET)
 <LI><a href="#[38]">TIM8_CC_IRQHandler</a> from startup_stm32f103xe.o(.text) referenced from startup_stm32f103xe.o(RESET)
 <LI><a href="#[37]">TIM8_TRG_COM_IRQHandler</a> from startup_stm32f103xe.o(.text) referenced from startup_stm32f103xe.o(RESET)
 <LI><a href="#[36]">TIM8_UP_IRQHandler</a> from startup_stm32f103xe.o(.text) referenced from startup_stm32f103xe.o(RESET)
 <LI><a href="#[3e]">UART4_IRQHandler</a> from stm32f1xx_it.o(i.UART4_IRQHandler) referenced from startup_stm32f103xe.o(RESET)
 <LI><a href="#[3f]">UART5_IRQHandler</a> from startup_stm32f103xe.o(.text) referenced from startup_stm32f103xe.o(RESET)
 <LI><a href="#[4c]">UART_DMAAbortOnError</a> from stm32f1xx_hal_uart.o(i.UART_DMAAbortOnError) referenced from stm32f1xx_hal_uart.o(i.HAL_UART_IRQHandler)
 <LI><a href="#[2f]">USART1_IRQHandler</a> from stm32f1xx_it.o(i.USART1_IRQHandler) referenced from startup_stm32f103xe.o(RESET)
 <LI><a href="#[30]">USART2_IRQHandler</a> from startup_stm32f103xe.o(.text) referenced from startup_stm32f103xe.o(RESET)
 <LI><a href="#[31]">USART3_IRQHandler</a> from stm32f1xx_it.o(i.USART3_IRQHandler) referenced from startup_stm32f103xe.o(RESET)
 <LI><a href="#[34]">USBWakeUp_IRQHandler</a> from startup_stm32f103xe.o(.text) referenced from startup_stm32f103xe.o(RESET)
 <LI><a href="#[1d]">USB_HP_CAN1_TX_IRQHandler</a> from startup_stm32f103xe.o(.text) referenced from startup_stm32f103xe.o(RESET)
 <LI><a href="#[1e]">USB_LP_CAN1_RX0_IRQHandler</a> from startup_stm32f103xe.o(.text) referenced from startup_stm32f103xe.o(RESET)
 <LI><a href="#[5]">UsageFault_Handler</a> from stm32f1xx_it.o(i.UsageFault_Handler) referenced from startup_stm32f103xe.o(RESET)
 <LI><a href="#[a]">WWDG_IRQHandler</a> from startup_stm32f103xe.o(.text) referenced from startup_stm32f103xe.o(RESET)
 <LI><a href="#[48]">__main</a> from entry.o(.ARM.Collect$$$$00000000) referenced from startup_stm32f103xe.o(.text)
 <LI><a href="#[46]">main</a> from main.o(i.main) referenced from entry9a.o(.ARM.Collect$$$$0000000B)
</UL>
<P>
<H3>
Global Symbols
</H3>
<P><STRONG><a name="[48]"></a>__main</STRONG> (Thumb, 0 bytes, Stack size unknown bytes, entry.o(.ARM.Collect$$$$00000000))
<BR>[Address Reference Count : 1]<UL><LI> startup_stm32f103xe.o(.text)
</UL>
<P><STRONG><a name="[1c3]"></a>_main_stk</STRONG> (Thumb, 0 bytes, Stack size unknown bytes, entry2.o(.ARM.Collect$$$$00000001))

<P><STRONG><a name="[4d]"></a>_main_scatterload</STRONG> (Thumb, 0 bytes, Stack size unknown bytes, entry5.o(.ARM.Collect$$$$00000004))
<BR><BR>[Calls]<UL><LI><a href="#[4e]">&gt;&gt;</a>&nbsp;&nbsp;&nbsp;__scatterload
</UL>

<P><STRONG><a name="[6a]"></a>__main_after_scatterload</STRONG> (Thumb, 0 bytes, Stack size unknown bytes, entry5.o(.ARM.Collect$$$$00000004))
<BR><BR>[Called By]<UL><LI><a href="#[4e]">&gt;&gt;</a>&nbsp;&nbsp;&nbsp;__scatterload
</UL>

<P><STRONG><a name="[1c4]"></a>_main_clock</STRONG> (Thumb, 0 bytes, Stack size unknown bytes, entry7b.o(.ARM.Collect$$$$00000008))

<P><STRONG><a name="[1c5]"></a>_main_cpp_init</STRONG> (Thumb, 0 bytes, Stack size unknown bytes, entry8b.o(.ARM.Collect$$$$0000000A))

<P><STRONG><a name="[1c6]"></a>_main_init</STRONG> (Thumb, 0 bytes, Stack size unknown bytes, entry9a.o(.ARM.Collect$$$$0000000B))

<P><STRONG><a name="[1c7]"></a>__rt_lib_shutdown_fini</STRONG> (Thumb, 0 bytes, Stack size unknown bytes, entry12b.o(.ARM.Collect$$$$0000000E))

<P><STRONG><a name="[1c8]"></a>__rt_final_cpp</STRONG> (Thumb, 0 bytes, Stack size unknown bytes, entry10a.o(.ARM.Collect$$$$0000000F))

<P><STRONG><a name="[1c9]"></a>__rt_final_exit</STRONG> (Thumb, 0 bytes, Stack size unknown bytes, entry11a.o(.ARM.Collect$$$$00000011))

<P><STRONG><a name="[0]"></a>Reset_Handler</STRONG> (Thumb, 8 bytes, Stack size 0 bytes, startup_stm32f103xe.o(.text))
<BR>[Address Reference Count : 1]<UL><LI> startup_stm32f103xe.o(RESET)
</UL>
<P><STRONG><a name="[1c]"></a>ADC1_2_IRQHandler</STRONG> (Thumb, 0 bytes, Stack size 0 bytes, startup_stm32f103xe.o(.text))
<BR><BR>[Calls]<UL><LI><a href="#[1c]">&gt;&gt;</a>&nbsp;&nbsp;&nbsp;ADC1_2_IRQHandler
</UL>
<BR>[Called By]<UL><LI><a href="#[1c]">&gt;&gt;</a>&nbsp;&nbsp;&nbsp;ADC1_2_IRQHandler
</UL>
<BR>[Address Reference Count : 1]<UL><LI> startup_stm32f103xe.o(RESET)
</UL>
<P><STRONG><a name="[39]"></a>ADC3_IRQHandler</STRONG> (Thumb, 0 bytes, Stack size 0 bytes, startup_stm32f103xe.o(.text))
<BR>[Address Reference Count : 1]<UL><LI> startup_stm32f103xe.o(RESET)
</UL>
<P><STRONG><a name="[1f]"></a>CAN1_RX1_IRQHandler</STRONG> (Thumb, 0 bytes, Stack size 0 bytes, startup_stm32f103xe.o(.text))
<BR>[Address Reference Count : 1]<UL><LI> startup_stm32f103xe.o(RESET)
</UL>
<P><STRONG><a name="[20]"></a>CAN1_SCE_IRQHandler</STRONG> (Thumb, 0 bytes, Stack size 0 bytes, startup_stm32f103xe.o(.text))
<BR>[Address Reference Count : 1]<UL><LI> startup_stm32f103xe.o(RESET)
</UL>
<P><STRONG><a name="[16]"></a>DMA1_Channel2_IRQHandler</STRONG> (Thumb, 0 bytes, Stack size 0 bytes, startup_stm32f103xe.o(.text))
<BR>[Address Reference Count : 1]<UL><LI> startup_stm32f103xe.o(RESET)
</UL>
<P><STRONG><a name="[17]"></a>DMA1_Channel3_IRQHandler</STRONG> (Thumb, 0 bytes, Stack size 0 bytes, startup_stm32f103xe.o(.text))
<BR>[Address Reference Count : 1]<UL><LI> startup_stm32f103xe.o(RESET)
</UL>
<P><STRONG><a name="[18]"></a>DMA1_Channel4_IRQHandler</STRONG> (Thumb, 0 bytes, Stack size 0 bytes, startup_stm32f103xe.o(.text))
<BR>[Address Reference Count : 1]<UL><LI> startup_stm32f103xe.o(RESET)
</UL>
<P><STRONG><a name="[19]"></a>DMA1_Channel5_IRQHandler</STRONG> (Thumb, 0 bytes, Stack size 0 bytes, startup_stm32f103xe.o(.text))
<BR>[Address Reference Count : 1]<UL><LI> startup_stm32f103xe.o(RESET)
</UL>
<P><STRONG><a name="[1a]"></a>DMA1_Channel6_IRQHandler</STRONG> (Thumb, 0 bytes, Stack size 0 bytes, startup_stm32f103xe.o(.text))
<BR>[Address Reference Count : 1]<UL><LI> startup_stm32f103xe.o(RESET)
</UL>
<P><STRONG><a name="[1b]"></a>DMA1_Channel7_IRQHandler</STRONG> (Thumb, 0 bytes, Stack size 0 bytes, startup_stm32f103xe.o(.text))
<BR>[Address Reference Count : 1]<UL><LI> startup_stm32f103xe.o(RESET)
</UL>
<P><STRONG><a name="[42]"></a>DMA2_Channel1_IRQHandler</STRONG> (Thumb, 0 bytes, Stack size 0 bytes, startup_stm32f103xe.o(.text))
<BR>[Address Reference Count : 1]<UL><LI> startup_stm32f103xe.o(RESET)
</UL>
<P><STRONG><a name="[43]"></a>DMA2_Channel2_IRQHandler</STRONG> (Thumb, 0 bytes, Stack size 0 bytes, startup_stm32f103xe.o(.text))
<BR>[Address Reference Count : 1]<UL><LI> startup_stm32f103xe.o(RESET)
</UL>
<P><STRONG><a name="[44]"></a>DMA2_Channel3_IRQHandler</STRONG> (Thumb, 0 bytes, Stack size 0 bytes, startup_stm32f103xe.o(.text))
<BR>[Address Reference Count : 1]<UL><LI> startup_stm32f103xe.o(RESET)
</UL>
<P><STRONG><a name="[45]"></a>DMA2_Channel4_5_IRQHandler</STRONG> (Thumb, 0 bytes, Stack size 0 bytes, startup_stm32f103xe.o(.text))
<BR>[Address Reference Count : 1]<UL><LI> startup_stm32f103xe.o(RESET)
</UL>
<P><STRONG><a name="[10]"></a>EXTI0_IRQHandler</STRONG> (Thumb, 0 bytes, Stack size 0 bytes, startup_stm32f103xe.o(.text))
<BR>[Address Reference Count : 1]<UL><LI> startup_stm32f103xe.o(RESET)
</UL>
<P><STRONG><a name="[32]"></a>EXTI15_10_IRQHandler</STRONG> (Thumb, 0 bytes, Stack size 0 bytes, startup_stm32f103xe.o(.text))
<BR>[Address Reference Count : 1]<UL><LI> startup_stm32f103xe.o(RESET)
</UL>
<P><STRONG><a name="[11]"></a>EXTI1_IRQHandler</STRONG> (Thumb, 0 bytes, Stack size 0 bytes, startup_stm32f103xe.o(.text))
<BR>[Address Reference Count : 1]<UL><LI> startup_stm32f103xe.o(RESET)
</UL>
<P><STRONG><a name="[12]"></a>EXTI2_IRQHandler</STRONG> (Thumb, 0 bytes, Stack size 0 bytes, startup_stm32f103xe.o(.text))
<BR>[Address Reference Count : 1]<UL><LI> startup_stm32f103xe.o(RESET)
</UL>
<P><STRONG><a name="[13]"></a>EXTI3_IRQHandler</STRONG> (Thumb, 0 bytes, Stack size 0 bytes, startup_stm32f103xe.o(.text))
<BR>[Address Reference Count : 1]<UL><LI> startup_stm32f103xe.o(RESET)
</UL>
<P><STRONG><a name="[14]"></a>EXTI4_IRQHandler</STRONG> (Thumb, 0 bytes, Stack size 0 bytes, startup_stm32f103xe.o(.text))
<BR>[Address Reference Count : 1]<UL><LI> startup_stm32f103xe.o(RESET)
</UL>
<P><STRONG><a name="[21]"></a>EXTI9_5_IRQHandler</STRONG> (Thumb, 0 bytes, Stack size 0 bytes, startup_stm32f103xe.o(.text))
<BR>[Address Reference Count : 1]<UL><LI> startup_stm32f103xe.o(RESET)
</UL>
<P><STRONG><a name="[e]"></a>FLASH_IRQHandler</STRONG> (Thumb, 0 bytes, Stack size 0 bytes, startup_stm32f103xe.o(.text))
<BR>[Address Reference Count : 1]<UL><LI> startup_stm32f103xe.o(RESET)
</UL>
<P><STRONG><a name="[3a]"></a>FSMC_IRQHandler</STRONG> (Thumb, 0 bytes, Stack size 0 bytes, startup_stm32f103xe.o(.text))
<BR>[Address Reference Count : 1]<UL><LI> startup_stm32f103xe.o(RESET)
</UL>
<P><STRONG><a name="[2a]"></a>I2C1_ER_IRQHandler</STRONG> (Thumb, 0 bytes, Stack size 0 bytes, startup_stm32f103xe.o(.text))
<BR>[Address Reference Count : 1]<UL><LI> startup_stm32f103xe.o(RESET)
</UL>
<P><STRONG><a name="[29]"></a>I2C1_EV_IRQHandler</STRONG> (Thumb, 0 bytes, Stack size 0 bytes, startup_stm32f103xe.o(.text))
<BR>[Address Reference Count : 1]<UL><LI> startup_stm32f103xe.o(RESET)
</UL>
<P><STRONG><a name="[2c]"></a>I2C2_ER_IRQHandler</STRONG> (Thumb, 0 bytes, Stack size 0 bytes, startup_stm32f103xe.o(.text))
<BR>[Address Reference Count : 1]<UL><LI> startup_stm32f103xe.o(RESET)
</UL>
<P><STRONG><a name="[2b]"></a>I2C2_EV_IRQHandler</STRONG> (Thumb, 0 bytes, Stack size 0 bytes, startup_stm32f103xe.o(.text))
<BR>[Address Reference Count : 1]<UL><LI> startup_stm32f103xe.o(RESET)
</UL>
<P><STRONG><a name="[b]"></a>PVD_IRQHandler</STRONG> (Thumb, 0 bytes, Stack size 0 bytes, startup_stm32f103xe.o(.text))
<BR>[Address Reference Count : 1]<UL><LI> startup_stm32f103xe.o(RESET)
</UL>
<P><STRONG><a name="[f]"></a>RCC_IRQHandler</STRONG> (Thumb, 0 bytes, Stack size 0 bytes, startup_stm32f103xe.o(.text))
<BR>[Address Reference Count : 1]<UL><LI> startup_stm32f103xe.o(RESET)
</UL>
<P><STRONG><a name="[33]"></a>RTC_Alarm_IRQHandler</STRONG> (Thumb, 0 bytes, Stack size 0 bytes, startup_stm32f103xe.o(.text))
<BR>[Address Reference Count : 1]<UL><LI> startup_stm32f103xe.o(RESET)
</UL>
<P><STRONG><a name="[3b]"></a>SDIO_IRQHandler</STRONG> (Thumb, 0 bytes, Stack size 0 bytes, startup_stm32f103xe.o(.text))
<BR>[Address Reference Count : 1]<UL><LI> startup_stm32f103xe.o(RESET)
</UL>
<P><STRONG><a name="[2d]"></a>SPI1_IRQHandler</STRONG> (Thumb, 0 bytes, Stack size 0 bytes, startup_stm32f103xe.o(.text))
<BR>[Address Reference Count : 1]<UL><LI> startup_stm32f103xe.o(RESET)
</UL>
<P><STRONG><a name="[2e]"></a>SPI2_IRQHandler</STRONG> (Thumb, 0 bytes, Stack size 0 bytes, startup_stm32f103xe.o(.text))
<BR>[Address Reference Count : 1]<UL><LI> startup_stm32f103xe.o(RESET)
</UL>
<P><STRONG><a name="[3d]"></a>SPI3_IRQHandler</STRONG> (Thumb, 0 bytes, Stack size 0 bytes, startup_stm32f103xe.o(.text))
<BR>[Address Reference Count : 1]<UL><LI> startup_stm32f103xe.o(RESET)
</UL>
<P><STRONG><a name="[c]"></a>TAMPER_IRQHandler</STRONG> (Thumb, 0 bytes, Stack size 0 bytes, startup_stm32f103xe.o(.text))
<BR>[Address Reference Count : 1]<UL><LI> startup_stm32f103xe.o(RESET)
</UL>
<P><STRONG><a name="[22]"></a>TIM1_BRK_IRQHandler</STRONG> (Thumb, 0 bytes, Stack size 0 bytes, startup_stm32f103xe.o(.text))
<BR>[Address Reference Count : 1]<UL><LI> startup_stm32f103xe.o(RESET)
</UL>
<P><STRONG><a name="[25]"></a>TIM1_CC_IRQHandler</STRONG> (Thumb, 0 bytes, Stack size 0 bytes, startup_stm32f103xe.o(.text))
<BR>[Address Reference Count : 1]<UL><LI> startup_stm32f103xe.o(RESET)
</UL>
<P><STRONG><a name="[24]"></a>TIM1_TRG_COM_IRQHandler</STRONG> (Thumb, 0 bytes, Stack size 0 bytes, startup_stm32f103xe.o(.text))
<BR>[Address Reference Count : 1]<UL><LI> startup_stm32f103xe.o(RESET)
</UL>
<P><STRONG><a name="[23]"></a>TIM1_UP_IRQHandler</STRONG> (Thumb, 0 bytes, Stack size 0 bytes, startup_stm32f103xe.o(.text))
<BR>[Address Reference Count : 1]<UL><LI> startup_stm32f103xe.o(RESET)
</UL>
<P><STRONG><a name="[26]"></a>TIM2_IRQHandler</STRONG> (Thumb, 0 bytes, Stack size 0 bytes, startup_stm32f103xe.o(.text))
<BR>[Address Reference Count : 1]<UL><LI> startup_stm32f103xe.o(RESET)
</UL>
<P><STRONG><a name="[27]"></a>TIM3_IRQHandler</STRONG> (Thumb, 0 bytes, Stack size 0 bytes, startup_stm32f103xe.o(.text))
<BR>[Address Reference Count : 1]<UL><LI> startup_stm32f103xe.o(RESET)
</UL>
<P><STRONG><a name="[28]"></a>TIM4_IRQHandler</STRONG> (Thumb, 0 bytes, Stack size 0 bytes, startup_stm32f103xe.o(.text))
<BR>[Address Reference Count : 1]<UL><LI> startup_stm32f103xe.o(RESET)
</UL>
<P><STRONG><a name="[3c]"></a>TIM5_IRQHandler</STRONG> (Thumb, 0 bytes, Stack size 0 bytes, startup_stm32f103xe.o(.text))
<BR>[Address Reference Count : 1]<UL><LI> startup_stm32f103xe.o(RESET)
</UL>
<P><STRONG><a name="[41]"></a>TIM7_IRQHandler</STRONG> (Thumb, 0 bytes, Stack size 0 bytes, startup_stm32f103xe.o(.text))
<BR>[Address Reference Count : 1]<UL><LI> startup_stm32f103xe.o(RESET)
</UL>
<P><STRONG><a name="[35]"></a>TIM8_BRK_IRQHandler</STRONG> (Thumb, 0 bytes, Stack size 0 bytes, startup_stm32f103xe.o(.text))
<BR>[Address Reference Count : 1]<UL><LI> startup_stm32f103xe.o(RESET)
</UL>
<P><STRONG><a name="[38]"></a>TIM8_CC_IRQHandler</STRONG> (Thumb, 0 bytes, Stack size 0 bytes, startup_stm32f103xe.o(.text))
<BR>[Address Reference Count : 1]<UL><LI> startup_stm32f103xe.o(RESET)
</UL>
<P><STRONG><a name="[37]"></a>TIM8_TRG_COM_IRQHandler</STRONG> (Thumb, 0 bytes, Stack size 0 bytes, startup_stm32f103xe.o(.text))
<BR>[Address Reference Count : 1]<UL><LI> startup_stm32f103xe.o(RESET)
</UL>
<P><STRONG><a name="[36]"></a>TIM8_UP_IRQHandler</STRONG> (Thumb, 0 bytes, Stack size 0 bytes, startup_stm32f103xe.o(.text))
<BR>[Address Reference Count : 1]<UL><LI> startup_stm32f103xe.o(RESET)
</UL>
<P><STRONG><a name="[3f]"></a>UART5_IRQHandler</STRONG> (Thumb, 0 bytes, Stack size 0 bytes, startup_stm32f103xe.o(.text))
<BR>[Address Reference Count : 1]<UL><LI> startup_stm32f103xe.o(RESET)
</UL>
<P><STRONG><a name="[30]"></a>USART2_IRQHandler</STRONG> (Thumb, 0 bytes, Stack size 0 bytes, startup_stm32f103xe.o(.text))
<BR>[Address Reference Count : 1]<UL><LI> startup_stm32f103xe.o(RESET)
</UL>
<P><STRONG><a name="[34]"></a>USBWakeUp_IRQHandler</STRONG> (Thumb, 0 bytes, Stack size 0 bytes, startup_stm32f103xe.o(.text))
<BR>[Address Reference Count : 1]<UL><LI> startup_stm32f103xe.o(RESET)
</UL>
<P><STRONG><a name="[1d]"></a>USB_HP_CAN1_TX_IRQHandler</STRONG> (Thumb, 0 bytes, Stack size 0 bytes, startup_stm32f103xe.o(.text))
<BR>[Address Reference Count : 1]<UL><LI> startup_stm32f103xe.o(RESET)
</UL>
<P><STRONG><a name="[1e]"></a>USB_LP_CAN1_RX0_IRQHandler</STRONG> (Thumb, 0 bytes, Stack size 0 bytes, startup_stm32f103xe.o(.text))
<BR>[Address Reference Count : 1]<UL><LI> startup_stm32f103xe.o(RESET)
</UL>
<P><STRONG><a name="[a]"></a>WWDG_IRQHandler</STRONG> (Thumb, 0 bytes, Stack size 0 bytes, startup_stm32f103xe.o(.text))
<BR>[Address Reference Count : 1]<UL><LI> startup_stm32f103xe.o(RESET)
</UL>
<P><STRONG><a name="[108]"></a>cr4_fft_256_stm32</STRONG> (Thumb, 0 bytes, Stack size unknown bytes, cr4_fft_256_stm32.o(.text))
<BR><BR>[Called By]<UL><LI><a href="#[107]">&gt;&gt;</a>&nbsp;&nbsp;&nbsp;Harmonic_Content_Calculate
</UL>

<P><STRONG><a name="[66]"></a>__aeabi_llsr</STRONG> (Thumb, 32 bytes, Stack size 0 bytes, llushr.o(.text))
<BR><BR>[Called By]<UL><LI><a href="#[67]">&gt;&gt;</a>&nbsp;&nbsp;&nbsp;__aeabi_d2uiz
<LI><a href="#[65]">&gt;&gt;</a>&nbsp;&nbsp;&nbsp;__aeabi_d2iz
<LI><a href="#[5b]">&gt;&gt;</a>&nbsp;&nbsp;&nbsp;_double_epilogue
<LI><a href="#[69]">&gt;&gt;</a>&nbsp;&nbsp;&nbsp;_dsqrt
</UL>

<P><STRONG><a name="[1ca]"></a>_ll_ushift_r</STRONG> (Thumb, 0 bytes, Stack size 0 bytes, llushr.o(.text), UNUSED)

<P><STRONG><a name="[1cb]"></a>__aeabi_memcpy</STRONG> (Thumb, 36 bytes, Stack size 0 bytes, memcpya.o(.text), UNUSED)

<P><STRONG><a name="[1be]"></a>__aeabi_memcpy4</STRONG> (Thumb, 0 bytes, Stack size 0 bytes, memcpya.o(.text))
<BR><BR>[Called By]<UL><LI><a href="#[154]">&gt;&gt;</a>&nbsp;&nbsp;&nbsp;point_just
</UL>

<P><STRONG><a name="[1cc]"></a>__aeabi_memcpy8</STRONG> (Thumb, 0 bytes, Stack size 0 bytes, memcpya.o(.text), UNUSED)

<P><STRONG><a name="[50]"></a>__aeabi_memset</STRONG> (Thumb, 14 bytes, Stack size 0 bytes, memseta.o(.text), UNUSED)
<BR><BR>[Called By]<UL><LI><a href="#[51]">&gt;&gt;</a>&nbsp;&nbsp;&nbsp;_memset$wrapper
<LI><a href="#[4f]">&gt;&gt;</a>&nbsp;&nbsp;&nbsp;__aeabi_memclr
</UL>

<P><STRONG><a name="[1cd]"></a>__aeabi_memset4</STRONG> (Thumb, 0 bytes, Stack size 0 bytes, memseta.o(.text), UNUSED)

<P><STRONG><a name="[1ce]"></a>__aeabi_memset8</STRONG> (Thumb, 0 bytes, Stack size 0 bytes, memseta.o(.text), UNUSED)

<P><STRONG><a name="[4f]"></a>__aeabi_memclr</STRONG> (Thumb, 4 bytes, Stack size 0 bytes, memseta.o(.text), UNUSED)
<BR><BR>[Calls]<UL><LI><a href="#[50]">&gt;&gt;</a>&nbsp;&nbsp;&nbsp;__aeabi_memset
</UL>

<P><STRONG><a name="[170]"></a>__aeabi_memclr4</STRONG> (Thumb, 0 bytes, Stack size 0 bytes, memseta.o(.text))
<BR><BR>[Called By]<UL><LI><a href="#[179]">&gt;&gt;</a>&nbsp;&nbsp;&nbsp;USART_LCD_Transmit
<LI><a href="#[177]">&gt;&gt;</a>&nbsp;&nbsp;&nbsp;UART_LCD_process
<LI><a href="#[16f]">&gt;&gt;</a>&nbsp;&nbsp;&nbsp;SystemClock_Config
</UL>

<P><STRONG><a name="[1cf]"></a>__aeabi_memclr8</STRONG> (Thumb, 0 bytes, Stack size 0 bytes, memseta.o(.text), UNUSED)

<P><STRONG><a name="[51]"></a>_memset$wrapper</STRONG> (Thumb, 18 bytes, Stack size 8 bytes, memseta.o(.text), UNUSED)
<BR><BR>[Calls]<UL><LI><a href="#[50]">&gt;&gt;</a>&nbsp;&nbsp;&nbsp;__aeabi_memset
</UL>

<P><STRONG><a name="[52]"></a>__aeabi_fadd</STRONG> (Thumb, 164 bytes, Stack size 16 bytes, fadd.o(.text))
<BR><BR>[Stack]<UL><LI>Max Depth = 20<LI>Call Chain = __aeabi_fadd &rArr; _float_epilogue
</UL>
<BR>[Calls]<UL><LI><a href="#[54]">&gt;&gt;</a>&nbsp;&nbsp;&nbsp;_float_round
<LI><a href="#[53]">&gt;&gt;</a>&nbsp;&nbsp;&nbsp;_float_epilogue
</UL>
<BR>[Called By]<UL><LI><a href="#[55]">&gt;&gt;</a>&nbsp;&nbsp;&nbsp;__aeabi_fsub
<LI><a href="#[107]">&gt;&gt;</a>&nbsp;&nbsp;&nbsp;Harmonic_Content_Calculate
<LI><a href="#[113]">&gt;&gt;</a>&nbsp;&nbsp;&nbsp;LCD_Cal
<LI><a href="#[171]">&gt;&gt;</a>&nbsp;&nbsp;&nbsp;Time_bill
<LI><a href="#[181]">&gt;&gt;</a>&nbsp;&nbsp;&nbsp;cal
<LI><a href="#[109]">&gt;&gt;</a>&nbsp;&nbsp;&nbsp;powerMag
<LI><a href="#[56]">&gt;&gt;</a>&nbsp;&nbsp;&nbsp;__aeabi_frsub
</UL>

<P><STRONG><a name="[55]"></a>__aeabi_fsub</STRONG> (Thumb, 6 bytes, Stack size 0 bytes, fadd.o(.text))
<BR><BR>[Stack]<UL><LI>Max Depth = 20<LI>Call Chain = __aeabi_fsub &rArr; __aeabi_fadd &rArr; _float_epilogue
</UL>
<BR>[Calls]<UL><LI><a href="#[52]">&gt;&gt;</a>&nbsp;&nbsp;&nbsp;__aeabi_fadd
</UL>
<BR>[Called By]<UL><LI><a href="#[113]">&gt;&gt;</a>&nbsp;&nbsp;&nbsp;LCD_Cal
<LI><a href="#[171]">&gt;&gt;</a>&nbsp;&nbsp;&nbsp;Time_bill
<LI><a href="#[181]">&gt;&gt;</a>&nbsp;&nbsp;&nbsp;cal
</UL>

<P><STRONG><a name="[56]"></a>__aeabi_frsub</STRONG> (Thumb, 6 bytes, Stack size 0 bytes, fadd.o(.text), UNUSED)
<BR><BR>[Calls]<UL><LI><a href="#[52]">&gt;&gt;</a>&nbsp;&nbsp;&nbsp;__aeabi_fadd
</UL>

<P><STRONG><a name="[10a]"></a>__aeabi_fmul</STRONG> (Thumb, 100 bytes, Stack size 8 bytes, fmul.o(.text))
<BR><BR>[Stack]<UL><LI>Max Depth = 8<LI>Call Chain = __aeabi_fmul
</UL>
<BR>[Called By]<UL><LI><a href="#[107]">&gt;&gt;</a>&nbsp;&nbsp;&nbsp;Harmonic_Content_Calculate
<LI><a href="#[179]">&gt;&gt;</a>&nbsp;&nbsp;&nbsp;USART_LCD_Transmit
<LI><a href="#[113]">&gt;&gt;</a>&nbsp;&nbsp;&nbsp;LCD_Cal
<LI><a href="#[171]">&gt;&gt;</a>&nbsp;&nbsp;&nbsp;Time_bill
<LI><a href="#[181]">&gt;&gt;</a>&nbsp;&nbsp;&nbsp;cal
<LI><a href="#[109]">&gt;&gt;</a>&nbsp;&nbsp;&nbsp;powerMag
</UL>

<P><STRONG><a name="[57]"></a>__aeabi_fdiv</STRONG> (Thumb, 124 bytes, Stack size 8 bytes, fdiv.o(.text))
<BR><BR>[Stack]<UL><LI>Max Depth = 8<LI>Call Chain = __aeabi_fdiv
</UL>
<BR>[Calls]<UL><LI><a href="#[54]">&gt;&gt;</a>&nbsp;&nbsp;&nbsp;_float_round
</UL>
<BR>[Called By]<UL><LI><a href="#[107]">&gt;&gt;</a>&nbsp;&nbsp;&nbsp;Harmonic_Content_Calculate
<LI><a href="#[113]">&gt;&gt;</a>&nbsp;&nbsp;&nbsp;LCD_Cal
<LI><a href="#[171]">&gt;&gt;</a>&nbsp;&nbsp;&nbsp;Time_bill
<LI><a href="#[181]">&gt;&gt;</a>&nbsp;&nbsp;&nbsp;cal
<LI><a href="#[109]">&gt;&gt;</a>&nbsp;&nbsp;&nbsp;powerMag
</UL>

<P><STRONG><a name="[58]"></a>__aeabi_dadd</STRONG> (Thumb, 322 bytes, Stack size 48 bytes, dadd.o(.text))
<BR><BR>[Stack]<UL><LI>Max Depth = 88<LI>Call Chain = __aeabi_dadd &rArr; _double_epilogue &rArr; _double_round
</UL>
<BR>[Calls]<UL><LI><a href="#[5a]">&gt;&gt;</a>&nbsp;&nbsp;&nbsp;__aeabi_lasr
<LI><a href="#[59]">&gt;&gt;</a>&nbsp;&nbsp;&nbsp;__aeabi_llsl
<LI><a href="#[5c]">&gt;&gt;</a>&nbsp;&nbsp;&nbsp;_double_round
<LI><a href="#[5b]">&gt;&gt;</a>&nbsp;&nbsp;&nbsp;_double_epilogue
</UL>
<BR>[Called By]<UL><LI><a href="#[5d]">&gt;&gt;</a>&nbsp;&nbsp;&nbsp;__aeabi_dsub
<LI><a href="#[181]">&gt;&gt;</a>&nbsp;&nbsp;&nbsp;cal
<LI><a href="#[5e]">&gt;&gt;</a>&nbsp;&nbsp;&nbsp;__aeabi_drsub
</UL>

<P><STRONG><a name="[5d]"></a>__aeabi_dsub</STRONG> (Thumb, 6 bytes, Stack size 0 bytes, dadd.o(.text))
<BR><BR>[Stack]<UL><LI>Max Depth = 88<LI>Call Chain = __aeabi_dsub &rArr; __aeabi_dadd &rArr; _double_epilogue &rArr; _double_round
</UL>
<BR>[Calls]<UL><LI><a href="#[58]">&gt;&gt;</a>&nbsp;&nbsp;&nbsp;__aeabi_dadd
</UL>
<BR>[Called By]<UL><LI><a href="#[83]">&gt;&gt;</a>&nbsp;&nbsp;&nbsp;Cur_Process
</UL>

<P><STRONG><a name="[5e]"></a>__aeabi_drsub</STRONG> (Thumb, 6 bytes, Stack size 0 bytes, dadd.o(.text), UNUSED)
<BR><BR>[Calls]<UL><LI><a href="#[58]">&gt;&gt;</a>&nbsp;&nbsp;&nbsp;__aeabi_dadd
</UL>

<P><STRONG><a name="[5f]"></a>__aeabi_dmul</STRONG> (Thumb, 228 bytes, Stack size 48 bytes, dmul.o(.text))
<BR><BR>[Stack]<UL><LI>Max Depth = 88<LI>Call Chain = __aeabi_dmul &rArr; _double_epilogue &rArr; _double_round
</UL>
<BR>[Calls]<UL><LI><a href="#[5b]">&gt;&gt;</a>&nbsp;&nbsp;&nbsp;_double_epilogue
</UL>
<BR>[Called By]<UL><LI><a href="#[89]">&gt;&gt;</a>&nbsp;&nbsp;&nbsp;Cur_Switch
<LI><a href="#[9a]">&gt;&gt;</a>&nbsp;&nbsp;&nbsp;CurrentDataReadFun
<LI><a href="#[83]">&gt;&gt;</a>&nbsp;&nbsp;&nbsp;Cur_Process
<LI><a href="#[181]">&gt;&gt;</a>&nbsp;&nbsp;&nbsp;cal
</UL>

<P><STRONG><a name="[60]"></a>__aeabi_ddiv</STRONG> (Thumb, 222 bytes, Stack size 32 bytes, ddiv.o(.text))
<BR><BR>[Stack]<UL><LI>Max Depth = 40<LI>Call Chain = __aeabi_ddiv &rArr; _double_round
</UL>
<BR>[Calls]<UL><LI><a href="#[5c]">&gt;&gt;</a>&nbsp;&nbsp;&nbsp;_double_round
</UL>
<BR>[Called By]<UL><LI><a href="#[107]">&gt;&gt;</a>&nbsp;&nbsp;&nbsp;Harmonic_Content_Calculate
<LI><a href="#[171]">&gt;&gt;</a>&nbsp;&nbsp;&nbsp;Time_bill
<LI><a href="#[9a]">&gt;&gt;</a>&nbsp;&nbsp;&nbsp;CurrentDataReadFun
<LI><a href="#[181]">&gt;&gt;</a>&nbsp;&nbsp;&nbsp;cal
<LI><a href="#[ad]">&gt;&gt;</a>&nbsp;&nbsp;&nbsp;Energy_reset
</UL>

<P><STRONG><a name="[61]"></a>__aeabi_i2f</STRONG> (Thumb, 18 bytes, Stack size 0 bytes, fflti.o(.text))
<BR><BR>[Stack]<UL><LI>Max Depth = 4<LI>Call Chain = __aeabi_i2f &rArr; _float_epilogue
</UL>
<BR>[Calls]<UL><LI><a href="#[53]">&gt;&gt;</a>&nbsp;&nbsp;&nbsp;_float_epilogue
</UL>
<BR>[Called By]<UL><LI><a href="#[107]">&gt;&gt;</a>&nbsp;&nbsp;&nbsp;Harmonic_Content_Calculate
<LI><a href="#[113]">&gt;&gt;</a>&nbsp;&nbsp;&nbsp;LCD_Cal
<LI><a href="#[171]">&gt;&gt;</a>&nbsp;&nbsp;&nbsp;Time_bill
<LI><a href="#[181]">&gt;&gt;</a>&nbsp;&nbsp;&nbsp;cal
<LI><a href="#[109]">&gt;&gt;</a>&nbsp;&nbsp;&nbsp;powerMag
<LI><a href="#[104]">&gt;&gt;</a>&nbsp;&nbsp;&nbsp;HT7038_EEP_Initial
</UL>

<P><STRONG><a name="[62]"></a>__aeabi_ui2f</STRONG> (Thumb, 10 bytes, Stack size 0 bytes, ffltui.o(.text))
<BR><BR>[Stack]<UL><LI>Max Depth = 4<LI>Call Chain = __aeabi_ui2f &rArr; _float_epilogue
</UL>
<BR>[Calls]<UL><LI><a href="#[53]">&gt;&gt;</a>&nbsp;&nbsp;&nbsp;_float_epilogue
</UL>
<BR>[Called By]<UL><LI><a href="#[113]">&gt;&gt;</a>&nbsp;&nbsp;&nbsp;LCD_Cal
<LI><a href="#[171]">&gt;&gt;</a>&nbsp;&nbsp;&nbsp;Time_bill
<LI><a href="#[181]">&gt;&gt;</a>&nbsp;&nbsp;&nbsp;cal
</UL>

<P><STRONG><a name="[63]"></a>__aeabi_i2d</STRONG> (Thumb, 34 bytes, Stack size 16 bytes, dflti.o(.text))
<BR><BR>[Stack]<UL><LI>Max Depth = 56<LI>Call Chain = __aeabi_i2d &rArr; _double_epilogue &rArr; _double_round
</UL>
<BR>[Calls]<UL><LI><a href="#[5b]">&gt;&gt;</a>&nbsp;&nbsp;&nbsp;_double_epilogue
</UL>
<BR>[Called By]<UL><LI><a href="#[9a]">&gt;&gt;</a>&nbsp;&nbsp;&nbsp;CurrentDataReadFun
<LI><a href="#[83]">&gt;&gt;</a>&nbsp;&nbsp;&nbsp;Cur_Process
<LI><a href="#[181]">&gt;&gt;</a>&nbsp;&nbsp;&nbsp;cal
</UL>

<P><STRONG><a name="[64]"></a>__aeabi_ui2d</STRONG> (Thumb, 26 bytes, Stack size 16 bytes, dfltui.o(.text))
<BR><BR>[Stack]<UL><LI>Max Depth = 56<LI>Call Chain = __aeabi_ui2d &rArr; _double_epilogue &rArr; _double_round
</UL>
<BR>[Calls]<UL><LI><a href="#[5b]">&gt;&gt;</a>&nbsp;&nbsp;&nbsp;_double_epilogue
</UL>
<BR>[Called By]<UL><LI><a href="#[89]">&gt;&gt;</a>&nbsp;&nbsp;&nbsp;Cur_Switch
<LI><a href="#[171]">&gt;&gt;</a>&nbsp;&nbsp;&nbsp;Time_bill
<LI><a href="#[9a]">&gt;&gt;</a>&nbsp;&nbsp;&nbsp;CurrentDataReadFun
<LI><a href="#[83]">&gt;&gt;</a>&nbsp;&nbsp;&nbsp;Cur_Process
<LI><a href="#[ad]">&gt;&gt;</a>&nbsp;&nbsp;&nbsp;Energy_reset
</UL>

<P><STRONG><a name="[116]"></a>__aeabi_f2iz</STRONG> (Thumb, 50 bytes, Stack size 0 bytes, ffixi.o(.text))
<BR><BR>[Called By]<UL><LI><a href="#[113]">&gt;&gt;</a>&nbsp;&nbsp;&nbsp;LCD_Cal
<LI><a href="#[171]">&gt;&gt;</a>&nbsp;&nbsp;&nbsp;Time_bill
<LI><a href="#[181]">&gt;&gt;</a>&nbsp;&nbsp;&nbsp;cal
<LI><a href="#[109]">&gt;&gt;</a>&nbsp;&nbsp;&nbsp;powerMag
</UL>

<P><STRONG><a name="[117]"></a>__aeabi_f2uiz</STRONG> (Thumb, 40 bytes, Stack size 0 bytes, ffixui.o(.text))
<BR><BR>[Called By]<UL><LI><a href="#[179]">&gt;&gt;</a>&nbsp;&nbsp;&nbsp;USART_LCD_Transmit
<LI><a href="#[113]">&gt;&gt;</a>&nbsp;&nbsp;&nbsp;LCD_Cal
<LI><a href="#[181]">&gt;&gt;</a>&nbsp;&nbsp;&nbsp;cal
</UL>

<P><STRONG><a name="[65]"></a>__aeabi_d2iz</STRONG> (Thumb, 62 bytes, Stack size 16 bytes, dfixi.o(.text))
<BR><BR>[Stack]<UL><LI>Max Depth = 16<LI>Call Chain = __aeabi_d2iz
</UL>
<BR>[Calls]<UL><LI><a href="#[66]">&gt;&gt;</a>&nbsp;&nbsp;&nbsp;__aeabi_llsr
</UL>
<BR>[Called By]<UL><LI><a href="#[171]">&gt;&gt;</a>&nbsp;&nbsp;&nbsp;Time_bill
<LI><a href="#[9a]">&gt;&gt;</a>&nbsp;&nbsp;&nbsp;CurrentDataReadFun
<LI><a href="#[83]">&gt;&gt;</a>&nbsp;&nbsp;&nbsp;Cur_Process
<LI><a href="#[181]">&gt;&gt;</a>&nbsp;&nbsp;&nbsp;cal
<LI><a href="#[ad]">&gt;&gt;</a>&nbsp;&nbsp;&nbsp;Energy_reset
</UL>

<P><STRONG><a name="[67]"></a>__aeabi_d2uiz</STRONG> (Thumb, 50 bytes, Stack size 8 bytes, dfixui.o(.text))
<BR><BR>[Stack]<UL><LI>Max Depth = 8<LI>Call Chain = __aeabi_d2uiz
</UL>
<BR>[Calls]<UL><LI><a href="#[66]">&gt;&gt;</a>&nbsp;&nbsp;&nbsp;__aeabi_llsr
</UL>
<BR>[Called By]<UL><LI><a href="#[89]">&gt;&gt;</a>&nbsp;&nbsp;&nbsp;Cur_Switch
</UL>

<P><STRONG><a name="[10b]"></a>__aeabi_f2d</STRONG> (Thumb, 38 bytes, Stack size 0 bytes, f2d.o(.text))
<BR><BR>[Called By]<UL><LI><a href="#[107]">&gt;&gt;</a>&nbsp;&nbsp;&nbsp;Harmonic_Content_Calculate
<LI><a href="#[181]">&gt;&gt;</a>&nbsp;&nbsp;&nbsp;cal
<LI><a href="#[109]">&gt;&gt;</a>&nbsp;&nbsp;&nbsp;powerMag
</UL>

<P><STRONG><a name="[68]"></a>__aeabi_d2f</STRONG> (Thumb, 56 bytes, Stack size 8 bytes, d2f.o(.text))
<BR><BR>[Stack]<UL><LI>Max Depth = 8<LI>Call Chain = __aeabi_d2f
</UL>
<BR>[Calls]<UL><LI><a href="#[54]">&gt;&gt;</a>&nbsp;&nbsp;&nbsp;_float_round
</UL>
<BR>[Called By]<UL><LI><a href="#[107]">&gt;&gt;</a>&nbsp;&nbsp;&nbsp;Harmonic_Content_Calculate
<LI><a href="#[181]">&gt;&gt;</a>&nbsp;&nbsp;&nbsp;cal
<LI><a href="#[109]">&gt;&gt;</a>&nbsp;&nbsp;&nbsp;powerMag
</UL>

<P><STRONG><a name="[115]"></a>__aeabi_cfrcmple</STRONG> (Thumb, 20 bytes, Stack size 0 bytes, cfrcmple.o(.text))
<BR><BR>[Called By]<UL><LI><a href="#[113]">&gt;&gt;</a>&nbsp;&nbsp;&nbsp;LCD_Cal
<LI><a href="#[181]">&gt;&gt;</a>&nbsp;&nbsp;&nbsp;cal
</UL>

<P><STRONG><a name="[59]"></a>__aeabi_llsl</STRONG> (Thumb, 30 bytes, Stack size 0 bytes, llshl.o(.text))
<BR><BR>[Called By]<UL><LI><a href="#[58]">&gt;&gt;</a>&nbsp;&nbsp;&nbsp;__aeabi_dadd
<LI><a href="#[5b]">&gt;&gt;</a>&nbsp;&nbsp;&nbsp;_double_epilogue
</UL>

<P><STRONG><a name="[1d0]"></a>_ll_shift_l</STRONG> (Thumb, 0 bytes, Stack size 0 bytes, llshl.o(.text), UNUSED)

<P><STRONG><a name="[5a]"></a>__aeabi_lasr</STRONG> (Thumb, 36 bytes, Stack size 0 bytes, llsshr.o(.text))
<BR><BR>[Called By]<UL><LI><a href="#[58]">&gt;&gt;</a>&nbsp;&nbsp;&nbsp;__aeabi_dadd
</UL>

<P><STRONG><a name="[1d1]"></a>_ll_sshift_r</STRONG> (Thumb, 0 bytes, Stack size 0 bytes, llsshr.o(.text), UNUSED)

<P><STRONG><a name="[1d2]"></a>__I$use$fp</STRONG> (Thumb, 0 bytes, Stack size 0 bytes, iusefp.o(.text), UNUSED)

<P><STRONG><a name="[54]"></a>_float_round</STRONG> (Thumb, 18 bytes, Stack size 0 bytes, fepilogue.o(.text))
<BR><BR>[Called By]<UL><LI><a href="#[57]">&gt;&gt;</a>&nbsp;&nbsp;&nbsp;__aeabi_fdiv
<LI><a href="#[52]">&gt;&gt;</a>&nbsp;&nbsp;&nbsp;__aeabi_fadd
<LI><a href="#[68]">&gt;&gt;</a>&nbsp;&nbsp;&nbsp;__aeabi_d2f
</UL>

<P><STRONG><a name="[53]"></a>_float_epilogue</STRONG> (Thumb, 92 bytes, Stack size 4 bytes, fepilogue.o(.text))
<BR><BR>[Stack]<UL><LI>Max Depth = 4<LI>Call Chain = _float_epilogue
</UL>
<BR>[Called By]<UL><LI><a href="#[62]">&gt;&gt;</a>&nbsp;&nbsp;&nbsp;__aeabi_ui2f
<LI><a href="#[61]">&gt;&gt;</a>&nbsp;&nbsp;&nbsp;__aeabi_i2f
<LI><a href="#[52]">&gt;&gt;</a>&nbsp;&nbsp;&nbsp;__aeabi_fadd
</UL>

<P><STRONG><a name="[5c]"></a>_double_round</STRONG> (Thumb, 30 bytes, Stack size 8 bytes, depilogue.o(.text))
<BR><BR>[Stack]<UL><LI>Max Depth = 8<LI>Call Chain = _double_round
</UL>
<BR>[Called By]<UL><LI><a href="#[60]">&gt;&gt;</a>&nbsp;&nbsp;&nbsp;__aeabi_ddiv
<LI><a href="#[58]">&gt;&gt;</a>&nbsp;&nbsp;&nbsp;__aeabi_dadd
<LI><a href="#[5b]">&gt;&gt;</a>&nbsp;&nbsp;&nbsp;_double_epilogue
<LI><a href="#[69]">&gt;&gt;</a>&nbsp;&nbsp;&nbsp;_dsqrt
</UL>

<P><STRONG><a name="[5b]"></a>_double_epilogue</STRONG> (Thumb, 156 bytes, Stack size 32 bytes, depilogue.o(.text))
<BR><BR>[Stack]<UL><LI>Max Depth = 40<LI>Call Chain = _double_epilogue &rArr; _double_round
</UL>
<BR>[Calls]<UL><LI><a href="#[59]">&gt;&gt;</a>&nbsp;&nbsp;&nbsp;__aeabi_llsl
<LI><a href="#[5c]">&gt;&gt;</a>&nbsp;&nbsp;&nbsp;_double_round
<LI><a href="#[66]">&gt;&gt;</a>&nbsp;&nbsp;&nbsp;__aeabi_llsr
</UL>
<BR>[Called By]<UL><LI><a href="#[64]">&gt;&gt;</a>&nbsp;&nbsp;&nbsp;__aeabi_ui2d
<LI><a href="#[63]">&gt;&gt;</a>&nbsp;&nbsp;&nbsp;__aeabi_i2d
<LI><a href="#[5f]">&gt;&gt;</a>&nbsp;&nbsp;&nbsp;__aeabi_dmul
<LI><a href="#[58]">&gt;&gt;</a>&nbsp;&nbsp;&nbsp;__aeabi_dadd
</UL>

<P><STRONG><a name="[69]"></a>_dsqrt</STRONG> (Thumb, 162 bytes, Stack size 32 bytes, dsqrt.o(.text))
<BR><BR>[Stack]<UL><LI>Max Depth = 40<LI>Call Chain = _dsqrt &rArr; _double_round
</UL>
<BR>[Calls]<UL><LI><a href="#[5c]">&gt;&gt;</a>&nbsp;&nbsp;&nbsp;_double_round
<LI><a href="#[66]">&gt;&gt;</a>&nbsp;&nbsp;&nbsp;__aeabi_llsr
</UL>
<BR>[Called By]<UL><LI><a href="#[10c]">&gt;&gt;</a>&nbsp;&nbsp;&nbsp;sqrt
</UL>

<P><STRONG><a name="[4e]"></a>__scatterload</STRONG> (Thumb, 28 bytes, Stack size 0 bytes, init.o(.text))
<BR><BR>[Calls]<UL><LI><a href="#[6a]">&gt;&gt;</a>&nbsp;&nbsp;&nbsp;__main_after_scatterload
</UL>
<BR>[Called By]<UL><LI><a href="#[4d]">&gt;&gt;</a>&nbsp;&nbsp;&nbsp;_main_scatterload
</UL>

<P><STRONG><a name="[1d3]"></a>__scatterload_rt2</STRONG> (Thumb, 0 bytes, Stack size 0 bytes, init.o(.text), UNUSED)

<P><STRONG><a name="[1d4]"></a>__decompress</STRONG> (Thumb, 0 bytes, Stack size unknown bytes, __dclz77c.o(.text), UNUSED)

<P><STRONG><a name="[1d5]"></a>__decompress2</STRONG> (Thumb, 94 bytes, Stack size unknown bytes, __dclz77c.o(.text), UNUSED)

<P><STRONG><a name="[6b]"></a>ADC_ConversionStop_Disable</STRONG> (Thumb, 92 bytes, Stack size 16 bytes, stm32f1xx_hal_adc.o(i.ADC_ConversionStop_Disable))
<BR><BR>[Stack]<UL><LI>Max Depth = 16<LI>Call Chain = ADC_ConversionStop_Disable
</UL>
<BR>[Calls]<UL><LI><a href="#[6c]">&gt;&gt;</a>&nbsp;&nbsp;&nbsp;HAL_GetTick
</UL>
<BR>[Called By]<UL><LI><a href="#[b4]">&gt;&gt;</a>&nbsp;&nbsp;&nbsp;HAL_ADC_Init
<LI><a href="#[b2]">&gt;&gt;</a>&nbsp;&nbsp;&nbsp;HAL_ADCEx_Calibration_Start
</UL>

<P><STRONG><a name="[49]"></a>ADC_DMAConvCplt</STRONG> (Thumb, 82 bytes, Stack size 16 bytes, stm32f1xx_hal_adc.o(i.ADC_DMAConvCplt))
<BR><BR>[Stack]<UL><LI>Max Depth = 16<LI>Call Chain = ADC_DMAConvCplt
</UL>
<BR>[Calls]<UL><LI><a href="#[6d]">&gt;&gt;</a>&nbsp;&nbsp;&nbsp;HAL_ADC_ConvCpltCallback
</UL>
<BR>[Address Reference Count : 1]<UL><LI> stm32f1xx_hal_adc.o(i.HAL_ADC_Start_DMA)
</UL>
<P><STRONG><a name="[4b]"></a>ADC_DMAError</STRONG> (Thumb, 30 bytes, Stack size 16 bytes, stm32f1xx_hal_adc.o(i.ADC_DMAError))
<BR><BR>[Stack]<UL><LI>Max Depth = 16<LI>Call Chain = ADC_DMAError
</UL>
<BR>[Calls]<UL><LI><a href="#[6e]">&gt;&gt;</a>&nbsp;&nbsp;&nbsp;HAL_ADC_ErrorCallback
</UL>
<BR>[Address Reference Count : 1]<UL><LI> stm32f1xx_hal_adc.o(i.HAL_ADC_Start_DMA)
</UL>
<P><STRONG><a name="[4a]"></a>ADC_DMAHalfConvCplt</STRONG> (Thumb, 14 bytes, Stack size 16 bytes, stm32f1xx_hal_adc.o(i.ADC_DMAHalfConvCplt))
<BR><BR>[Stack]<UL><LI>Max Depth = 16<LI>Call Chain = ADC_DMAHalfConvCplt
</UL>
<BR>[Calls]<UL><LI><a href="#[6f]">&gt;&gt;</a>&nbsp;&nbsp;&nbsp;HAL_ADC_ConvHalfCpltCallback
</UL>
<BR>[Address Reference Count : 1]<UL><LI> stm32f1xx_hal_adc.o(i.HAL_ADC_Start_DMA)
</UL>
<P><STRONG><a name="[70]"></a>ADC_Enable</STRONG> (Thumb, 134 bytes, Stack size 16 bytes, stm32f1xx_hal_adc.o(i.ADC_Enable))
<BR><BR>[Stack]<UL><LI>Max Depth = 16<LI>Call Chain = ADC_Enable
</UL>
<BR>[Calls]<UL><LI><a href="#[6c]">&gt;&gt;</a>&nbsp;&nbsp;&nbsp;HAL_GetTick
</UL>
<BR>[Called By]<UL><LI><a href="#[b9]">&gt;&gt;</a>&nbsp;&nbsp;&nbsp;HAL_ADC_Start_DMA
<LI><a href="#[b2]">&gt;&gt;</a>&nbsp;&nbsp;&nbsp;HAL_ADCEx_Calibration_Start
</UL>

<P><STRONG><a name="[71]"></a>AT24CXX_ReadLongByte</STRONG> (Thumb, 118 bytes, Stack size 24 bytes, 24cxx.o(i.AT24CXX_ReadLongByte))
<BR><BR>[Stack]<UL><LI>Max Depth = 108<LI>Call Chain = AT24CXX_ReadLongByte &rArr; IIC_Read_Byte &rArr; IIC_NAck &rArr; SDA_OUT &rArr; HAL_GPIO_Init
</UL>
<BR>[Calls]<UL><LI><a href="#[74]">&gt;&gt;</a>&nbsp;&nbsp;&nbsp;IIC_Wait_Ack
<LI><a href="#[76]">&gt;&gt;</a>&nbsp;&nbsp;&nbsp;IIC_Stop
<LI><a href="#[72]">&gt;&gt;</a>&nbsp;&nbsp;&nbsp;IIC_Start
<LI><a href="#[73]">&gt;&gt;</a>&nbsp;&nbsp;&nbsp;IIC_Send_Byte
<LI><a href="#[75]">&gt;&gt;</a>&nbsp;&nbsp;&nbsp;IIC_Read_Byte
</UL>
<BR>[Called By]<UL><LI><a href="#[135]">&gt;&gt;</a>&nbsp;&nbsp;&nbsp;Read_Cur_calibrae_data
<LI><a href="#[1b0]">&gt;&gt;</a>&nbsp;&nbsp;&nbsp;external_E2_read
<LI><a href="#[13e]">&gt;&gt;</a>&nbsp;&nbsp;&nbsp;Read_SD_Cur_calibrae_data1
<LI><a href="#[13c]">&gt;&gt;</a>&nbsp;&nbsp;&nbsp;Read_SD_Cur_calibrae_data
</UL>

<P><STRONG><a name="[77]"></a>AT24CXX_ReadOneByte</STRONG> (Thumb, 92 bytes, Stack size 24 bytes, 24cxx.o(i.AT24CXX_ReadOneByte))
<BR><BR>[Stack]<UL><LI>Max Depth = 108<LI>Call Chain = AT24CXX_ReadOneByte &rArr; IIC_Read_Byte &rArr; IIC_NAck &rArr; SDA_OUT &rArr; HAL_GPIO_Init
</UL>
<BR>[Calls]<UL><LI><a href="#[74]">&gt;&gt;</a>&nbsp;&nbsp;&nbsp;IIC_Wait_Ack
<LI><a href="#[76]">&gt;&gt;</a>&nbsp;&nbsp;&nbsp;IIC_Stop
<LI><a href="#[72]">&gt;&gt;</a>&nbsp;&nbsp;&nbsp;IIC_Start
<LI><a href="#[73]">&gt;&gt;</a>&nbsp;&nbsp;&nbsp;IIC_Send_Byte
<LI><a href="#[75]">&gt;&gt;</a>&nbsp;&nbsp;&nbsp;IIC_Read_Byte
</UL>
<BR>[Called By]<UL><LI><a href="#[8a]">&gt;&gt;</a>&nbsp;&nbsp;&nbsp;EEPROM_R
</UL>

<P><STRONG><a name="[78]"></a>AT24CXX_WriteOneByte</STRONG> (Thumb, 82 bytes, Stack size 24 bytes, 24cxx.o(i.AT24CXX_WriteOneByte))
<BR><BR>[Stack]<UL><LI>Max Depth = 100<LI>Call Chain = AT24CXX_WriteOneByte &rArr; IIC_Wait_Ack &rArr; IIC_Stop &rArr; SDA_OUT &rArr; HAL_GPIO_Init
</UL>
<BR>[Calls]<UL><LI><a href="#[79]">&gt;&gt;</a>&nbsp;&nbsp;&nbsp;delay_ms
<LI><a href="#[74]">&gt;&gt;</a>&nbsp;&nbsp;&nbsp;IIC_Wait_Ack
<LI><a href="#[76]">&gt;&gt;</a>&nbsp;&nbsp;&nbsp;IIC_Stop
<LI><a href="#[72]">&gt;&gt;</a>&nbsp;&nbsp;&nbsp;IIC_Start
<LI><a href="#[73]">&gt;&gt;</a>&nbsp;&nbsp;&nbsp;IIC_Send_Byte
</UL>
<BR>[Called By]<UL><LI><a href="#[97]">&gt;&gt;</a>&nbsp;&nbsp;&nbsp;MODIFY_EEP_W
</UL>

<P><STRONG><a name="[193]"></a>BCDtoDec</STRONG> (Thumb, 322 bytes, Stack size 20 bytes, tool.o(i.BCDtoDec))
<BR><BR>[Stack]<UL><LI>Max Depth = 20<LI>Call Chain = BCDtoDec
</UL>
<BR>[Called By]<UL><LI><a href="#[179]">&gt;&gt;</a>&nbsp;&nbsp;&nbsp;USART_LCD_Transmit
<LI><a href="#[17a]">&gt;&gt;</a>&nbsp;&nbsp;&nbsp;UART_process
<LI><a href="#[1b0]">&gt;&gt;</a>&nbsp;&nbsp;&nbsp;external_E2_read
<LI><a href="#[18a]">&gt;&gt;</a>&nbsp;&nbsp;&nbsp;Write_vol_setpoint
<LI><a href="#[188]">&gt;&gt;</a>&nbsp;&nbsp;&nbsp;Write_leakctrl
<LI><a href="#[185]">&gt;&gt;</a>&nbsp;&nbsp;&nbsp;Write_factors
</UL>

<P><STRONG><a name="[7a]"></a>Broadcasting_time</STRONG> (Thumb, 106 bytes, Stack size 16 bytes, usart.o(i.Broadcasting_time))
<BR><BR>[Stack]<UL><LI>Max Depth = 104<LI>Call Chain = Broadcasting_time &rArr; RTC_Set_Time &rArr; HAL_RTC_SetTime &rArr; RTC_WriteTimeCounter &rArr; RTC_ExitInitMode
</UL>
<BR>[Calls]<UL><LI><a href="#[7b]">&gt;&gt;</a>&nbsp;&nbsp;&nbsp;RTC_Set_Time
<LI><a href="#[7c]">&gt;&gt;</a>&nbsp;&nbsp;&nbsp;RTC_Set_Date
</UL>
<BR>[Called By]<UL><LI><a href="#[17a]">&gt;&gt;</a>&nbsp;&nbsp;&nbsp;UART_process
</UL>

<P><STRONG><a name="[4]"></a>BusFault_Handler</STRONG> (Thumb, 4 bytes, Stack size 0 bytes, stm32f1xx_it.o(i.BusFault_Handler))
<BR>[Address Reference Count : 1]<UL><LI> startup_stm32f103xe.o(RESET)
</UL>
<P><STRONG><a name="[13d]"></a>ChartoHex</STRONG> (Thumb, 38 bytes, Stack size 8 bytes, tool.o(i.ChartoHex))
<BR><BR>[Stack]<UL><LI>Max Depth = 8<LI>Call Chain = ChartoHex
</UL>
<BR>[Called By]<UL><LI><a href="#[1b0]">&gt;&gt;</a>&nbsp;&nbsp;&nbsp;external_E2_read
<LI><a href="#[13e]">&gt;&gt;</a>&nbsp;&nbsp;&nbsp;Read_SD_Cur_calibrae_data1
<LI><a href="#[13c]">&gt;&gt;</a>&nbsp;&nbsp;&nbsp;Read_SD_Cur_calibrae_data
</UL>

<P><STRONG><a name="[11b]"></a>Clear_Send_Data</STRONG> (Thumb, 38 bytes, Stack size 0 bytes, lcd_usart.o(i.Clear_Send_Data))
<BR><BR>[Called By]<UL><LI><a href="#[11a]">&gt;&gt;</a>&nbsp;&nbsp;&nbsp;LCD_Uart_prepare
</UL>

<P><STRONG><a name="[7d]"></a>Conter_Updata</STRONG> (Thumb, 1340 bytes, Stack size 8 bytes, main.o(i.Conter_Updata))
<BR><BR>[Stack]<UL><LI>Max Depth = 196<LI>Call Chain = Conter_Updata &rArr; Write_Selftest_Record &rArr; MODIFY_EEP_W &rArr; AT24CXX_WriteOneByte &rArr; IIC_Wait_Ack &rArr; IIC_Stop &rArr; SDA_OUT &rArr; HAL_GPIO_Init
</UL>
<BR>[Calls]<UL><LI><a href="#[80]">&gt;&gt;</a>&nbsp;&nbsp;&nbsp;clear_screen
<LI><a href="#[82]">&gt;&gt;</a>&nbsp;&nbsp;&nbsp;HAL_GPIO_ReadPin
<LI><a href="#[7e]">&gt;&gt;</a>&nbsp;&nbsp;&nbsp;HAL_GPIO_WritePin
<LI><a href="#[81]">&gt;&gt;</a>&nbsp;&nbsp;&nbsp;initial_lcd
<LI><a href="#[7f]">&gt;&gt;</a>&nbsp;&nbsp;&nbsp;Write_Selftest_Record
</UL>
<BR>[Called By]<UL><LI><a href="#[e7]">&gt;&gt;</a>&nbsp;&nbsp;&nbsp;HAL_TIM_PeriodElapsedCallback
</UL>

<P><STRONG><a name="[83]"></a>Cur_Process</STRONG> (Thumb, 494 bytes, Stack size 40 bytes, main.o(i.Cur_Process))
<BR><BR>[Stack]<UL><LI>Max Depth = 128<LI>Call Chain = Cur_Process &rArr; __aeabi_dsub &rArr; __aeabi_dadd &rArr; _double_epilogue &rArr; _double_round
</UL>
<BR>[Calls]<UL><LI><a href="#[87]">&gt;&gt;</a>&nbsp;&nbsp;&nbsp;cur_handle_C
<LI><a href="#[86]">&gt;&gt;</a>&nbsp;&nbsp;&nbsp;cur_handle_B
<LI><a href="#[85]">&gt;&gt;</a>&nbsp;&nbsp;&nbsp;cur_handle_A
<LI><a href="#[82]">&gt;&gt;</a>&nbsp;&nbsp;&nbsp;HAL_GPIO_ReadPin
<LI><a href="#[64]">&gt;&gt;</a>&nbsp;&nbsp;&nbsp;__aeabi_ui2d
<LI><a href="#[63]">&gt;&gt;</a>&nbsp;&nbsp;&nbsp;__aeabi_i2d
<LI><a href="#[5d]">&gt;&gt;</a>&nbsp;&nbsp;&nbsp;__aeabi_dsub
<LI><a href="#[5f]">&gt;&gt;</a>&nbsp;&nbsp;&nbsp;__aeabi_dmul
<LI><a href="#[65]">&gt;&gt;</a>&nbsp;&nbsp;&nbsp;__aeabi_d2iz
<LI><a href="#[88]">&gt;&gt;</a>&nbsp;&nbsp;&nbsp;Trip_Action
<LI><a href="#[84]">&gt;&gt;</a>&nbsp;&nbsp;&nbsp;Record_data_propare
</UL>
<BR>[Called By]<UL><LI><a href="#[92]">&gt;&gt;</a>&nbsp;&nbsp;&nbsp;Cur_sample_process
</UL>

<P><STRONG><a name="[89]"></a>Cur_Switch</STRONG> (Thumb, 3496 bytes, Stack size 72 bytes, main.o(i.Cur_Switch))
<BR><BR>[Stack]<UL><LI>Max Depth = 204<LI>Call Chain = Cur_Switch &rArr; EEPROM_R &rArr; AT24CXX_ReadOneByte &rArr; IIC_Read_Byte &rArr; IIC_NAck &rArr; SDA_OUT &rArr; HAL_GPIO_Init
</UL>
<BR>[Calls]<UL><LI><a href="#[8a]">&gt;&gt;</a>&nbsp;&nbsp;&nbsp;EEPROM_R
<LI><a href="#[64]">&gt;&gt;</a>&nbsp;&nbsp;&nbsp;__aeabi_ui2d
<LI><a href="#[5f]">&gt;&gt;</a>&nbsp;&nbsp;&nbsp;__aeabi_dmul
<LI><a href="#[67]">&gt;&gt;</a>&nbsp;&nbsp;&nbsp;__aeabi_d2uiz
</UL>
<BR>[Called By]<UL><LI><a href="#[96]">&gt;&gt;</a>&nbsp;&nbsp;&nbsp;Cur_uart_change
<LI><a href="#[46]">&gt;&gt;</a>&nbsp;&nbsp;&nbsp;main
<LI><a href="#[1b0]">&gt;&gt;</a>&nbsp;&nbsp;&nbsp;external_E2_read
<LI><a href="#[a3]">&gt;&gt;</a>&nbsp;&nbsp;&nbsp;DW_3D_E2_read
<LI><a href="#[185]">&gt;&gt;</a>&nbsp;&nbsp;&nbsp;Write_factors
</UL>

<P><STRONG><a name="[14e]"></a>Cur_Switch_F</STRONG> (Thumb, 132 bytes, Stack size 0 bytes, main.o(i.Cur_Switch_F))
<BR><BR>[Called By]<UL><LI><a href="#[14d]">&gt;&gt;</a>&nbsp;&nbsp;&nbsp;Read_factors
</UL>

<P><STRONG><a name="[8b]"></a>Cur_quick_protect</STRONG> (Thumb, 180 bytes, Stack size 8 bytes, main.o(i.Cur_quick_protect))
<BR><BR>[Stack]<UL><LI>Max Depth = 16<LI>Call Chain = Cur_quick_protect &rArr; D3_C_Quick_Process
</UL>
<BR>[Calls]<UL><LI><a href="#[8e]">&gt;&gt;</a>&nbsp;&nbsp;&nbsp;Get_C_C
<LI><a href="#[8d]">&gt;&gt;</a>&nbsp;&nbsp;&nbsp;Get_B_C
<LI><a href="#[8c]">&gt;&gt;</a>&nbsp;&nbsp;&nbsp;Get_A_C
<LI><a href="#[91]">&gt;&gt;</a>&nbsp;&nbsp;&nbsp;D3_C_Quick_Process
<LI><a href="#[90]">&gt;&gt;</a>&nbsp;&nbsp;&nbsp;D3_B_Quick_Process
<LI><a href="#[8f]">&gt;&gt;</a>&nbsp;&nbsp;&nbsp;D3_A_Quick_Process
</UL>
<BR>[Called By]<UL><LI><a href="#[e7]">&gt;&gt;</a>&nbsp;&nbsp;&nbsp;HAL_TIM_PeriodElapsedCallback
</UL>

<P><STRONG><a name="[92]"></a>Cur_sample_process</STRONG> (Thumb, 286 bytes, Stack size 8 bytes, main.o(i.Cur_sample_process))
<BR><BR>[Stack]<UL><LI>Max Depth = 212<LI>Call Chain = Cur_sample_process &rArr; I_min_process &rArr; Write_I &rArr; MODIFY_EEP_W &rArr; AT24CXX_WriteOneByte &rArr; IIC_Wait_Ack &rArr; IIC_Stop &rArr; SDA_OUT &rArr; HAL_GPIO_Init
</UL>
<BR>[Calls]<UL><LI><a href="#[87]">&gt;&gt;</a>&nbsp;&nbsp;&nbsp;cur_handle_C
<LI><a href="#[86]">&gt;&gt;</a>&nbsp;&nbsp;&nbsp;cur_handle_B
<LI><a href="#[85]">&gt;&gt;</a>&nbsp;&nbsp;&nbsp;cur_handle_A
<LI><a href="#[95]">&gt;&gt;</a>&nbsp;&nbsp;&nbsp;I_min_process
<LI><a href="#[94]">&gt;&gt;</a>&nbsp;&nbsp;&nbsp;I_max_process
<LI><a href="#[93]">&gt;&gt;</a>&nbsp;&nbsp;&nbsp;IWDG_Feed
<LI><a href="#[83]">&gt;&gt;</a>&nbsp;&nbsp;&nbsp;Cur_Process
</UL>
<BR>[Called By]<UL><LI><a href="#[46]">&gt;&gt;</a>&nbsp;&nbsp;&nbsp;main
</UL>

<P><STRONG><a name="[96]"></a>Cur_uart_change</STRONG> (Thumb, 434 bytes, Stack size 24 bytes, usart.o(i.Cur_uart_change))
<BR><BR>[Stack]<UL><LI>Max Depth = 228<LI>Call Chain = Cur_uart_change &rArr; Cur_Switch &rArr; EEPROM_R &rArr; AT24CXX_ReadOneByte &rArr; IIC_Read_Byte &rArr; IIC_NAck &rArr; SDA_OUT &rArr; HAL_GPIO_Init
</UL>
<BR>[Calls]<UL><LI><a href="#[89]">&gt;&gt;</a>&nbsp;&nbsp;&nbsp;Cur_Switch
<LI><a href="#[97]">&gt;&gt;</a>&nbsp;&nbsp;&nbsp;MODIFY_EEP_W
</UL>
<BR>[Called By]<UL><LI><a href="#[18b]">&gt;&gt;</a>&nbsp;&nbsp;&nbsp;Write_cur_setpoint
</UL>

<P><STRONG><a name="[98]"></a>Cur_uart_get</STRONG> (Thumb, 208 bytes, Stack size 16 bytes, usart.o(i.Cur_uart_get))
<BR><BR>[Stack]<UL><LI>Max Depth = 52<LI>Call Chain = Cur_uart_get &rArr; DectoBCD
</UL>
<BR>[Calls]<UL><LI><a href="#[99]">&gt;&gt;</a>&nbsp;&nbsp;&nbsp;DectoBCD
</UL>
<BR>[Called By]<UL><LI><a href="#[146]">&gt;&gt;</a>&nbsp;&nbsp;&nbsp;Read_cur_setpoint
</UL>

<P><STRONG><a name="[9a]"></a>CurrentDataReadFun</STRONG> (Thumb, 2318 bytes, Stack size 32 bytes, main.o(i.CurrentDataReadFun))
<BR><BR>[Stack]<UL><LI>Max Depth = 120<LI>Call Chain = CurrentDataReadFun &rArr; __aeabi_dmul &rArr; _double_epilogue &rArr; _double_round
</UL>
<BR>[Calls]<UL><LI><a href="#[9b]">&gt;&gt;</a>&nbsp;&nbsp;&nbsp;HT7038_Read
<LI><a href="#[64]">&gt;&gt;</a>&nbsp;&nbsp;&nbsp;__aeabi_ui2d
<LI><a href="#[63]">&gt;&gt;</a>&nbsp;&nbsp;&nbsp;__aeabi_i2d
<LI><a href="#[5f]">&gt;&gt;</a>&nbsp;&nbsp;&nbsp;__aeabi_dmul
<LI><a href="#[60]">&gt;&gt;</a>&nbsp;&nbsp;&nbsp;__aeabi_ddiv
<LI><a href="#[65]">&gt;&gt;</a>&nbsp;&nbsp;&nbsp;__aeabi_d2iz
</UL>
<BR>[Called By]<UL><LI><a href="#[46]">&gt;&gt;</a>&nbsp;&nbsp;&nbsp;main
</UL>

<P><STRONG><a name="[9c]"></a>D3_A_BH_Process</STRONG> (Thumb, 486 bytes, Stack size 8 bytes, main.o(i.D3_A_BH_Process))
<BR><BR>[Stack]<UL><LI>Max Depth = 44<LI>Call Chain = D3_A_BH_Process &rArr; Trip_Action &rArr; delay_ms &rArr; delay_us
</UL>
<BR>[Calls]<UL><LI><a href="#[85]">&gt;&gt;</a>&nbsp;&nbsp;&nbsp;cur_handle_A
<LI><a href="#[82]">&gt;&gt;</a>&nbsp;&nbsp;&nbsp;HAL_GPIO_ReadPin
<LI><a href="#[9d]">&gt;&gt;</a>&nbsp;&nbsp;&nbsp;cur_actionhandle_A
<LI><a href="#[88]">&gt;&gt;</a>&nbsp;&nbsp;&nbsp;Trip_Action
<LI><a href="#[84]">&gt;&gt;</a>&nbsp;&nbsp;&nbsp;Record_data_propare
</UL>
<BR>[Called By]<UL><LI><a href="#[e7]">&gt;&gt;</a>&nbsp;&nbsp;&nbsp;HAL_TIM_PeriodElapsedCallback
</UL>

<P><STRONG><a name="[8f]"></a>D3_A_Quick_Process</STRONG> (Thumb, 184 bytes, Stack size 8 bytes, main.o(i.D3_A_Quick_Process))
<BR><BR>[Stack]<UL><LI>Max Depth = 8<LI>Call Chain = D3_A_Quick_Process
</UL>
<BR>[Calls]<UL><LI><a href="#[85]">&gt;&gt;</a>&nbsp;&nbsp;&nbsp;cur_handle_A
<LI><a href="#[7e]">&gt;&gt;</a>&nbsp;&nbsp;&nbsp;HAL_GPIO_WritePin
<LI><a href="#[9d]">&gt;&gt;</a>&nbsp;&nbsp;&nbsp;cur_actionhandle_A
</UL>
<BR>[Called By]<UL><LI><a href="#[8b]">&gt;&gt;</a>&nbsp;&nbsp;&nbsp;Cur_quick_protect
</UL>

<P><STRONG><a name="[9e]"></a>D3_B_BH_Process</STRONG> (Thumb, 492 bytes, Stack size 8 bytes, main.o(i.D3_B_BH_Process))
<BR><BR>[Stack]<UL><LI>Max Depth = 44<LI>Call Chain = D3_B_BH_Process &rArr; Trip_Action &rArr; delay_ms &rArr; delay_us
</UL>
<BR>[Calls]<UL><LI><a href="#[86]">&gt;&gt;</a>&nbsp;&nbsp;&nbsp;cur_handle_B
<LI><a href="#[82]">&gt;&gt;</a>&nbsp;&nbsp;&nbsp;HAL_GPIO_ReadPin
<LI><a href="#[9f]">&gt;&gt;</a>&nbsp;&nbsp;&nbsp;cur_actionhandle_B
<LI><a href="#[88]">&gt;&gt;</a>&nbsp;&nbsp;&nbsp;Trip_Action
<LI><a href="#[84]">&gt;&gt;</a>&nbsp;&nbsp;&nbsp;Record_data_propare
</UL>
<BR>[Called By]<UL><LI><a href="#[e7]">&gt;&gt;</a>&nbsp;&nbsp;&nbsp;HAL_TIM_PeriodElapsedCallback
</UL>

<P><STRONG><a name="[90]"></a>D3_B_Quick_Process</STRONG> (Thumb, 184 bytes, Stack size 8 bytes, main.o(i.D3_B_Quick_Process))
<BR><BR>[Stack]<UL><LI>Max Depth = 8<LI>Call Chain = D3_B_Quick_Process
</UL>
<BR>[Calls]<UL><LI><a href="#[86]">&gt;&gt;</a>&nbsp;&nbsp;&nbsp;cur_handle_B
<LI><a href="#[7e]">&gt;&gt;</a>&nbsp;&nbsp;&nbsp;HAL_GPIO_WritePin
<LI><a href="#[9f]">&gt;&gt;</a>&nbsp;&nbsp;&nbsp;cur_actionhandle_B
</UL>
<BR>[Called By]<UL><LI><a href="#[8b]">&gt;&gt;</a>&nbsp;&nbsp;&nbsp;Cur_quick_protect
</UL>

<P><STRONG><a name="[a0]"></a>D3_C_BH_Process</STRONG> (Thumb, 482 bytes, Stack size 8 bytes, main.o(i.D3_C_BH_Process))
<BR><BR>[Stack]<UL><LI>Max Depth = 44<LI>Call Chain = D3_C_BH_Process &rArr; Trip_Action &rArr; delay_ms &rArr; delay_us
</UL>
<BR>[Calls]<UL><LI><a href="#[87]">&gt;&gt;</a>&nbsp;&nbsp;&nbsp;cur_handle_C
<LI><a href="#[82]">&gt;&gt;</a>&nbsp;&nbsp;&nbsp;HAL_GPIO_ReadPin
<LI><a href="#[a1]">&gt;&gt;</a>&nbsp;&nbsp;&nbsp;cur_actionhandle_C
<LI><a href="#[88]">&gt;&gt;</a>&nbsp;&nbsp;&nbsp;Trip_Action
<LI><a href="#[84]">&gt;&gt;</a>&nbsp;&nbsp;&nbsp;Record_data_propare
</UL>
<BR>[Called By]<UL><LI><a href="#[e7]">&gt;&gt;</a>&nbsp;&nbsp;&nbsp;HAL_TIM_PeriodElapsedCallback
</UL>

<P><STRONG><a name="[91]"></a>D3_C_Quick_Process</STRONG> (Thumb, 184 bytes, Stack size 8 bytes, main.o(i.D3_C_Quick_Process))
<BR><BR>[Stack]<UL><LI>Max Depth = 8<LI>Call Chain = D3_C_Quick_Process
</UL>
<BR>[Calls]<UL><LI><a href="#[87]">&gt;&gt;</a>&nbsp;&nbsp;&nbsp;cur_handle_C
<LI><a href="#[7e]">&gt;&gt;</a>&nbsp;&nbsp;&nbsp;HAL_GPIO_WritePin
<LI><a href="#[a1]">&gt;&gt;</a>&nbsp;&nbsp;&nbsp;cur_actionhandle_C
</UL>
<BR>[Called By]<UL><LI><a href="#[8b]">&gt;&gt;</a>&nbsp;&nbsp;&nbsp;Cur_quick_protect
</UL>

<P><STRONG><a name="[15]"></a>DMA1_Channel1_IRQHandler</STRONG> (Thumb, 10 bytes, Stack size 8 bytes, stm32f1xx_it.o(i.DMA1_Channel1_IRQHandler))
<BR><BR>[Stack]<UL><LI>Max Depth = 24<LI>Call Chain = DMA1_Channel1_IRQHandler &rArr; HAL_DMA_IRQHandler
</UL>
<BR>[Calls]<UL><LI><a href="#[a2]">&gt;&gt;</a>&nbsp;&nbsp;&nbsp;HAL_DMA_IRQHandler
</UL>
<BR>[Address Reference Count : 1]<UL><LI> startup_stm32f103xe.o(RESET)
</UL>
<P><STRONG><a name="[a3]"></a>DW_3D_E2_read</STRONG> (Thumb, 440 bytes, Stack size 32 bytes, main.o(i.DW_3D_E2_read))
<BR><BR>[Stack]<UL><LI>Max Depth = 236<LI>Call Chain = DW_3D_E2_read &rArr; Cur_Switch &rArr; EEPROM_R &rArr; AT24CXX_ReadOneByte &rArr; IIC_Read_Byte &rArr; IIC_NAck &rArr; SDA_OUT &rArr; HAL_GPIO_Init
</UL>
<BR>[Calls]<UL><LI><a href="#[a4]">&gt;&gt;</a>&nbsp;&nbsp;&nbsp;ctrlword4_analyze
<LI><a href="#[89]">&gt;&gt;</a>&nbsp;&nbsp;&nbsp;Cur_Switch
<LI><a href="#[97]">&gt;&gt;</a>&nbsp;&nbsp;&nbsp;MODIFY_EEP_W
<LI><a href="#[8a]">&gt;&gt;</a>&nbsp;&nbsp;&nbsp;EEPROM_R
<LI><a href="#[93]">&gt;&gt;</a>&nbsp;&nbsp;&nbsp;IWDG_Feed
</UL>
<BR>[Called By]<UL><LI><a href="#[46]">&gt;&gt;</a>&nbsp;&nbsp;&nbsp;main
</UL>

<P><STRONG><a name="[a8]"></a>Day_factors_clear</STRONG> (Thumb, 114 bytes, Stack size 0 bytes, main.o(i.Day_factors_clear))
<BR><BR>[Called By]<UL><LI><a href="#[a5]">&gt;&gt;</a>&nbsp;&nbsp;&nbsp;Day_updata_process
</UL>

<P><STRONG><a name="[a5]"></a>Day_updata_process</STRONG> (Thumb, 132 bytes, Stack size 8 bytes, main.o(i.Day_updata_process))
<BR><BR>[Stack]<UL><LI>Max Depth = 116<LI>Call Chain = Day_updata_process &rArr; HAL_RTC_GetDate &rArr; HAL_RTC_GetTime &rArr; RTC_DateUpdate &rArr; RTC_WeekDayNum
</UL>
<BR>[Calls]<UL><LI><a href="#[a6]">&gt;&gt;</a>&nbsp;&nbsp;&nbsp;HAL_RTC_GetTime
<LI><a href="#[a7]">&gt;&gt;</a>&nbsp;&nbsp;&nbsp;HAL_RTC_GetDate
<LI><a href="#[93]">&gt;&gt;</a>&nbsp;&nbsp;&nbsp;IWDG_Feed
<LI><a href="#[a8]">&gt;&gt;</a>&nbsp;&nbsp;&nbsp;Day_factors_clear
</UL>
<BR>[Called By]<UL><LI><a href="#[46]">&gt;&gt;</a>&nbsp;&nbsp;&nbsp;main
</UL>

<P><STRONG><a name="[7]"></a>DebugMon_Handler</STRONG> (Thumb, 2 bytes, Stack size 0 bytes, stm32f1xx_it.o(i.DebugMon_Handler))
<BR>[Address Reference Count : 1]<UL><LI> startup_stm32f103xe.o(RESET)
</UL>
<P><STRONG><a name="[99]"></a>DectoBCD</STRONG> (Thumb, 382 bytes, Stack size 36 bytes, tool.o(i.DectoBCD))
<BR><BR>[Stack]<UL><LI>Max Depth = 36<LI>Call Chain = DectoBCD
</UL>
<BR>[Called By]<UL><LI><a href="#[a4]">&gt;&gt;</a>&nbsp;&nbsp;&nbsp;ctrlword4_analyze
<LI><a href="#[17b]">&gt;&gt;</a>&nbsp;&nbsp;&nbsp;factor_first_init
<LI><a href="#[122]">&gt;&gt;</a>&nbsp;&nbsp;&nbsp;Write_leak
<LI><a href="#[19f]">&gt;&gt;</a>&nbsp;&nbsp;&nbsp;Write_V
<LI><a href="#[7f]">&gt;&gt;</a>&nbsp;&nbsp;&nbsp;Write_Selftest_Record
<LI><a href="#[1a9]">&gt;&gt;</a>&nbsp;&nbsp;&nbsp;Write_Record
<LI><a href="#[1a8]">&gt;&gt;</a>&nbsp;&nbsp;&nbsp;Write_Leak_Record
<LI><a href="#[112]">&gt;&gt;</a>&nbsp;&nbsp;&nbsp;Write_I
<LI><a href="#[16b]">&gt;&gt;</a>&nbsp;&nbsp;&nbsp;Run_time_process
<LI><a href="#[16a]">&gt;&gt;</a>&nbsp;&nbsp;&nbsp;Record_V
<LI><a href="#[120]">&gt;&gt;</a>&nbsp;&nbsp;&nbsp;Leak_Over_process
<LI><a href="#[168]">&gt;&gt;</a>&nbsp;&nbsp;&nbsp;Read_variable_vol
<LI><a href="#[167]">&gt;&gt;</a>&nbsp;&nbsp;&nbsp;Read_variable_leak_class
<LI><a href="#[166]">&gt;&gt;</a>&nbsp;&nbsp;&nbsp;Read_variable_leak
<LI><a href="#[165]">&gt;&gt;</a>&nbsp;&nbsp;&nbsp;Read_variable_cur
<LI><a href="#[164]">&gt;&gt;</a>&nbsp;&nbsp;&nbsp;Read_variable_Power
<LI><a href="#[15d]">&gt;&gt;</a>&nbsp;&nbsp;&nbsp;Read_reactive_Power
<LI><a href="#[150]">&gt;&gt;</a>&nbsp;&nbsp;&nbsp;Read_frequency_power
<LI><a href="#[14c]">&gt;&gt;</a>&nbsp;&nbsp;&nbsp;Read_factor_Power
<LI><a href="#[140]">&gt;&gt;</a>&nbsp;&nbsp;&nbsp;Read_SD_Value
<LI><a href="#[13f]">&gt;&gt;</a>&nbsp;&nbsp;&nbsp;Read_SD_Slope_Value
<LI><a href="#[13b]">&gt;&gt;</a>&nbsp;&nbsp;&nbsp;Read_SD_AD_Value
<LI><a href="#[13a]">&gt;&gt;</a>&nbsp;&nbsp;&nbsp;Read_LD_XL_Value
<LI><a href="#[139]">&gt;&gt;</a>&nbsp;&nbsp;&nbsp;Read_DY_XL_Value
<LI><a href="#[138]">&gt;&gt;</a>&nbsp;&nbsp;&nbsp;Read_DL_XL_Value
<LI><a href="#[136]">&gt;&gt;</a>&nbsp;&nbsp;&nbsp;Read_DL_AD_Value
<LI><a href="#[af]">&gt;&gt;</a>&nbsp;&nbsp;&nbsp;Event_clear
<LI><a href="#[98]">&gt;&gt;</a>&nbsp;&nbsp;&nbsp;Cur_uart_get
</UL>

<P><STRONG><a name="[a9]"></a>EEPROM_C</STRONG> (Thumb, 90 bytes, Stack size 16 bytes, 24cxx.o(i.EEPROM_C))
<BR><BR>[Stack]<UL><LI>Max Depth = 92<LI>Call Chain = EEPROM_C &rArr; IIC_Wait_Ack &rArr; IIC_Stop &rArr; SDA_OUT &rArr; HAL_GPIO_Init
</UL>
<BR>[Calls]<UL><LI><a href="#[79]">&gt;&gt;</a>&nbsp;&nbsp;&nbsp;delay_ms
<LI><a href="#[74]">&gt;&gt;</a>&nbsp;&nbsp;&nbsp;IIC_Wait_Ack
<LI><a href="#[76]">&gt;&gt;</a>&nbsp;&nbsp;&nbsp;IIC_Stop
<LI><a href="#[72]">&gt;&gt;</a>&nbsp;&nbsp;&nbsp;IIC_Start
<LI><a href="#[73]">&gt;&gt;</a>&nbsp;&nbsp;&nbsp;IIC_Send_Byte
<LI><a href="#[7e]">&gt;&gt;</a>&nbsp;&nbsp;&nbsp;HAL_GPIO_WritePin
</UL>
<BR>[Called By]<UL><LI><a href="#[17b]">&gt;&gt;</a>&nbsp;&nbsp;&nbsp;factor_first_init
</UL>

<P><STRONG><a name="[8a]"></a>EEPROM_R</STRONG> (Thumb, 56 bytes, Stack size 24 bytes, 24cxx.o(i.EEPROM_R))
<BR><BR>[Stack]<UL><LI>Max Depth = 132<LI>Call Chain = EEPROM_R &rArr; AT24CXX_ReadOneByte &rArr; IIC_Read_Byte &rArr; IIC_NAck &rArr; SDA_OUT &rArr; HAL_GPIO_Init
</UL>
<BR>[Calls]<UL><LI><a href="#[7e]">&gt;&gt;</a>&nbsp;&nbsp;&nbsp;HAL_GPIO_WritePin
<LI><a href="#[77]">&gt;&gt;</a>&nbsp;&nbsp;&nbsp;AT24CXX_ReadOneByte
</UL>
<BR>[Called By]<UL><LI><a href="#[a4]">&gt;&gt;</a>&nbsp;&nbsp;&nbsp;ctrlword4_analyze
<LI><a href="#[89]">&gt;&gt;</a>&nbsp;&nbsp;&nbsp;Cur_Switch
<LI><a href="#[b1]">&gt;&gt;</a>&nbsp;&nbsp;&nbsp;Get_record
<LI><a href="#[178]">&gt;&gt;</a>&nbsp;&nbsp;&nbsp;check_and_update
<LI><a href="#[17a]">&gt;&gt;</a>&nbsp;&nbsp;&nbsp;UART_process
<LI><a href="#[1bb]">&gt;&gt;</a>&nbsp;&nbsp;&nbsp;read_tingdian
<LI><a href="#[46]">&gt;&gt;</a>&nbsp;&nbsp;&nbsp;main
<LI><a href="#[17c]">&gt;&gt;</a>&nbsp;&nbsp;&nbsp;factors_init
<LI><a href="#[1b0]">&gt;&gt;</a>&nbsp;&nbsp;&nbsp;external_E2_read
<LI><a href="#[1a9]">&gt;&gt;</a>&nbsp;&nbsp;&nbsp;Write_Record
<LI><a href="#[a3]">&gt;&gt;</a>&nbsp;&nbsp;&nbsp;DW_3D_E2_read
<LI><a href="#[15c]">&gt;&gt;</a>&nbsp;&nbsp;&nbsp;Read_num_trip
<LI><a href="#[15b]">&gt;&gt;</a>&nbsp;&nbsp;&nbsp;Read_num_protectoff
<LI><a href="#[15a]">&gt;&gt;</a>&nbsp;&nbsp;&nbsp;Read_num_dataclear
<LI><a href="#[159]">&gt;&gt;</a>&nbsp;&nbsp;&nbsp;Read_max_vol
<LI><a href="#[158]">&gt;&gt;</a>&nbsp;&nbsp;&nbsp;Read_max_min_vol
<LI><a href="#[157]">&gt;&gt;</a>&nbsp;&nbsp;&nbsp;Read_max_min_leak
<LI><a href="#[156]">&gt;&gt;</a>&nbsp;&nbsp;&nbsp;Read_max_min_cur
<LI><a href="#[155]">&gt;&gt;</a>&nbsp;&nbsp;&nbsp;Read_max_leak
<LI><a href="#[153]">&gt;&gt;</a>&nbsp;&nbsp;&nbsp;Read_max_cur
<LI><a href="#[152]">&gt;&gt;</a>&nbsp;&nbsp;&nbsp;Read_leakctrl
<LI><a href="#[14d]">&gt;&gt;</a>&nbsp;&nbsp;&nbsp;Read_factors
<LI><a href="#[14b]">&gt;&gt;</a>&nbsp;&nbsp;&nbsp;Read_event_leaktrip
<LI><a href="#[14a]">&gt;&gt;</a>&nbsp;&nbsp;&nbsp;Read_event_leakself
<LI><a href="#[149]">&gt;&gt;</a>&nbsp;&nbsp;&nbsp;Read_event_leakrecord
<LI><a href="#[148]">&gt;&gt;</a>&nbsp;&nbsp;&nbsp;Read_event_leakover
<LI><a href="#[147]">&gt;&gt;</a>&nbsp;&nbsp;&nbsp;Read_event_leakalarm
<LI><a href="#[146]">&gt;&gt;</a>&nbsp;&nbsp;&nbsp;Read_cur_setpoint
<LI><a href="#[104]">&gt;&gt;</a>&nbsp;&nbsp;&nbsp;HT7038_EEP_Initial
</UL>

<P><STRONG><a name="[aa]"></a>ERR_data_sent</STRONG> (Thumb, 108 bytes, Stack size 16 bytes, usart.o(i.ERR_data_sent))
<BR><BR>[Stack]<UL><LI>Max Depth = 80<LI>Call Chain = ERR_data_sent &rArr; HAL_UART_Transmit &rArr; UART_WaitOnFlagUntilTimeout
</UL>
<BR>[Calls]<UL><LI><a href="#[ac]">&gt;&gt;</a>&nbsp;&nbsp;&nbsp;HAL_UART_Transmit
<LI><a href="#[ab]">&gt;&gt;</a>&nbsp;&nbsp;&nbsp;Uart_prepare
</UL>
<BR>[Called By]<UL><LI><a href="#[17a]">&gt;&gt;</a>&nbsp;&nbsp;&nbsp;UART_process
<LI><a href="#[18a]">&gt;&gt;</a>&nbsp;&nbsp;&nbsp;Write_vol_setpoint
<LI><a href="#[192]">&gt;&gt;</a>&nbsp;&nbsp;&nbsp;Write_trip_tim
<LI><a href="#[189]">&gt;&gt;</a>&nbsp;&nbsp;&nbsp;Write_timing
<LI><a href="#[183]">&gt;&gt;</a>&nbsp;&nbsp;&nbsp;Write_time
<LI><a href="#[186]">&gt;&gt;</a>&nbsp;&nbsp;&nbsp;Write_password
<LI><a href="#[188]">&gt;&gt;</a>&nbsp;&nbsp;&nbsp;Write_leakctrl
<LI><a href="#[191]">&gt;&gt;</a>&nbsp;&nbsp;&nbsp;Write_hezha_tim
<LI><a href="#[190]">&gt;&gt;</a>&nbsp;&nbsp;&nbsp;Write_fenzha_tim
<LI><a href="#[185]">&gt;&gt;</a>&nbsp;&nbsp;&nbsp;Write_factors
<LI><a href="#[18b]">&gt;&gt;</a>&nbsp;&nbsp;&nbsp;Write_cur_setpoint
<LI><a href="#[187]">&gt;&gt;</a>&nbsp;&nbsp;&nbsp;Write_ctrlword
<LI><a href="#[18d]">&gt;&gt;</a>&nbsp;&nbsp;&nbsp;Write_baud
<LI><a href="#[16c]">&gt;&gt;</a>&nbsp;&nbsp;&nbsp;SD_uart_cal_handle
<LI><a href="#[169]">&gt;&gt;</a>&nbsp;&nbsp;&nbsp;Read_vol_setpoint
<LI><a href="#[168]">&gt;&gt;</a>&nbsp;&nbsp;&nbsp;Read_variable_vol
<LI><a href="#[167]">&gt;&gt;</a>&nbsp;&nbsp;&nbsp;Read_variable_leak_class
<LI><a href="#[166]">&gt;&gt;</a>&nbsp;&nbsp;&nbsp;Read_variable_leak
<LI><a href="#[165]">&gt;&gt;</a>&nbsp;&nbsp;&nbsp;Read_variable_cur
<LI><a href="#[164]">&gt;&gt;</a>&nbsp;&nbsp;&nbsp;Read_variable_Power
<LI><a href="#[162]">&gt;&gt;</a>&nbsp;&nbsp;&nbsp;Read_timing
<LI><a href="#[160]">&gt;&gt;</a>&nbsp;&nbsp;&nbsp;Read_time
<LI><a href="#[15f]">&gt;&gt;</a>&nbsp;&nbsp;&nbsp;Read_state
<LI><a href="#[15d]">&gt;&gt;</a>&nbsp;&nbsp;&nbsp;Read_reactive_Power
<LI><a href="#[15c]">&gt;&gt;</a>&nbsp;&nbsp;&nbsp;Read_num_trip
<LI><a href="#[152]">&gt;&gt;</a>&nbsp;&nbsp;&nbsp;Read_leakctrl
<LI><a href="#[150]">&gt;&gt;</a>&nbsp;&nbsp;&nbsp;Read_frequency_power
<LI><a href="#[14d]">&gt;&gt;</a>&nbsp;&nbsp;&nbsp;Read_factors
<LI><a href="#[14c]">&gt;&gt;</a>&nbsp;&nbsp;&nbsp;Read_factor_Power
<LI><a href="#[146]">&gt;&gt;</a>&nbsp;&nbsp;&nbsp;Read_cur_setpoint
<LI><a href="#[145]">&gt;&gt;</a>&nbsp;&nbsp;&nbsp;Read_ctrlword
<LI><a href="#[144]">&gt;&gt;</a>&nbsp;&nbsp;&nbsp;Read_baud
<LI><a href="#[140]">&gt;&gt;</a>&nbsp;&nbsp;&nbsp;Read_SD_Value
<LI><a href="#[13f]">&gt;&gt;</a>&nbsp;&nbsp;&nbsp;Read_SD_Slope_Value
<LI><a href="#[13b]">&gt;&gt;</a>&nbsp;&nbsp;&nbsp;Read_SD_AD_Value
<LI><a href="#[139]">&gt;&gt;</a>&nbsp;&nbsp;&nbsp;Read_DY_XL_Value
<LI><a href="#[138]">&gt;&gt;</a>&nbsp;&nbsp;&nbsp;Read_DL_XL_Value
<LI><a href="#[136]">&gt;&gt;</a>&nbsp;&nbsp;&nbsp;Read_DL_AD_Value
</UL>

<P><STRONG><a name="[ad]"></a>Energy_reset</STRONG> (Thumb, 300 bytes, Stack size 32 bytes, usart.o(i.Energy_reset))
<BR><BR>[Stack]<UL><LI>Max Depth = 156<LI>Call Chain = Energy_reset &rArr; MODIFY_EEP_W &rArr; AT24CXX_WriteOneByte &rArr; IIC_Wait_Ack &rArr; IIC_Stop &rArr; SDA_OUT &rArr; HAL_GPIO_Init
</UL>
<BR>[Calls]<UL><LI><a href="#[ae]">&gt;&gt;</a>&nbsp;&nbsp;&nbsp;HT7038_Write
<LI><a href="#[9b]">&gt;&gt;</a>&nbsp;&nbsp;&nbsp;HT7038_Read
<LI><a href="#[79]">&gt;&gt;</a>&nbsp;&nbsp;&nbsp;delay_ms
<LI><a href="#[97]">&gt;&gt;</a>&nbsp;&nbsp;&nbsp;MODIFY_EEP_W
<LI><a href="#[64]">&gt;&gt;</a>&nbsp;&nbsp;&nbsp;__aeabi_ui2d
<LI><a href="#[60]">&gt;&gt;</a>&nbsp;&nbsp;&nbsp;__aeabi_ddiv
<LI><a href="#[65]">&gt;&gt;</a>&nbsp;&nbsp;&nbsp;__aeabi_d2iz
</UL>
<BR>[Called By]<UL><LI><a href="#[17a]">&gt;&gt;</a>&nbsp;&nbsp;&nbsp;UART_process
</UL>

<P><STRONG><a name="[b8]"></a>Error_Handler</STRONG> (Thumb, 6 bytes, Stack size 0 bytes, main.o(i.Error_Handler))
<BR><BR>[Called By]<UL><LI><a href="#[b5]">&gt;&gt;</a>&nbsp;&nbsp;&nbsp;HAL_ADC_MspInit
<LI><a href="#[130]">&gt;&gt;</a>&nbsp;&nbsp;&nbsp;MX_USART1_UART_Init
<LI><a href="#[12f]">&gt;&gt;</a>&nbsp;&nbsp;&nbsp;MX_UART4_Init
<LI><a href="#[12d]">&gt;&gt;</a>&nbsp;&nbsp;&nbsp;MX_TIM6_Init
<LI><a href="#[12c]">&gt;&gt;</a>&nbsp;&nbsp;&nbsp;MX_RTC_Init
<LI><a href="#[128]">&gt;&gt;</a>&nbsp;&nbsp;&nbsp;MX_ADC1_Init
<LI><a href="#[16f]">&gt;&gt;</a>&nbsp;&nbsp;&nbsp;SystemClock_Config
<LI><a href="#[131]">&gt;&gt;</a>&nbsp;&nbsp;&nbsp;MX_USART3_UART_Init
</UL>

<P><STRONG><a name="[af]"></a>Event_clear</STRONG> (Thumb, 1220 bytes, Stack size 40 bytes, usart.o(i.Event_clear))
<BR><BR>[Stack]<UL><LI>Max Depth = 164<LI>Call Chain = Event_clear &rArr; MODIFY_EEP_W &rArr; AT24CXX_WriteOneByte &rArr; IIC_Wait_Ack &rArr; IIC_Stop &rArr; SDA_OUT &rArr; HAL_GPIO_Init
</UL>
<BR>[Calls]<UL><LI><a href="#[97]">&gt;&gt;</a>&nbsp;&nbsp;&nbsp;MODIFY_EEP_W
<LI><a href="#[99]">&gt;&gt;</a>&nbsp;&nbsp;&nbsp;DectoBCD
</UL>
<BR>[Called By]<UL><LI><a href="#[17a]">&gt;&gt;</a>&nbsp;&nbsp;&nbsp;UART_process
</UL>

<P><STRONG><a name="[b0]"></a>Flag_Updata</STRONG> (Thumb, 800 bytes, Stack size 8 bytes, main.o(i.Flag_Updata))
<BR><BR>[Stack]<UL><LI>Max Depth = 8<LI>Call Chain = Flag_Updata
</UL>
<BR>[Calls]<UL><LI><a href="#[82]">&gt;&gt;</a>&nbsp;&nbsp;&nbsp;HAL_GPIO_ReadPin
</UL>
<BR>[Called By]<UL><LI><a href="#[e7]">&gt;&gt;</a>&nbsp;&nbsp;&nbsp;HAL_TIM_PeriodElapsedCallback
</UL>

<P><STRONG><a name="[8c]"></a>Get_A_C</STRONG> (Thumb, 26 bytes, Stack size 0 bytes, main.o(i.Get_A_C))
<BR><BR>[Called By]<UL><LI><a href="#[8b]">&gt;&gt;</a>&nbsp;&nbsp;&nbsp;Cur_quick_protect
</UL>

<P><STRONG><a name="[8d]"></a>Get_B_C</STRONG> (Thumb, 26 bytes, Stack size 0 bytes, main.o(i.Get_B_C))
<BR><BR>[Called By]<UL><LI><a href="#[8b]">&gt;&gt;</a>&nbsp;&nbsp;&nbsp;Cur_quick_protect
</UL>

<P><STRONG><a name="[8e]"></a>Get_C_C</STRONG> (Thumb, 26 bytes, Stack size 0 bytes, main.o(i.Get_C_C))
<BR><BR>[Called By]<UL><LI><a href="#[8b]">&gt;&gt;</a>&nbsp;&nbsp;&nbsp;Cur_quick_protect
</UL>

<P><STRONG><a name="[ef]"></a>Get_L</STRONG> (Thumb, 26 bytes, Stack size 0 bytes, main.o(i.Get_L))
<BR><BR>[Called By]<UL><LI><a href="#[e7]">&gt;&gt;</a>&nbsp;&nbsp;&nbsp;HAL_TIM_PeriodElapsedCallback
</UL>

<P><STRONG><a name="[b1]"></a>Get_record</STRONG> (Thumb, 74 bytes, Stack size 8 bytes, disp.o(i.Get_record))
<BR><BR>[Stack]<UL><LI>Max Depth = 140<LI>Call Chain = Get_record &rArr; EEPROM_R &rArr; AT24CXX_ReadOneByte &rArr; IIC_Read_Byte &rArr; IIC_NAck &rArr; SDA_OUT &rArr; HAL_GPIO_Init
</UL>
<BR>[Calls]<UL><LI><a href="#[8a]">&gt;&gt;</a>&nbsp;&nbsp;&nbsp;EEPROM_R
</UL>
<BR>[Called By]<UL><LI><a href="#[179]">&gt;&gt;</a>&nbsp;&nbsp;&nbsp;USART_LCD_Transmit
</UL>

<P><STRONG><a name="[b2]"></a>HAL_ADCEx_Calibration_Start</STRONG> (Thumb, 278 bytes, Stack size 24 bytes, stm32f1xx_hal_adc_ex.o(i.HAL_ADCEx_Calibration_Start))
<BR><BR>[Stack]<UL><LI>Max Depth = 72<LI>Call Chain = HAL_ADCEx_Calibration_Start &rArr; HAL_RCCEx_GetPeriphCLKFreq &rArr; HAL_RCC_GetSysClockFreq
</UL>
<BR>[Calls]<UL><LI><a href="#[b3]">&gt;&gt;</a>&nbsp;&nbsp;&nbsp;HAL_RCCEx_GetPeriphCLKFreq
<LI><a href="#[6c]">&gt;&gt;</a>&nbsp;&nbsp;&nbsp;HAL_GetTick
<LI><a href="#[70]">&gt;&gt;</a>&nbsp;&nbsp;&nbsp;ADC_Enable
<LI><a href="#[6b]">&gt;&gt;</a>&nbsp;&nbsp;&nbsp;ADC_ConversionStop_Disable
</UL>
<BR>[Called By]<UL><LI><a href="#[46]">&gt;&gt;</a>&nbsp;&nbsp;&nbsp;main
</UL>

<P><STRONG><a name="[129]"></a>HAL_ADC_ConfigChannel</STRONG> (Thumb, 338 bytes, Stack size 16 bytes, stm32f1xx_hal_adc.o(i.HAL_ADC_ConfigChannel))
<BR><BR>[Stack]<UL><LI>Max Depth = 16<LI>Call Chain = HAL_ADC_ConfigChannel
</UL>
<BR>[Called By]<UL><LI><a href="#[128]">&gt;&gt;</a>&nbsp;&nbsp;&nbsp;MX_ADC1_Init
</UL>

<P><STRONG><a name="[6d]"></a>HAL_ADC_ConvCpltCallback</STRONG> (Thumb, 2 bytes, Stack size 0 bytes, stm32f1xx_hal_adc.o(i.HAL_ADC_ConvCpltCallback))
<BR><BR>[Called By]<UL><LI><a href="#[49]">&gt;&gt;</a>&nbsp;&nbsp;&nbsp;ADC_DMAConvCplt
</UL>

<P><STRONG><a name="[6f]"></a>HAL_ADC_ConvHalfCpltCallback</STRONG> (Thumb, 2 bytes, Stack size 0 bytes, stm32f1xx_hal_adc.o(i.HAL_ADC_ConvHalfCpltCallback))
<BR><BR>[Called By]<UL><LI><a href="#[4a]">&gt;&gt;</a>&nbsp;&nbsp;&nbsp;ADC_DMAHalfConvCplt
</UL>

<P><STRONG><a name="[6e]"></a>HAL_ADC_ErrorCallback</STRONG> (Thumb, 2 bytes, Stack size 0 bytes, stm32f1xx_hal_adc.o(i.HAL_ADC_ErrorCallback))
<BR><BR>[Called By]<UL><LI><a href="#[4b]">&gt;&gt;</a>&nbsp;&nbsp;&nbsp;ADC_DMAError
</UL>

<P><STRONG><a name="[b4]"></a>HAL_ADC_Init</STRONG> (Thumb, 340 bytes, Stack size 24 bytes, stm32f1xx_hal_adc.o(i.HAL_ADC_Init))
<BR><BR>[Stack]<UL><LI>Max Depth = 92<LI>Call Chain = HAL_ADC_Init &rArr; HAL_ADC_MspInit &rArr; HAL_GPIO_Init
</UL>
<BR>[Calls]<UL><LI><a href="#[b5]">&gt;&gt;</a>&nbsp;&nbsp;&nbsp;HAL_ADC_MspInit
<LI><a href="#[6b]">&gt;&gt;</a>&nbsp;&nbsp;&nbsp;ADC_ConversionStop_Disable
</UL>
<BR>[Called By]<UL><LI><a href="#[128]">&gt;&gt;</a>&nbsp;&nbsp;&nbsp;MX_ADC1_Init
</UL>

<P><STRONG><a name="[b5]"></a>HAL_ADC_MspInit</STRONG> (Thumb, 236 bytes, Stack size 32 bytes, adc.o(i.HAL_ADC_MspInit))
<BR><BR>[Stack]<UL><LI>Max Depth = 68<LI>Call Chain = HAL_ADC_MspInit &rArr; HAL_GPIO_Init
</UL>
<BR>[Calls]<UL><LI><a href="#[b6]">&gt;&gt;</a>&nbsp;&nbsp;&nbsp;HAL_GPIO_Init
<LI><a href="#[b7]">&gt;&gt;</a>&nbsp;&nbsp;&nbsp;HAL_DMA_Init
<LI><a href="#[b8]">&gt;&gt;</a>&nbsp;&nbsp;&nbsp;Error_Handler
</UL>
<BR>[Called By]<UL><LI><a href="#[b4]">&gt;&gt;</a>&nbsp;&nbsp;&nbsp;HAL_ADC_Init
</UL>

<P><STRONG><a name="[b9]"></a>HAL_ADC_Start_DMA</STRONG> (Thumb, 362 bytes, Stack size 24 bytes, stm32f1xx_hal_adc.o(i.HAL_ADC_Start_DMA))
<BR><BR>[Stack]<UL><LI>Max Depth = 60<LI>Call Chain = HAL_ADC_Start_DMA &rArr; HAL_DMA_Start_IT &rArr; DMA_SetConfig
</UL>
<BR>[Calls]<UL><LI><a href="#[ba]">&gt;&gt;</a>&nbsp;&nbsp;&nbsp;HAL_DMA_Start_IT
<LI><a href="#[70]">&gt;&gt;</a>&nbsp;&nbsp;&nbsp;ADC_Enable
</UL>
<BR>[Called By]<UL><LI><a href="#[46]">&gt;&gt;</a>&nbsp;&nbsp;&nbsp;main
</UL>

<P><STRONG><a name="[f7]"></a>HAL_DMA_Abort</STRONG> (Thumb, 86 bytes, Stack size 0 bytes, stm32f1xx_hal_dma.o(i.HAL_DMA_Abort))
<BR><BR>[Called By]<UL><LI><a href="#[f2]">&gt;&gt;</a>&nbsp;&nbsp;&nbsp;HAL_UART_IRQHandler
</UL>

<P><STRONG><a name="[f5]"></a>HAL_DMA_Abort_IT</STRONG> (Thumb, 414 bytes, Stack size 16 bytes, stm32f1xx_hal_dma.o(i.HAL_DMA_Abort_IT))
<BR><BR>[Stack]<UL><LI>Max Depth = 16<LI>Call Chain = HAL_DMA_Abort_IT
</UL>
<BR>[Called By]<UL><LI><a href="#[f2]">&gt;&gt;</a>&nbsp;&nbsp;&nbsp;HAL_UART_IRQHandler
</UL>

<P><STRONG><a name="[a2]"></a>HAL_DMA_IRQHandler</STRONG> (Thumb, 910 bytes, Stack size 16 bytes, stm32f1xx_hal_dma.o(i.HAL_DMA_IRQHandler))
<BR><BR>[Stack]<UL><LI>Max Depth = 16<LI>Call Chain = HAL_DMA_IRQHandler
</UL>
<BR>[Called By]<UL><LI><a href="#[15]">&gt;&gt;</a>&nbsp;&nbsp;&nbsp;DMA1_Channel1_IRQHandler
</UL>

<P><STRONG><a name="[b7]"></a>HAL_DMA_Init</STRONG> (Thumb, 132 bytes, Stack size 0 bytes, stm32f1xx_hal_dma.o(i.HAL_DMA_Init))
<BR><BR>[Called By]<UL><LI><a href="#[b5]">&gt;&gt;</a>&nbsp;&nbsp;&nbsp;HAL_ADC_MspInit
</UL>

<P><STRONG><a name="[ba]"></a>HAL_DMA_Start_IT</STRONG> (Thumb, 156 bytes, Stack size 24 bytes, stm32f1xx_hal_dma.o(i.HAL_DMA_Start_IT))
<BR><BR>[Stack]<UL><LI>Max Depth = 36<LI>Call Chain = HAL_DMA_Start_IT &rArr; DMA_SetConfig
</UL>
<BR>[Calls]<UL><LI><a href="#[bb]">&gt;&gt;</a>&nbsp;&nbsp;&nbsp;DMA_SetConfig
</UL>
<BR>[Called By]<UL><LI><a href="#[b9]">&gt;&gt;</a>&nbsp;&nbsp;&nbsp;HAL_ADC_Start_DMA
</UL>

<P><STRONG><a name="[b6]"></a>HAL_GPIO_Init</STRONG> (Thumb, 792 bytes, Stack size 36 bytes, stm32f1xx_hal_gpio.o(i.HAL_GPIO_Init))
<BR><BR>[Stack]<UL><LI>Max Depth = 36<LI>Call Chain = HAL_GPIO_Init
</UL>
<BR>[Called By]<UL><LI><a href="#[10e]">&gt;&gt;</a>&nbsp;&nbsp;&nbsp;SDA_OUT
<LI><a href="#[111]">&gt;&gt;</a>&nbsp;&nbsp;&nbsp;SDA_IN
<LI><a href="#[b5]">&gt;&gt;</a>&nbsp;&nbsp;&nbsp;HAL_ADC_MspInit
<LI><a href="#[12b]">&gt;&gt;</a>&nbsp;&nbsp;&nbsp;MX_GPIO_Init
<LI><a href="#[fc]">&gt;&gt;</a>&nbsp;&nbsp;&nbsp;HAL_UART_MspInit
</UL>

<P><STRONG><a name="[82]"></a>HAL_GPIO_ReadPin</STRONG> (Thumb, 16 bytes, Stack size 0 bytes, stm32f1xx_hal_gpio.o(i.HAL_GPIO_ReadPin))
<BR><BR>[Called By]<UL><LI><a href="#[9b]">&gt;&gt;</a>&nbsp;&nbsp;&nbsp;HT7038_Read
<LI><a href="#[74]">&gt;&gt;</a>&nbsp;&nbsp;&nbsp;IIC_Wait_Ack
<LI><a href="#[75]">&gt;&gt;</a>&nbsp;&nbsp;&nbsp;IIC_Read_Byte
<LI><a href="#[179]">&gt;&gt;</a>&nbsp;&nbsp;&nbsp;USART_LCD_Transmit
<LI><a href="#[177]">&gt;&gt;</a>&nbsp;&nbsp;&nbsp;UART_LCD_process
<LI><a href="#[1ba]">&gt;&gt;</a>&nbsp;&nbsp;&nbsp;state_init
<LI><a href="#[46]">&gt;&gt;</a>&nbsp;&nbsp;&nbsp;main
<LI><a href="#[1b3]">&gt;&gt;</a>&nbsp;&nbsp;&nbsp;hezha_process
<LI><a href="#[1ac]">&gt;&gt;</a>&nbsp;&nbsp;&nbsp;hezha
<LI><a href="#[1b2]">&gt;&gt;</a>&nbsp;&nbsp;&nbsp;hand_short_process
<LI><a href="#[1b1]">&gt;&gt;</a>&nbsp;&nbsp;&nbsp;fenzha_process
<LI><a href="#[172]">&gt;&gt;</a>&nbsp;&nbsp;&nbsp;fenzha
<LI><a href="#[1a1]">&gt;&gt;</a>&nbsp;&nbsp;&nbsp;Vol_Process
<LI><a href="#[88]">&gt;&gt;</a>&nbsp;&nbsp;&nbsp;Trip_Action
<LI><a href="#[127]">&gt;&gt;</a>&nbsp;&nbsp;&nbsp;TB_leak_process
<LI><a href="#[f0]">&gt;&gt;</a>&nbsp;&nbsp;&nbsp;Switch_pos_judge
<LI><a href="#[f1]">&gt;&gt;</a>&nbsp;&nbsp;&nbsp;Leak_process
<LI><a href="#[11c]">&gt;&gt;</a>&nbsp;&nbsp;&nbsp;Lackzero_judge
<LI><a href="#[e7]">&gt;&gt;</a>&nbsp;&nbsp;&nbsp;HAL_TIM_PeriodElapsedCallback
<LI><a href="#[b0]">&gt;&gt;</a>&nbsp;&nbsp;&nbsp;Flag_Updata
<LI><a href="#[a0]">&gt;&gt;</a>&nbsp;&nbsp;&nbsp;D3_C_BH_Process
<LI><a href="#[9e]">&gt;&gt;</a>&nbsp;&nbsp;&nbsp;D3_B_BH_Process
<LI><a href="#[9c]">&gt;&gt;</a>&nbsp;&nbsp;&nbsp;D3_A_BH_Process
<LI><a href="#[83]">&gt;&gt;</a>&nbsp;&nbsp;&nbsp;Cur_Process
<LI><a href="#[7d]">&gt;&gt;</a>&nbsp;&nbsp;&nbsp;Conter_Updata
<LI><a href="#[191]">&gt;&gt;</a>&nbsp;&nbsp;&nbsp;Write_hezha_tim
<LI><a href="#[190]">&gt;&gt;</a>&nbsp;&nbsp;&nbsp;Write_fenzha_tim
<LI><a href="#[15f]">&gt;&gt;</a>&nbsp;&nbsp;&nbsp;Read_state
</UL>

<P><STRONG><a name="[1bd]"></a>HAL_GPIO_TogglePin</STRONG> (Thumb, 20 bytes, Stack size 8 bytes, stm32f1xx_hal_gpio.o(i.HAL_GPIO_TogglePin))
<BR><BR>[Stack]<UL><LI>Max Depth = 8<LI>Call Chain = HAL_GPIO_TogglePin
</UL>
<BR>[Called By]<UL><LI><a href="#[46]">&gt;&gt;</a>&nbsp;&nbsp;&nbsp;main
</UL>

<P><STRONG><a name="[7e]"></a>HAL_GPIO_WritePin</STRONG> (Thumb, 12 bytes, Stack size 0 bytes, stm32f1xx_hal_gpio.o(i.HAL_GPIO_WritePin))
<BR><BR>[Called By]<UL><LI><a href="#[ae]">&gt;&gt;</a>&nbsp;&nbsp;&nbsp;HT7038_Write
<LI><a href="#[9b]">&gt;&gt;</a>&nbsp;&nbsp;&nbsp;HT7038_Read
<LI><a href="#[74]">&gt;&gt;</a>&nbsp;&nbsp;&nbsp;IIC_Wait_Ack
<LI><a href="#[76]">&gt;&gt;</a>&nbsp;&nbsp;&nbsp;IIC_Stop
<LI><a href="#[72]">&gt;&gt;</a>&nbsp;&nbsp;&nbsp;IIC_Start
<LI><a href="#[73]">&gt;&gt;</a>&nbsp;&nbsp;&nbsp;IIC_Send_Byte
<LI><a href="#[75]">&gt;&gt;</a>&nbsp;&nbsp;&nbsp;IIC_Read_Byte
<LI><a href="#[97]">&gt;&gt;</a>&nbsp;&nbsp;&nbsp;MODIFY_EEP_W
<LI><a href="#[8a]">&gt;&gt;</a>&nbsp;&nbsp;&nbsp;EEPROM_R
<LI><a href="#[a9]">&gt;&gt;</a>&nbsp;&nbsp;&nbsp;EEPROM_C
<LI><a href="#[110]">&gt;&gt;</a>&nbsp;&nbsp;&nbsp;IIC_NAck
<LI><a href="#[10d]">&gt;&gt;</a>&nbsp;&nbsp;&nbsp;IIC_Ack
<LI><a href="#[177]">&gt;&gt;</a>&nbsp;&nbsp;&nbsp;UART_LCD_process
<LI><a href="#[12b]">&gt;&gt;</a>&nbsp;&nbsp;&nbsp;MX_GPIO_Init
<LI><a href="#[eb]">&gt;&gt;</a>&nbsp;&nbsp;&nbsp;low_vol_prcoess
<LI><a href="#[1ac]">&gt;&gt;</a>&nbsp;&nbsp;&nbsp;hezha
<LI><a href="#[172]">&gt;&gt;</a>&nbsp;&nbsp;&nbsp;fenzha
<LI><a href="#[88]">&gt;&gt;</a>&nbsp;&nbsp;&nbsp;Trip_Action
<LI><a href="#[e7]">&gt;&gt;</a>&nbsp;&nbsp;&nbsp;HAL_TIM_PeriodElapsedCallback
<LI><a href="#[91]">&gt;&gt;</a>&nbsp;&nbsp;&nbsp;D3_C_Quick_Process
[...]
<LI><a href="#[105]">&gt;&gt;</a>&nbsp;&nbsp;&nbsp;HT7038_Init
<LI><a href="#[104]">&gt;&gt;</a>&nbsp;&nbsp;&nbsp;HT7038_EEP_Initial
<LI><a href="#[102]">&gt;&gt;</a>&nbsp;&nbsp;&nbsp;HT7038Reset
<LI><a href="#[131]">&gt;&gt;</a>&nbsp;&nbsp;&nbsp;MX_USART3_UART_Init
</UL>
<BR>[Address Reference Count : 1]<UL><LI> entry9a.o(.ARM.Collect$$$$0000000B)
</UL>
<P><STRONG><a name="[195]"></a>malloc</STRONG> (Thumb, 92 bytes, Stack size 20 bytes, malloc.o(i.malloc))
<BR><BR>[Stack]<UL><LI>Max Depth = 20<LI>Call Chain = malloc
</UL>
<BR>[Called By]<UL><LI><a href="#[179]">&gt;&gt;</a>&nbsp;&nbsp;&nbsp;USART_LCD_Transmit
</UL>

<P><STRONG><a name="[154]"></a>point_just</STRONG> (Thumb, 210 bytes, Stack size 80 bytes, usart.o(i.point_just))
<BR><BR>[Stack]<UL><LI>Max Depth = 188<LI>Call Chain = point_just &rArr; HAL_RTC_GetDate &rArr; HAL_RTC_GetTime &rArr; RTC_DateUpdate &rArr; RTC_WeekDayNum
</UL>
<BR>[Calls]<UL><LI><a href="#[a6]">&gt;&gt;</a>&nbsp;&nbsp;&nbsp;HAL_RTC_GetTime
<LI><a href="#[a7]">&gt;&gt;</a>&nbsp;&nbsp;&nbsp;HAL_RTC_GetDate
<LI><a href="#[1be]">&gt;&gt;</a>&nbsp;&nbsp;&nbsp;__aeabi_memcpy4
</UL>
<BR>[Called By]<UL><LI><a href="#[159]">&gt;&gt;</a>&nbsp;&nbsp;&nbsp;Read_max_vol
<LI><a href="#[158]">&gt;&gt;</a>&nbsp;&nbsp;&nbsp;Read_max_min_vol
<LI><a href="#[157]">&gt;&gt;</a>&nbsp;&nbsp;&nbsp;Read_max_min_leak
<LI><a href="#[156]">&gt;&gt;</a>&nbsp;&nbsp;&nbsp;Read_max_min_cur
<LI><a href="#[155]">&gt;&gt;</a>&nbsp;&nbsp;&nbsp;Read_max_leak
<LI><a href="#[153]">&gt;&gt;</a>&nbsp;&nbsp;&nbsp;Read_max_cur
</UL>

<P><STRONG><a name="[109]"></a>powerMag</STRONG> (Thumb, 198 bytes, Stack size 64 bytes, dsp_fft.o(i.powerMag))
<BR><BR>[Stack]<UL><LI>Max Depth = 128<LI>Call Chain = powerMag &rArr; sqrt &rArr; _dsqrt &rArr; _double_round
</UL>
<BR>[Calls]<UL><LI><a href="#[61]">&gt;&gt;</a>&nbsp;&nbsp;&nbsp;__aeabi_i2f
<LI><a href="#[10a]">&gt;&gt;</a>&nbsp;&nbsp;&nbsp;__aeabi_fmul
<LI><a href="#[57]">&gt;&gt;</a>&nbsp;&nbsp;&nbsp;__aeabi_fdiv
<LI><a href="#[52]">&gt;&gt;</a>&nbsp;&nbsp;&nbsp;__aeabi_fadd
<LI><a href="#[116]">&gt;&gt;</a>&nbsp;&nbsp;&nbsp;__aeabi_f2iz
<LI><a href="#[10b]">&gt;&gt;</a>&nbsp;&nbsp;&nbsp;__aeabi_f2d
<LI><a href="#[68]">&gt;&gt;</a>&nbsp;&nbsp;&nbsp;__aeabi_d2f
<LI><a href="#[10c]">&gt;&gt;</a>&nbsp;&nbsp;&nbsp;sqrt
</UL>
<BR>[Called By]<UL><LI><a href="#[107]">&gt;&gt;</a>&nbsp;&nbsp;&nbsp;Harmonic_Content_Calculate
</UL>

<P><STRONG><a name="[1bb]"></a>read_tingdian</STRONG> (Thumb, 30 bytes, Stack size 16 bytes, main.o(i.read_tingdian))
<BR><BR>[Stack]<UL><LI>Max Depth = 148<LI>Call Chain = read_tingdian &rArr; EEPROM_R &rArr; AT24CXX_ReadOneByte &rArr; IIC_Read_Byte &rArr; IIC_NAck &rArr; SDA_OUT &rArr; HAL_GPIO_Init
</UL>
<BR>[Calls]<UL><LI><a href="#[8a]">&gt;&gt;</a>&nbsp;&nbsp;&nbsp;EEPROM_R
</UL>
<BR>[Called By]<UL><LI><a href="#[46]">&gt;&gt;</a>&nbsp;&nbsp;&nbsp;main
</UL>

<P><STRONG><a name="[174]"></a>rms_make</STRONG> (Thumb, 56 bytes, Stack size 0 bytes, main.o(i.rms_make))
<BR><BR>[Called By]<UL><LI><a href="#[175]">&gt;&gt;</a>&nbsp;&nbsp;&nbsp;Trip_Process_time
<LI><a href="#[126]">&gt;&gt;</a>&nbsp;&nbsp;&nbsp;Trip_Process
</UL>

<P><STRONG><a name="[10c]"></a>sqrt</STRONG> (Thumb, 76 bytes, Stack size 24 bytes, sqrt.o(i.sqrt))
<BR><BR>[Stack]<UL><LI>Max Depth = 64<LI>Call Chain = sqrt &rArr; _dsqrt &rArr; _double_round
</UL>
<BR>[Calls]<UL><LI><a href="#[1bf]">&gt;&gt;</a>&nbsp;&nbsp;&nbsp;__set_errno
<LI><a href="#[69]">&gt;&gt;</a>&nbsp;&nbsp;&nbsp;_dsqrt
</UL>
<BR>[Called By]<UL><LI><a href="#[107]">&gt;&gt;</a>&nbsp;&nbsp;&nbsp;Harmonic_Content_Calculate
<LI><a href="#[109]">&gt;&gt;</a>&nbsp;&nbsp;&nbsp;powerMag
</UL>

<P><STRONG><a name="[1ba]"></a>state_init</STRONG> (Thumb, 320 bytes, Stack size 16 bytes, main.o(i.state_init))
<BR><BR>[Stack]<UL><LI>Max Depth = 124<LI>Call Chain = state_init &rArr; HAL_RTC_GetDate &rArr; HAL_RTC_GetTime &rArr; RTC_DateUpdate &rArr; RTC_WeekDayNum
</UL>
<BR>[Calls]<UL><LI><a href="#[a6]">&gt;&gt;</a>&nbsp;&nbsp;&nbsp;HAL_RTC_GetTime
<LI><a href="#[a7]">&gt;&gt;</a>&nbsp;&nbsp;&nbsp;HAL_RTC_GetDate
<LI><a href="#[82]">&gt;&gt;</a>&nbsp;&nbsp;&nbsp;HAL_GPIO_ReadPin
<LI><a href="#[fe]">&gt;&gt;</a>&nbsp;&nbsp;&nbsp;HAL_UART_Receive_IT
<LI><a href="#[93]">&gt;&gt;</a>&nbsp;&nbsp;&nbsp;IWDG_Feed
</UL>
<BR>[Called By]<UL><LI><a href="#[46]">&gt;&gt;</a>&nbsp;&nbsp;&nbsp;main
</UL>

<P><STRONG><a name="[11e]"></a>transfer_command</STRONG> (Thumb, 2 bytes, Stack size 0 bytes, lcd.o(i.transfer_command))
<BR><BR>[Called By]<UL><LI><a href="#[80]">&gt;&gt;</a>&nbsp;&nbsp;&nbsp;clear_screen
<LI><a href="#[11d]">&gt;&gt;</a>&nbsp;&nbsp;&nbsp;Lcd12864_Write16CnCHAR
</UL>

<P><STRONG><a name="[11f]"></a>transfer_data</STRONG> (Thumb, 2 bytes, Stack size 0 bytes, lcd.o(i.transfer_data))
<BR><BR>[Called By]<UL><LI><a href="#[80]">&gt;&gt;</a>&nbsp;&nbsp;&nbsp;clear_screen
<LI><a href="#[11d]">&gt;&gt;</a>&nbsp;&nbsp;&nbsp;Lcd12864_Write16CnCHAR
</UL>

<P><STRONG><a name="[1bc]"></a>uart_com_process</STRONG> (Thumb, 76 bytes, Stack size 8 bytes, main.o(i.uart_com_process))
<BR><BR>[Stack]<UL><LI>Max Depth = 536 + Unknown Stack Size
<LI>Call Chain = uart_com_process &rArr; UART_LCD_process &rArr; USART_LCD_Transmit &rArr; Harmonic_Content_Calculate &rArr; powerMag &rArr; sqrt &rArr; _dsqrt &rArr; _double_round
</UL>
<BR>[Calls]<UL><LI><a href="#[79]">&gt;&gt;</a>&nbsp;&nbsp;&nbsp;delay_ms
<LI><a href="#[177]">&gt;&gt;</a>&nbsp;&nbsp;&nbsp;UART_LCD_process
<LI><a href="#[1c0]">&gt;&gt;</a>&nbsp;&nbsp;&nbsp;frame_check
<LI><a href="#[17a]">&gt;&gt;</a>&nbsp;&nbsp;&nbsp;UART_process
</UL>
<BR>[Called By]<UL><LI><a href="#[46]">&gt;&gt;</a>&nbsp;&nbsp;&nbsp;main
</UL>

<P><STRONG><a name="[1a3]"></a>under_vol_prcoess</STRONG> (Thumb, 344 bytes, Stack size 16 bytes, main.o(i.under_vol_prcoess))
<BR><BR>[Stack]<UL><LI>Max Depth = 60<LI>Call Chain = under_vol_prcoess &rArr; under_vol_trip &rArr; Trip_Action &rArr; delay_ms &rArr; delay_us
</UL>
<BR>[Calls]<UL><LI><a href="#[19c]">&gt;&gt;</a>&nbsp;&nbsp;&nbsp;vol_handle_C
<LI><a href="#[19b]">&gt;&gt;</a>&nbsp;&nbsp;&nbsp;vol_handle_B
<LI><a href="#[19a]">&gt;&gt;</a>&nbsp;&nbsp;&nbsp;vol_handle_A
<LI><a href="#[1c1]">&gt;&gt;</a>&nbsp;&nbsp;&nbsp;under_vol_trip
</UL>
<BR>[Called By]<UL><LI><a href="#[1a1]">&gt;&gt;</a>&nbsp;&nbsp;&nbsp;Vol_Process
</UL>

<P><STRONG><a name="[1c1]"></a>under_vol_trip</STRONG> (Thumb, 70 bytes, Stack size 8 bytes, main.o(i.under_vol_trip))
<BR><BR>[Stack]<UL><LI>Max Depth = 44<LI>Call Chain = under_vol_trip &rArr; Trip_Action &rArr; delay_ms &rArr; delay_us
</UL>
<BR>[Calls]<UL><LI><a href="#[1aa]">&gt;&gt;</a>&nbsp;&nbsp;&nbsp;vol_handle
<LI><a href="#[88]">&gt;&gt;</a>&nbsp;&nbsp;&nbsp;Trip_Action
<LI><a href="#[84]">&gt;&gt;</a>&nbsp;&nbsp;&nbsp;Record_data_propare
</UL>
<BR>[Called By]<UL><LI><a href="#[1a3]">&gt;&gt;</a>&nbsp;&nbsp;&nbsp;under_vol_prcoess
</UL>

<P><STRONG><a name="[1a4]"></a>up_vol_prcoess</STRONG> (Thumb, 248 bytes, Stack size 8 bytes, main.o(i.up_vol_prcoess))
<BR><BR>[Stack]<UL><LI>Max Depth = 52<LI>Call Chain = up_vol_prcoess &rArr; up_vol_trip &rArr; Trip_Action &rArr; delay_ms &rArr; delay_us
</UL>
<BR>[Calls]<UL><LI><a href="#[19c]">&gt;&gt;</a>&nbsp;&nbsp;&nbsp;vol_handle_C
<LI><a href="#[19b]">&gt;&gt;</a>&nbsp;&nbsp;&nbsp;vol_handle_B
<LI><a href="#[19a]">&gt;&gt;</a>&nbsp;&nbsp;&nbsp;vol_handle_A
<LI><a href="#[1c2]">&gt;&gt;</a>&nbsp;&nbsp;&nbsp;up_vol_trip
</UL>
<BR>[Called By]<UL><LI><a href="#[1a1]">&gt;&gt;</a>&nbsp;&nbsp;&nbsp;Vol_Process
</UL>

<P><STRONG><a name="[1c2]"></a>up_vol_trip</STRONG> (Thumb, 70 bytes, Stack size 8 bytes, main.o(i.up_vol_trip))
<BR><BR>[Stack]<UL><LI>Max Depth = 44<LI>Call Chain = up_vol_trip &rArr; Trip_Action &rArr; delay_ms &rArr; delay_us
</UL>
<BR>[Calls]<UL><LI><a href="#[1aa]">&gt;&gt;</a>&nbsp;&nbsp;&nbsp;vol_handle
<LI><a href="#[88]">&gt;&gt;</a>&nbsp;&nbsp;&nbsp;Trip_Action
<LI><a href="#[84]">&gt;&gt;</a>&nbsp;&nbsp;&nbsp;Record_data_propare
</UL>
<BR>[Called By]<UL><LI><a href="#[1a4]">&gt;&gt;</a>&nbsp;&nbsp;&nbsp;up_vol_prcoess
</UL>

<P><STRONG><a name="[1aa]"></a>vol_handle</STRONG> (Thumb, 6 bytes, Stack size 0 bytes, main.o(i.vol_handle))
<BR><BR>[Called By]<UL><LI><a href="#[1c2]">&gt;&gt;</a>&nbsp;&nbsp;&nbsp;up_vol_trip
<LI><a href="#[1c1]">&gt;&gt;</a>&nbsp;&nbsp;&nbsp;under_vol_trip
<LI><a href="#[1b5]">&gt;&gt;</a>&nbsp;&nbsp;&nbsp;loss_phase_trip
<LI><a href="#[19f]">&gt;&gt;</a>&nbsp;&nbsp;&nbsp;Write_V
</UL>

<P><STRONG><a name="[19a]"></a>vol_handle_A</STRONG> (Thumb, 6 bytes, Stack size 0 bytes, main.o(i.vol_handle_A))
<BR><BR>[Called By]<UL><LI><a href="#[1a4]">&gt;&gt;</a>&nbsp;&nbsp;&nbsp;up_vol_prcoess
<LI><a href="#[1a3]">&gt;&gt;</a>&nbsp;&nbsp;&nbsp;under_vol_prcoess
<LI><a href="#[1a2]">&gt;&gt;</a>&nbsp;&nbsp;&nbsp;loss_phase_process
<LI><a href="#[7f]">&gt;&gt;</a>&nbsp;&nbsp;&nbsp;Write_Selftest_Record
<LI><a href="#[1a9]">&gt;&gt;</a>&nbsp;&nbsp;&nbsp;Write_Record
<LI><a href="#[1a1]">&gt;&gt;</a>&nbsp;&nbsp;&nbsp;Vol_Process
<LI><a href="#[19d]">&gt;&gt;</a>&nbsp;&nbsp;&nbsp;V_Sample_C
<LI><a href="#[199]">&gt;&gt;</a>&nbsp;&nbsp;&nbsp;V_Sample
</UL>

<P><STRONG><a name="[19b]"></a>vol_handle_B</STRONG> (Thumb, 6 bytes, Stack size 0 bytes, main.o(i.vol_handle_B))
<BR><BR>[Called By]<UL><LI><a href="#[1a4]">&gt;&gt;</a>&nbsp;&nbsp;&nbsp;up_vol_prcoess
<LI><a href="#[1a3]">&gt;&gt;</a>&nbsp;&nbsp;&nbsp;under_vol_prcoess
<LI><a href="#[1a2]">&gt;&gt;</a>&nbsp;&nbsp;&nbsp;loss_phase_process
<LI><a href="#[7f]">&gt;&gt;</a>&nbsp;&nbsp;&nbsp;Write_Selftest_Record
<LI><a href="#[1a9]">&gt;&gt;</a>&nbsp;&nbsp;&nbsp;Write_Record
<LI><a href="#[1a1]">&gt;&gt;</a>&nbsp;&nbsp;&nbsp;Vol_Process
<LI><a href="#[19d]">&gt;&gt;</a>&nbsp;&nbsp;&nbsp;V_Sample_C
<LI><a href="#[199]">&gt;&gt;</a>&nbsp;&nbsp;&nbsp;V_Sample
</UL>

<P><STRONG><a name="[19c]"></a>vol_handle_C</STRONG> (Thumb, 6 bytes, Stack size 0 bytes, main.o(i.vol_handle_C))
<BR><BR>[Called By]<UL><LI><a href="#[1a4]">&gt;&gt;</a>&nbsp;&nbsp;&nbsp;up_vol_prcoess
<LI><a href="#[1a3]">&gt;&gt;</a>&nbsp;&nbsp;&nbsp;under_vol_prcoess
<LI><a href="#[1a2]">&gt;&gt;</a>&nbsp;&nbsp;&nbsp;loss_phase_process
<LI><a href="#[7f]">&gt;&gt;</a>&nbsp;&nbsp;&nbsp;Write_Selftest_Record
<LI><a href="#[1a9]">&gt;&gt;</a>&nbsp;&nbsp;&nbsp;Write_Record
<LI><a href="#[1a1]">&gt;&gt;</a>&nbsp;&nbsp;&nbsp;Vol_Process
<LI><a href="#[19d]">&gt;&gt;</a>&nbsp;&nbsp;&nbsp;V_Sample_C
<LI><a href="#[199]">&gt;&gt;</a>&nbsp;&nbsp;&nbsp;V_Sample
</UL>

<P><STRONG><a name="[1b6]"></a>vol_handle_undervol</STRONG> (Thumb, 6 bytes, Stack size 0 bytes, main.o(i.vol_handle_undervol))
<BR><BR>[Called By]<UL><LI><a href="#[eb]">&gt;&gt;</a>&nbsp;&nbsp;&nbsp;low_vol_prcoess
</UL>

<P><STRONG><a name="[1b8]"></a>write_tingdian</STRONG> (Thumb, 24 bytes, Stack size 8 bytes, main.o(i.write_tingdian))
<BR><BR>[Stack]<UL><LI>Max Depth = 132<LI>Call Chain = write_tingdian &rArr; MODIFY_EEP_W &rArr; AT24CXX_WriteOneByte &rArr; IIC_Wait_Ack &rArr; IIC_Stop &rArr; SDA_OUT &rArr; HAL_GPIO_Init
</UL>
<BR>[Calls]<UL><LI><a href="#[97]">&gt;&gt;</a>&nbsp;&nbsp;&nbsp;MODIFY_EEP_W
</UL>
<BR>[Called By]<UL><LI><a href="#[1b7]">&gt;&gt;</a>&nbsp;&nbsp;&nbsp;low_vol_trip
</UL>
<P>
<H3>
Local Symbols
</H3>
<P><STRONG><a name="[cb]"></a>RCC_Delay</STRONG> (Thumb, 36 bytes, Stack size 8 bytes, stm32f1xx_hal_rcc.o(i.RCC_Delay))
<BR><BR>[Stack]<UL><LI>Max Depth = 8<LI>Call Chain = RCC_Delay
</UL>
<BR>[Called By]<UL><LI><a href="#[ca]">&gt;&gt;</a>&nbsp;&nbsp;&nbsp;HAL_RCC_OscConfig
</UL>

<P><STRONG><a name="[bb]"></a>DMA_SetConfig</STRONG> (Thumb, 44 bytes, Stack size 12 bytes, stm32f1xx_hal_dma.o(i.DMA_SetConfig))
<BR><BR>[Stack]<UL><LI>Max Depth = 12<LI>Call Chain = DMA_SetConfig
</UL>
<BR>[Called By]<UL><LI><a href="#[ba]">&gt;&gt;</a>&nbsp;&nbsp;&nbsp;HAL_DMA_Start_IT
</UL>

<P><STRONG><a name="[c2]"></a>__NVIC_GetPriorityGrouping</STRONG> (Thumb, 10 bytes, Stack size 0 bytes, stm32f1xx_hal_cortex.o(i.__NVIC_GetPriorityGrouping))
<BR><BR>[Called By]<UL><LI><a href="#[c1]">&gt;&gt;</a>&nbsp;&nbsp;&nbsp;HAL_NVIC_SetPriority
</UL>

<P><STRONG><a name="[c3]"></a>__NVIC_SetPriority</STRONG> (Thumb, 32 bytes, Stack size 8 bytes, stm32f1xx_hal_cortex.o(i.__NVIC_SetPriority))
<BR><BR>[Stack]<UL><LI>Max Depth = 8<LI>Call Chain = __NVIC_SetPriority
</UL>
<BR>[Called By]<UL><LI><a href="#[c1]">&gt;&gt;</a>&nbsp;&nbsp;&nbsp;HAL_NVIC_SetPriority
<LI><a href="#[c0]">&gt;&gt;</a>&nbsp;&nbsp;&nbsp;HAL_SYSTICK_Config
</UL>

<P><STRONG><a name="[dc]"></a>RTC_Bcd2ToByte</STRONG> (Thumb, 22 bytes, Stack size 0 bytes, stm32f1xx_hal_rtc.o(i.RTC_Bcd2ToByte))
<BR><BR>[Called By]<UL><LI><a href="#[de]">&gt;&gt;</a>&nbsp;&nbsp;&nbsp;HAL_RTC_SetTime
<LI><a href="#[db]">&gt;&gt;</a>&nbsp;&nbsp;&nbsp;HAL_RTC_SetDate
</UL>

<P><STRONG><a name="[cf]"></a>RTC_ByteToBcd2</STRONG> (Thumb, 26 bytes, Stack size 0 bytes, stm32f1xx_hal_rtc.o(i.RTC_ByteToBcd2))
<BR><BR>[Called By]<UL><LI><a href="#[a6]">&gt;&gt;</a>&nbsp;&nbsp;&nbsp;HAL_RTC_GetTime
<LI><a href="#[a7]">&gt;&gt;</a>&nbsp;&nbsp;&nbsp;HAL_RTC_GetDate
</UL>

<P><STRONG><a name="[d4]"></a>RTC_DateUpdate</STRONG> (Thumb, 182 bytes, Stack size 32 bytes, stm32f1xx_hal_rtc.o(i.RTC_DateUpdate))
<BR><BR>[Stack]<UL><LI>Max Depth = 52<LI>Call Chain = RTC_DateUpdate &rArr; RTC_WeekDayNum
</UL>
<BR>[Calls]<UL><LI><a href="#[dd]">&gt;&gt;</a>&nbsp;&nbsp;&nbsp;RTC_WeekDayNum
<LI><a href="#[133]">&gt;&gt;</a>&nbsp;&nbsp;&nbsp;RTC_IsLeapYear
</UL>
<BR>[Called By]<UL><LI><a href="#[a6]">&gt;&gt;</a>&nbsp;&nbsp;&nbsp;HAL_RTC_GetTime
</UL>

<P><STRONG><a name="[d8]"></a>RTC_EnterInitMode</STRONG> (Thumb, 58 bytes, Stack size 16 bytes, stm32f1xx_hal_rtc.o(i.RTC_EnterInitMode))
<BR><BR>[Stack]<UL><LI>Max Depth = 16<LI>Call Chain = RTC_EnterInitMode
</UL>
<BR>[Calls]<UL><LI><a href="#[6c]">&gt;&gt;</a>&nbsp;&nbsp;&nbsp;HAL_GetTick
</UL>
<BR>[Called By]<UL><LI><a href="#[d5]">&gt;&gt;</a>&nbsp;&nbsp;&nbsp;HAL_RTC_Init
<LI><a href="#[d2]">&gt;&gt;</a>&nbsp;&nbsp;&nbsp;RTC_WriteTimeCounter
<LI><a href="#[d3]">&gt;&gt;</a>&nbsp;&nbsp;&nbsp;RTC_WriteAlarmCounter
</UL>

<P><STRONG><a name="[d9]"></a>RTC_ExitInitMode</STRONG> (Thumb, 58 bytes, Stack size 16 bytes, stm32f1xx_hal_rtc.o(i.RTC_ExitInitMode))
<BR><BR>[Stack]<UL><LI>Max Depth = 16<LI>Call Chain = RTC_ExitInitMode
</UL>
<BR>[Calls]<UL><LI><a href="#[6c]">&gt;&gt;</a>&nbsp;&nbsp;&nbsp;HAL_GetTick
</UL>
<BR>[Called By]<UL><LI><a href="#[d5]">&gt;&gt;</a>&nbsp;&nbsp;&nbsp;HAL_RTC_Init
<LI><a href="#[d2]">&gt;&gt;</a>&nbsp;&nbsp;&nbsp;RTC_WriteTimeCounter
<LI><a href="#[d3]">&gt;&gt;</a>&nbsp;&nbsp;&nbsp;RTC_WriteAlarmCounter
</UL>

<P><STRONG><a name="[133]"></a>RTC_IsLeapYear</STRONG> (Thumb, 50 bytes, Stack size 0 bytes, stm32f1xx_hal_rtc.o(i.RTC_IsLeapYear))
<BR><BR>[Called By]<UL><LI><a href="#[d4]">&gt;&gt;</a>&nbsp;&nbsp;&nbsp;RTC_DateUpdate
</UL>

<P><STRONG><a name="[d1]"></a>RTC_ReadAlarmCounter</STRONG> (Thumb, 24 bytes, Stack size 0 bytes, stm32f1xx_hal_rtc.o(i.RTC_ReadAlarmCounter))
<BR><BR>[Called By]<UL><LI><a href="#[a6]">&gt;&gt;</a>&nbsp;&nbsp;&nbsp;HAL_RTC_GetTime
<LI><a href="#[de]">&gt;&gt;</a>&nbsp;&nbsp;&nbsp;HAL_RTC_SetTime
<LI><a href="#[db]">&gt;&gt;</a>&nbsp;&nbsp;&nbsp;HAL_RTC_SetDate
</UL>

<P><STRONG><a name="[d0]"></a>RTC_ReadTimeCounter</STRONG> (Thumb, 52 bytes, Stack size 12 bytes, stm32f1xx_hal_rtc.o(i.RTC_ReadTimeCounter))
<BR><BR>[Stack]<UL><LI>Max Depth = 12<LI>Call Chain = RTC_ReadTimeCounter
</UL>
<BR>[Called By]<UL><LI><a href="#[a6]">&gt;&gt;</a>&nbsp;&nbsp;&nbsp;HAL_RTC_GetTime
<LI><a href="#[db]">&gt;&gt;</a>&nbsp;&nbsp;&nbsp;HAL_RTC_SetDate
</UL>

<P><STRONG><a name="[dd]"></a>RTC_WeekDayNum</STRONG> (Thumb, 132 bytes, Stack size 20 bytes, stm32f1xx_hal_rtc.o(i.RTC_WeekDayNum))
<BR><BR>[Stack]<UL><LI>Max Depth = 20<LI>Call Chain = RTC_WeekDayNum
</UL>
<BR>[Called By]<UL><LI><a href="#[db]">&gt;&gt;</a>&nbsp;&nbsp;&nbsp;HAL_RTC_SetDate
<LI><a href="#[d4]">&gt;&gt;</a>&nbsp;&nbsp;&nbsp;RTC_DateUpdate
</UL>

<P><STRONG><a name="[d3]"></a>RTC_WriteAlarmCounter</STRONG> (Thumb, 46 bytes, Stack size 16 bytes, stm32f1xx_hal_rtc.o(i.RTC_WriteAlarmCounter))
<BR><BR>[Stack]<UL><LI>Max Depth = 32<LI>Call Chain = RTC_WriteAlarmCounter &rArr; RTC_ExitInitMode
</UL>
<BR>[Calls]<UL><LI><a href="#[d9]">&gt;&gt;</a>&nbsp;&nbsp;&nbsp;RTC_ExitInitMode
<LI><a href="#[d8]">&gt;&gt;</a>&nbsp;&nbsp;&nbsp;RTC_EnterInitMode
</UL>
<BR>[Called By]<UL><LI><a href="#[a6]">&gt;&gt;</a>&nbsp;&nbsp;&nbsp;HAL_RTC_GetTime
<LI><a href="#[de]">&gt;&gt;</a>&nbsp;&nbsp;&nbsp;HAL_RTC_SetTime
<LI><a href="#[db]">&gt;&gt;</a>&nbsp;&nbsp;&nbsp;HAL_RTC_SetDate
</UL>

<P><STRONG><a name="[d2]"></a>RTC_WriteTimeCounter</STRONG> (Thumb, 46 bytes, Stack size 16 bytes, stm32f1xx_hal_rtc.o(i.RTC_WriteTimeCounter))
<BR><BR>[Stack]<UL><LI>Max Depth = 32<LI>Call Chain = RTC_WriteTimeCounter &rArr; RTC_ExitInitMode
</UL>
<BR>[Calls]<UL><LI><a href="#[d9]">&gt;&gt;</a>&nbsp;&nbsp;&nbsp;RTC_ExitInitMode
<LI><a href="#[d8]">&gt;&gt;</a>&nbsp;&nbsp;&nbsp;RTC_EnterInitMode
</UL>
<BR>[Called By]<UL><LI><a href="#[a6]">&gt;&gt;</a>&nbsp;&nbsp;&nbsp;HAL_RTC_GetTime
<LI><a href="#[de]">&gt;&gt;</a>&nbsp;&nbsp;&nbsp;HAL_RTC_SetTime
<LI><a href="#[db]">&gt;&gt;</a>&nbsp;&nbsp;&nbsp;HAL_RTC_SetDate
</UL>

<P><STRONG><a name="[4c]"></a>UART_DMAAbortOnError</STRONG> (Thumb, 20 bytes, Stack size 16 bytes, stm32f1xx_hal_uart.o(i.UART_DMAAbortOnError))
<BR><BR>[Stack]<UL><LI>Max Depth = 16<LI>Call Chain = UART_DMAAbortOnError
</UL>
<BR>[Calls]<UL><LI><a href="#[f6]">&gt;&gt;</a>&nbsp;&nbsp;&nbsp;HAL_UART_ErrorCallback
</UL>
<BR>[Address Reference Count : 1]<UL><LI> stm32f1xx_hal_uart.o(i.HAL_UART_IRQHandler)
</UL>
<P><STRONG><a name="[f4]"></a>UART_EndRxTransfer</STRONG> (Thumb, 108 bytes, Stack size 0 bytes, stm32f1xx_hal_uart.o(i.UART_EndRxTransfer))
<BR><BR>[Called By]<UL><LI><a href="#[f2]">&gt;&gt;</a>&nbsp;&nbsp;&nbsp;HAL_UART_IRQHandler
</UL>

<P><STRONG><a name="[fa]"></a>UART_EndTransmit_IT</STRONG> (Thumb, 32 bytes, Stack size 8 bytes, stm32f1xx_hal_uart.o(i.UART_EndTransmit_IT))
<BR><BR>[Stack]<UL><LI>Max Depth = 8<LI>Call Chain = UART_EndTransmit_IT
</UL>
<BR>[Calls]<UL><LI><a href="#[176]">&gt;&gt;</a>&nbsp;&nbsp;&nbsp;HAL_UART_TxCpltCallback
</UL>
<BR>[Called By]<UL><LI><a href="#[f2]">&gt;&gt;</a>&nbsp;&nbsp;&nbsp;HAL_UART_IRQHandler
</UL>

<P><STRONG><a name="[f3]"></a>UART_Receive_IT</STRONG> (Thumb, 252 bytes, Stack size 24 bytes, stm32f1xx_hal_uart.o(i.UART_Receive_IT))
<BR><BR>[Stack]<UL><LI>Max Depth = 64<LI>Call Chain = UART_Receive_IT &rArr; HAL_UART_RxCpltCallback &rArr; HAL_UART_Receive_IT &rArr; UART_Start_Receive_IT
</UL>
<BR>[Calls]<UL><LI><a href="#[100]">&gt;&gt;</a>&nbsp;&nbsp;&nbsp;HAL_UART_RxCpltCallback
<LI><a href="#[f8]">&gt;&gt;</a>&nbsp;&nbsp;&nbsp;HAL_UARTEx_RxEventCallback
</UL>
<BR>[Called By]<UL><LI><a href="#[f2]">&gt;&gt;</a>&nbsp;&nbsp;&nbsp;HAL_UART_IRQHandler
</UL>

<P><STRONG><a name="[fd]"></a>UART_SetConfig</STRONG> (Thumb, 248 bytes, Stack size 16 bytes, stm32f1xx_hal_uart.o(i.UART_SetConfig))
<BR><BR>[Stack]<UL><LI>Max Depth = 20<LI>Call Chain = UART_SetConfig &rArr; HAL_RCC_GetPCLK2Freq
</UL>
<BR>[Calls]<UL><LI><a href="#[c5]">&gt;&gt;</a>&nbsp;&nbsp;&nbsp;HAL_RCC_GetPCLK2Freq
<LI><a href="#[c8]">&gt;&gt;</a>&nbsp;&nbsp;&nbsp;HAL_RCC_GetPCLK1Freq
</UL>
<BR>[Called By]<UL><LI><a href="#[fb]">&gt;&gt;</a>&nbsp;&nbsp;&nbsp;HAL_UART_Init
</UL>

<P><STRONG><a name="[f9]"></a>UART_Transmit_IT</STRONG> (Thumb, 96 bytes, Stack size 0 bytes, stm32f1xx_hal_uart.o(i.UART_Transmit_IT))
<BR><BR>[Called By]<UL><LI><a href="#[f2]">&gt;&gt;</a>&nbsp;&nbsp;&nbsp;HAL_UART_IRQHandler
</UL>

<P><STRONG><a name="[101]"></a>UART_WaitOnFlagUntilTimeout</STRONG> (Thumb, 146 bytes, Stack size 24 bytes, stm32f1xx_hal_uart.o(i.UART_WaitOnFlagUntilTimeout))
<BR><BR>[Stack]<UL><LI>Max Depth = 24<LI>Call Chain = UART_WaitOnFlagUntilTimeout
</UL>
<BR>[Calls]<UL><LI><a href="#[6c]">&gt;&gt;</a>&nbsp;&nbsp;&nbsp;HAL_GetTick
</UL>
<BR>[Called By]<UL><LI><a href="#[ac]">&gt;&gt;</a>&nbsp;&nbsp;&nbsp;HAL_UART_Transmit
</UL>
<P>
<H3>
Undefined Global Symbols
</H3><HR></body></html>
