Component: ARM Compiler 5.06 update 7 (build 960) Tool: armlink [4d3601]

==============================================================================

Section Cross References

    startup_stm32f030xc.o(STACK) refers (Special) to heapauxi.o(.text) for __use_two_region_memory
    startup_stm32f030xc.o(HEAP) refers (Special) to heapauxi.o(.text) for __use_two_region_memory
    startup_stm32f030xc.o(RESET) refers (Special) to heapauxi.o(.text) for __use_two_region_memory
    startup_stm32f030xc.o(RESET) refers to startup_stm32f030xc.o(STACK) for __initial_sp
    startup_stm32f030xc.o(RESET) refers to startup_stm32f030xc.o(.text) for Reset_Handler
    startup_stm32f030xc.o(RESET) refers to stm32f0xx_it.o(i.NMI_Handler) for NMI_Handler
    startup_stm32f030xc.o(RESET) refers to stm32f0xx_it.o(i.HardFault_Handler) for HardFault_Handler
    startup_stm32f030xc.o(RESET) refers to stm32f0xx_it.o(i.SVC_Handler) for SVC_Handler
    startup_stm32f030xc.o(RESET) refers to stm32f0xx_it.o(i.PendSV_Handler) for PendSV_Handler
    startup_stm32f030xc.o(RESET) refers to stm32f0xx_it.o(i.SysTick_Handler) for SysTick_Handler
    startup_stm32f030xc.o(RESET) refers to stm32f0xx_it.o(i.DMA1_Channel1_IRQHandler) for DMA1_Channel1_IRQHandler
    startup_stm32f030xc.o(RESET) refers to stm32f0xx_it.o(i.TIM1_BRK_UP_TRG_COM_IRQHandler) for TIM1_BRK_UP_TRG_COM_IRQHandler
    startup_stm32f030xc.o(RESET) refers to stm32f0xx_it.o(i.USART1_IRQHandler) for USART1_IRQHandler
    startup_stm32f030xc.o(.text) refers (Special) to heapauxi.o(.text) for __use_two_region_memory
    startup_stm32f030xc.o(.text) refers to system_stm32f0xx.o(i.SystemInit) for SystemInit
    startup_stm32f030xc.o(.text) refers to __main.o(!!!main) for __main
    startup_stm32f030xc.o(.text) refers to startup_stm32f030xc.o(HEAP) for Heap_Mem
    startup_stm32f030xc.o(.text) refers to startup_stm32f030xc.o(STACK) for Stack_Mem
    lcd.o(i.LCD_Fill) refers to lcd.o(i.read_data_from_lcd) for read_data_from_lcd
    lcd.o(i.LCD_Fill) refers to lcd.o(i.lcd_address) for lcd_address
    lcd.o(i.LCD_Fill) refers to lcd.o(i.transfer_data) for transfer_data
    lcd.o(i.clear_define_screen) refers to lcd.o(i.transfer_command) for transfer_command
    lcd.o(i.clear_define_screen) refers to lcd.o(i.transfer_data) for transfer_data
    lcd.o(i.clear_screen) refers to lcd.o(i.transfer_command) for transfer_command
    lcd.o(i.clear_screen) refers to lcd.o(i.transfer_data) for transfer_data
    lcd.o(i.disp_grap) refers to lcd.o(i.transfer_command) for transfer_command
    lcd.o(i.disp_grap) refers to lcd.o(i.transfer_data) for transfer_data
    lcd.o(i.display_graphic_32x32) refers to lcd.o(i.lcd_address) for lcd_address
    lcd.o(i.display_graphic_32x32) refers to lcd.o(i.transfer_data) for transfer_data
    lcd.o(i.draw_point) refers to lcd.o(i.lcd_address) for lcd_address
    lcd.o(i.draw_point) refers to lcd.o(i.read_data_from_lcd) for read_data_from_lcd
    lcd.o(i.draw_point) refers to lcd.o(i.transfer_data) for transfer_data
    lcd.o(i.font1) refers to lcd.o(i.transfer_command) for transfer_command
    lcd.o(i.font1) refers to lcd.o(i.transfer_data) for transfer_data
    lcd.o(i.font4) refers to lcd.o(i.transfer_command) for transfer_command
    lcd.o(i.font4) refers to lcd.o(i.transfer_data) for transfer_data
    lcd.o(i.initial_lcd) refers to stm32f0xx_hal_gpio.o(i.HAL_GPIO_WritePin) for HAL_GPIO_WritePin
    lcd.o(i.initial_lcd) refers to stm32f0xx_hal.o(i.HAL_Delay) for HAL_Delay
    lcd.o(i.initial_lcd) refers to lcd.o(i.transfer_command) for transfer_command
    lcd.o(i.lcd_address) refers to lcd.o(i.transfer_command) for transfer_command
    lcd.o(i.read_data_from_lcd) refers to lcd.o(i.lcd_address) for lcd_address
    lcd.o(i.transfer_command) refers to stm32f0xx_hal_gpio.o(i.HAL_GPIO_WritePin) for HAL_GPIO_WritePin
    lcd.o(i.transfer_data) refers to stm32f0xx_hal_gpio.o(i.HAL_GPIO_WritePin) for HAL_GPIO_WritePin
    display_ziku.o(i.Lcd12864_Write14CnCHAR) refers to lcd.o(i.transfer_command) for transfer_command
    display_ziku.o(i.Lcd12864_Write14CnCHAR) refers to lcd.o(i.transfer_data) for transfer_data
    display_ziku.o(i.Lcd12864_Write14CnCHAR) refers to display_ziku.o(.data) for .data
    display_ziku.o(i.Lcd12864_Write16CnCHAR) refers to lcd.o(i.transfer_command) for transfer_command
    display_ziku.o(i.Lcd12864_Write16CnCHAR) refers to lcd.o(i.transfer_data) for transfer_data
    display_ziku.o(i.Lcd12864_Write16CnCHAR) refers to display_ziku.o(.data) for .data
    display_ziku.o(i.Lcd12864_Write8CnCHAR) refers to lcd.o(i.transfer_command) for transfer_command
    display_ziku.o(i.Lcd12864_Write8CnCHAR) refers to lcd.o(i.transfer_data) for transfer_data
    display_ziku.o(i.Lcd12864_Write8CnCHAR) refers to display_ziku.o(.data) for .data
    display_ziku.o(i.display_ASCIIstring_8x16) refers to lcd.o(i.lcd_address) for lcd_address
    display_ziku.o(i.display_ASCIIstring_8x16) refers to lcd.o(i.transfer_data) for transfer_data
[...]
    displayExceedMessage                     0x08006e31   Thumb Code    64  menu.o(i.displayExceedMessage)
    displayExceededVoltages                  0x08006e71   Thumb Code   368  menu.o(i.displayExceededVoltages)
    displayMenu                              0x08007081   Thumb Code   620  menu.o(i.displayMenu)
    displayMenuadj                           0x080072fd   Thumb Code   352  menu.o(i.displayMenuadj)
    displayMenudata                          0x08007465   Thumb Code   234  menu.o(i.displayMenudata)
    displayMenupro                           0x0800755d   Thumb Code   478  menu.o(i.displayMenupro)
    display_ASCIIstring_8x16                 0x0800774d   Thumb Code   102  display_ziku.o(i.display_ASCIIstring_8x16)
    display_ASCIIstring_8x16_fanxian         0x080077b9   Thumb Code   102  display_ziku.o(i.display_ASCIIstring_8x16_fanxian)
    display_graphic_16x16                    0x08007825   Thumb Code    48  display_ziku.o(i.display_graphic_16x16)
    display_graphic_8x16                     0x08007855   Thumb Code    48  display_ziku.o(i.display_graphic_8x16)
    display_kaiguan                          0x08007885   Thumb Code    58  display_ziku.o(i.display_kaiguan)
    display_kaiguan_frame                    0x080078c5   Thumb Code    68  display_ziku.o(i.display_kaiguan_frame)
    faultdisp                                0x08007911   Thumb Code   482  menu.o(i.faultdisp)
    fenzhaing                                0x08007b49   Thumb Code    28  menu.o(i.fenzhaing)
    frexp                                    0x08007b7d   Thumb Code    72  frexp.o(i.frexp)
    generate_chuan                           0x08007bd5   Thumb Code    26  tool.o(i.generate_chuan)
    get_ADCtoT                               0x08007bf1   Thumb Code    82  main.o(i.get_ADCtoT)
    hezhaing                                 0x08007c51   Thumb Code    30  menu.o(i.hezhaing)
    initial_lcd                              0x08007c89   Thumb Code   110  lcd.o(i.initial_lcd)
    int_to_ascii                             0x08007cfd   Thumb Code    16  menu.o(i.int_to_ascii)
    judge                                    0x08007d11   Thumb Code   428  menu.o(i.judge)
    key_scan                                 0x08007ec1   Thumb Code   430  gpio.o(i.key_scan)
    lcd_address                              0x0800807d   Thumb Code    32  lcd.o(i.lcd_address)
    ldexp                                    0x0800809d   Thumb Code   112  ldexp.o(i.ldexp)
    main                                     0x0800810d   Thumb Code   658  main.o(i.main)
    mainmenu                                 0x080083e9   Thumb Code   460  menu.o(i.mainmenu)
    menu_fault                               0x08008611   Thumb Code   154  menu.o(i.menu_fault)
    menu_mimaset                             0x080086dd   Thumb Code  2618  menu.o(i.menu_mimaset)
    meun                                     0x08009121   Thumb Code    12  menu.o(i.meun)
    meun1                                    0x08009135   Thumb Code    50  menu.o(i.meun1)
    meun2                                    0x08009175   Thumb Code    28  menu.o(i.meun2)
    meun3                                    0x08009195   Thumb Code   216  menu.o(i.meun3)
    meun4                                    0x08009285   Thumb Code    28  menu.o(i.meun4)
    meun5                                    0x080092a5   Thumb Code    28  menu.o(i.meun5)
    meun_adjust                              0x080092c5   Thumb Code    26  menu.o(i.meun_adjust)
    meun_data                                0x080092e5   Thumb Code    84  menu.o(i.meun_data)
    meun_protect1                            0x08009341   Thumb Code    60  menu.o(i.meun_protect1)
    meun_protect2                            0x08009385   Thumb Code   116  menu.o(i.meun_protect2)
    meun_protect3                            0x08009401   Thumb Code    52  menu.o(i.meun_protect3)
    meun_protect4                            0x0800943d   Thumb Code    28  menu.o(i.meun_protect4)
    meun_protect5                            0x0800945d   Thumb Code    22  menu.o(i.meun_protect5)
    mimaset                                  0x08009479   Thumb Code   474  menu.o(i.mimaset)
    my_exp                                   0x08009681   Thumb Code    52  tool.o(i.my_exp)
    myln                                     0x080096b5   Thumb Code   100  tool.o(i.myln)
    parse_voltage                            0x0800971d   Thumb Code   106  menu.o(i.parse_voltage)
    parse_voltage1                           0x0800978d   Thumb Code     8  menu.o(i.parse_voltage1)
    power_quality                            0x08009795   Thumb Code  3976  menu.o(i.power_quality)
    problemdisp                              0x0800a745   Thumb Code   900  menu.o(i.problemdisp)
    screenbase1                              0x0800ac75   Thumb Code   594  menu.o(i.screenbase1)
    screenbase10                             0x0800af7d   Thumb Code   252  menu.o(i.screenbase10)
    screenbase2                              0x0800b0b1   Thumb Code   230  menu.o(i.screenbase2)
    screenbase3                              0x0800b1e1   Thumb Code   222  menu.o(i.screenbase3)
    screenbase4                              0x0800b2e1   Thumb Code   200  menu.o(i.screenbase4)
    screenbase5                              0x0800b3d5   Thumb Code   222  menu.o(i.screenbase5)
    screenbase6                              0x0800b4d5   Thumb Code   354  menu.o(i.screenbase6)
    screenbase7                              0x0800b6b5   Thumb Code   222  menu.o(i.screenbase7)
    screenbase8                              0x0800b7b5   Thumb Code   222  menu.o(i.screenbase8)
    screenbase9                              0x0800b8b5   Thumb Code   222  menu.o(i.screenbase9)
    timechange                               0x0800b9b9   Thumb Code  1092  menu.o(i.timechange)
    transfer_command                         0x0800bdfd   Thumb Code    96  lcd.o(i.transfer_command)
    transfer_data                            0x0800be61   Thumb Code    96  lcd.o(i.transfer_data)
    uart_com_process                         0x0800bec5   Thumb Code    40  main.o(i.uart_com_process)
    updata_c                                 0x0800bef9   Thumb Code   222  menu.o(i.updata_c)
    value_to_ascii                           0x0800bfdd   Thumb Code    76  tool.o(i.value_to_ascii)
    value_to_ascii1                          0x0800c03d   Thumb Code    48  menu.o(i.value_to_ascii1)
    waring_compare                           0x0800c075   Thumb Code   774  menu.o(i.waring_compare)
    warning_setting                          0x0800c3a1   Thumb Code    28  menu.o(i.warning_setting)
    xianshishuju                             0x0800c3c1   Thumb Code   168  tool.o(i.xianshishuju)
    xianshishuju2                            0x0800c46d   Thumb Code   114  tool.o(i.xianshishuju2)
    xianshishuju3                            0x0800c4ed   Thumb Code    70  tool.o(i.xianshishuju3)
    xianshishuju_dianliu                     0x0800c539   Thumb Code   166  tool.o(i.xianshishuju_dianliu)
    _get_lc_numeric                          0x0800c5e5   Thumb Code    44  lc_numeric_c.o(locale$$code)
    _get_lc_ctype                            0x0800c611   Thumb Code    44  lc_ctype_c.o(locale$$code)
    __aeabi_cdcmpeq                          0x0800c63d   Thumb Code     0  deqf.o(x$fpl$deqf)
    _dcmpeq                                  0x0800c63d   Thumb Code    94  deqf.o(x$fpl$deqf)
    __aeabi_cdcmple                          0x0800c6a1   Thumb Code     0  dlef.o(x$fpl$dleqf)
    _dcmple                                  0x0800c6a1   Thumb Code    94  dlef.o(x$fpl$dleqf)
    __aeabi_cdrcmple                         0x0800c705   Thumb Code     0  drlef.o(x$fpl$drleqf)
    _drcmple                                 0x0800c705   Thumb Code   100  drlef.o(x$fpl$drleqf)
    __aeabi_fadd                             0x0800c76d   Thumb Code     0  faddsub.o(x$fpl$fadd)
    _fadd                                    0x0800c76d   Thumb Code   134  faddsub.o(x$fpl$fadd)
    __aeabi_cfcmple                          0x0800c7f9   Thumb Code     0  flef.o(x$fpl$fleqf)
    _fcmple                                  0x0800c7f9   Thumb Code    78  flef.o(x$fpl$fleqf)
    __aeabi_fmul                             0x0800c84d   Thumb Code     0  fmul.o(x$fpl$fmul)
    _fmul                                    0x0800c84d   Thumb Code   172  fmul.o(x$fpl$fmul)
    __aeabi_cfrcmple                         0x0800c8fd   Thumb Code     0  frlef.o(x$fpl$frleqf)
    _frcmple                                 0x0800c8fd   Thumb Code    84  frlef.o(x$fpl$frleqf)
    __aeabi_frsub                            0x0800c955   Thumb Code     0  faddsub.o(x$fpl$frsb)
    _frsb                                    0x0800c955   Thumb Code    24  faddsub.o(x$fpl$frsb)
    __aeabi_fsub                             0x0800c96d   Thumb Code     0  faddsub.o(x$fpl$fsub)
    _fsub                                    0x0800c96d   Thumb Code   204  faddsub.o(x$fpl$fsub)
    _printf_fp_dec                           0x0800ca3d   Thumb Code    16  printf1.o(x$fpl$printf1)
    _scanf_real                              0x0800ca4d   Thumb Code    16  scanf1.o(x$fpl$scanf1)
    _scanf_hex_real                          0x0800ca5d   Thumb Code    16  scanf2.o(x$fpl$scanf2)
    _scanf_infnan                            0x0800ca6d   Thumb Code    16  scanf2.o(x$fpl$scanf2)
    __I$use$fp                               0x0800ca7c   Number         0  usenofp.o(x$fpl$usenofp)
    BUFFER_SIZE                              0x0800ce6c   Data           4  usart.o(.constdata)
    AHBPrescTable                            0x0800ce90   Data          16  system_stm32f0xx.o(.constdata)
    APBPrescTable                            0x0800cea0   Data           8  system_stm32f0xx.o(.constdata)
    Region$$Table$$Base                      0x0800d43c   Number         0  anon$$obj.o(Region$$Table)
    Region$$Table$$Limit                     0x0800d45c   Number         0  anon$$obj.o(Region$$Table)
    __aeabi_HUGE_VAL                         0x0800d45c   Data           0  fpconst.o(c$$dinf)
    __aeabi_HUGE_VALL                        0x0800d45c   Data           0  fpconst.o(c$$dinf)
    __aeabi_INFINITY                         0x0800d45c   Data           0  fpconst.o(c$$dinf)
    __dInf                                   0x0800d45c   Data           0  fpconst.o(c$$dinf)
    __huge_val                               0x0800d45c   Data           0  fpconst.o(c$$dinf)
    __dbl_max                                0x0800d464   Data           0  fpconst.o(c$$dmax)
    __ctype                                  0x0800d495   Data           0  lc_ctype_c.o(locale$$data)
    CN14CHAR                                 0x20000000   Data        1350  display_ziku.o(.data)
    CN16CHAR                                 0x20000546   Data        6154  display_ziku.o(.data)
    ascii_table_7x14                         0x20001d50   Data        1330  display_ziku.o(.data)
    ascii_table_8x16                         0x20002282   Data        1520  display_ziku.o(.data)
    frame_8_16_left                          0x20002872   Data          16  display_ziku.o(.data)
    frame_8_16_right                         0x20002882   Data          16  display_ziku.o(.data)
    frame_8_16_shangxia                      0x20002892   Data          16  display_ziku.o(.data)
    guan                                     0x200028a2   Data          32  display_ziku.o(.data)
    t_jz                                     0x200028c2   Data          32  display_ziku.o(.data)
    key_jz                                   0x200028e2   Data          32  display_ziku.o(.data)
    kai                                      0x20002902   Data          32  display_ziku.o(.data)
    keyi                                     0x20002922   Data          32  display_ziku.o(.data)
    fou                                      0x20002942   Data          32  display_ziku.o(.data)
    sanjiao_white                            0x20002962   Data          32  display_ziku.o(.data)
    sanjiao_shangblack                       0x20002982   Data          32  display_ziku.o(.data)
    sanjiao_xiablack                         0x200029a2   Data          32  display_ziku.o(.data)
    sanjiao_black                            0x200029c2   Data          32  display_ziku.o(.data)
    xiaofuangkuai                            0x200029e2   Data          32  display_ziku.o(.data)
    shouzhi                                  0x20002a02   Data          32  display_ziku.o(.data)
    dafuangkuai                              0x20002a22   Data          32  display_ziku.o(.data)
    frame3                                   0x20002a42   Data          32  display_ziku.o(.data)
    maohao                                   0x20002a62   Data          16  display_ziku.o(.data)
    dian                                     0x20002a72   Data          16  display_ziku.o(.data)
    F_initialization                         0x20002a84   Data           1  main.o(.data)
    tem                                      0x20002a85   Data           1  main.o(.data)
    count1                                   0x20002a86   Data           1  main.o(.data)
    F_MAINormenu                             0x20002a87   Data           1  main.o(.data)
    F_LEAK_OPEN_CLOSE                        0x20002a88   Data           1  main.o(.data)
    F_open                                   0x20002a89   Data           1  main.o(.data)
    F_FENHEZHA                               0x20002a8a   Data           1  main.o(.data)
    max_value                                0x20002a8b   Data           1  main.o(.data)
    F_T                                      0x20002a8c   Data           1  main.o(.data)
    F_Y                                      0x20002a90   Data           4  main.o(.data)
    F_Ypro                                   0x20002a94   Data           4  main.o(.data)
    key                                      0x20002a98   Data           4  main.o(.data)
    F_mainchange                             0x20002a9c   Data           4  main.o(.data)
    a                                        0x20002aa0   Data           4  main.o(.data)
    time_1                                   0x20002aa4   Data           4  main.o(.data)
    time_2                                   0x20002aa8   Data           4  main.o(.data)
    f_pc                                     0x20002aac   Data           4  main.o(.data)
    p_c_old                                  0x20002ab0   Data           4  main.o(.data)
    p_c_day                                  0x20002ab4   Data           4  main.o(.data)
    TEM_UP_arry                              0x20002ab8   Data           6  main.o(.data)
    temperature                              0x20002abe   Data           8  main.o(.data)
    F_GUZHANG                                0x20002ac8   Data           1  menu.o(.data)
    f_f                                      0x20002ac9   Data           1  menu.o(.data)
    qiehuan                                  0x20002aca   Data           1  menu.o(.data)
    SET_D_Cur                                0x20002acb   Data           1  menu.o(.data)
    Cal_state                                0x20002acc   Data           1  menu.o(.data)
    isfenzha                                 0x20002acd   Data           1  menu.o(.data)
    D_LCur                                   0x20002ace   Data           1  menu.o(.data)
    D_GY_yanshi                              0x20002acf   Data           1  menu.o(.data)
    D3_Cur                                   0x20002ad0   Data           1  menu.o(.data)
    D_QY_yanshi                              0x20002ad1   Data           1  menu.o(.data)
    D2_Cur                                   0x20002ad2   Data           1  menu.o(.data)
    TH_DL                                    0x20002ad3   Data           1  menu.o(.data)
    TH_Long_Cur                              0x20002ad4   Data           1  menu.o(.data)
    F_gz_disp                                0x20002ad5   Data           1  menu.o(.data)
    frequency_up_warning                     0x20002ad6   Data           1  menu.o(.data)
    frequency_down_warning                   0x20002ad7   Data           1  menu.o(.data)
    avu_warning                              0x20002ad8   Data           1  menu.o(.data)
    avd_warning                              0x20002ad9   Data           1  menu.o(.data)
    aiu_warning                              0x20002ada   Data           1  menu.o(.data)
    aid_warning                              0x20002adb   Data           1  menu.o(.data)
    power_warning                            0x20002adc   Data           1  menu.o(.data)
    powerconsumption_warning                 0x20002add   Data           1  menu.o(.data)
    temperature_out_warning                  0x20002ade   Data           1  menu.o(.data)
    temperature_in_warning                   0x20002adf   Data           1  menu.o(.data)
    P_warning                                0x20002ae0   Data           1  menu.o(.data)
    Q_warning                                0x20002ae1   Data           1  menu.o(.data)
    S_warning                                0x20002ae2   Data           1  menu.o(.data)
    cos_warning                              0x20002ae3   Data           1  menu.o(.data)
    U_UB_waring                              0x20002ae4   Data           1  menu.o(.data)
    I_UB_waring                              0x20002ae5   Data           1  menu.o(.data)
    F_AEorREorALLE                           0x20002ae6   Data           1  menu.o(.data)
    tim_m3                                   0x20002ae7   Data           1  menu.o(.data)
    tim_d3                                   0x20002ae8   Data           1  menu.o(.data)
    tim_h3                                   0x20002ae9   Data           1  menu.o(.data)
    tim_f3                                   0x20002aea   Data           1  menu.o(.data)
    tim_s3                                   0x20002aeb   Data           1  menu.o(.data)
    tim_m3temp                               0x20002aec   Data           1  menu.o(.data)
    tim_d3temp                               0x20002aed   Data           1  menu.o(.data)
    tim_h3temp                               0x20002aee   Data           1  menu.o(.data)
    tim_f3temp                               0x20002aef   Data           1  menu.o(.data)
    tim_s3temp                               0x20002af0   Data           1  menu.o(.data)
    tim_y3                                   0x20002af1   Data           1  menu.o(.data)
    tim_y3temp                               0x20002af2   Data           1  menu.o(.data)
    F_jiaozhuned                             0x20002af3   Data           1  menu.o(.data)
    F_adjustbegin                            0x20002af4   Data           1  menu.o(.data)
    TH_LCur                                  0x20002af5   Data           1  menu.o(.data)
    Vol_g                                    0x20002af6   Data           1  menu.o(.data)
    Vol_q                                    0x20002af7   Data           1  menu.o(.data)
    TH_LCurtemp                              0x20002af8   Data           1  menu.o(.data)
    Vol_gtemp                                0x20002af9   Data           1  menu.o(.data)
    Vol_qtemp                                0x20002afa   Data           1  menu.o(.data)
    D3_Curtemp                               0x20002afb   Data           1  menu.o(.data)
    D_SY_yanshi                              0x20002afc   Data           1  menu.o(.data)
    D_SY_yanshitemp                          0x20002afd   Data           1  menu.o(.data)
    D_GY_yanshitemp                          0x20002afe   Data           1  menu.o(.data)
    D_QY_yanshitemp                          0x20002aff   Data           1  menu.o(.data)
    D_Cur                                    0x20002b00   Data           1  menu.o(.data)
    D_Curtemp                                0x20002b01   Data           1  menu.o(.data)
    TH_Long_Curtemp                          0x20002b02   Data           1  menu.o(.data)
    D2_Curtemp                               0x20002b03   Data           1  menu.o(.data)
    TH_DLtemp                                0x20002b04   Data           1  menu.o(.data)
    Type_Cur                                 0x20002b05   Data           1  menu.o(.data)
    Type_Curtemp                             0x20002b06   Data           1  menu.o(.data)
    baud                                     0x20002b07   Data           1  menu.o(.data)
    TH_TEM_UP                                0x20002b08   Data           1  menu.o(.data)
    TH_TEM_DOWN                              0x20002b09   Data           1  menu.o(.data)
    TH_TEM_UPtemp                            0x20002b0a   Data           1  menu.o(.data)
    TH_TEM_DOWNtemp                          0x20002b0b   Data           1  menu.o(.data)
    baudtemp                                 0x20002b0c   Data           1  menu.o(.data)
    F_Special_wave                           0x20002b0d   Data           1  menu.o(.data)
    F_trip_ld                                0x20002b0e   Data           1  menu.o(.data)
    F_TB_trip                                0x20002b0f   Data           1  menu.o(.data)
    F_TB_triptemp                            0x20002b10   Data           1  menu.o(.data)
    F_Special_wavetemp                       0x20002b11   Data           1  menu.o(.data)
    F_trip_QX                                0x20002b12   Data           1  menu.o(.data)
    F_trip_qy                                0x20002b13   Data           1  menu.o(.data)
    F_trip_gy                                0x20002b14   Data           1  menu.o(.data)
    F_trip_QL                                0x20002b15   Data           1  menu.o(.data)
    F_ip_3                                   0x20002b16   Data           1  menu.o(.data)
    F_ip                                     0x20002b17   Data           1  menu.o(.data)
    F_trip_gl                                0x20002b18   Data           1  menu.o(.data)
    F_trip_sy                                0x20002b19   Data           1  menu.o(.data)
    F_iptemp                                 0x20002b1a   Data           1  menu.o(.data)
    F_ip_3temp                               0x20002b1b   Data           1  menu.o(.data)
    F_trip_sytemp                            0x20002b1c   Data           1  menu.o(.data)
    DY_hezha                                 0x20002b1d   Data           1  menu.o(.data)
    LD_hezha                                 0x20002b1e   Data           1  menu.o(.data)
    shangdian                                0x20002b1f   Data           1  menu.o(.data)
    jiaozhun                                 0x20002b20   Data           1  menu.o(.data)
    jiaozhuntemp                             0x20002b21   Data           1  menu.o(.data)
    shangdiantemp                            0x20002b22   Data           1  menu.o(.data)
    LD_hezhatemp                             0x20002b23   Data           1  menu.o(.data)
    DY_hezhatemp                             0x20002b24   Data           1  menu.o(.data)
    F_TX                                     0x20002b25   Data           1  menu.o(.data)
    wendu                                    0x20002b26   Data           1  menu.o(.data)
    DL_hezha                                 0x20002b27   Data           1  menu.o(.data)
    DL_hezhatemp                             0x20002b28   Data           1  menu.o(.data)
    wendutemp                                0x20002b29   Data           1  menu.o(.data)
    F_TXtemp                                 0x20002b2a   Data           1  menu.o(.data)
    F_disp_jg                                0x20002b2b   Data           1  menu.o(.data)
    F_disp_tr                                0x20002b2c   Data           1  menu.o(.data)
    F_hezha_state                            0x20002b2d   Data           1  menu.o(.data)
    F_fenzha_state                           0x20002b2e   Data           1  menu.o(.data)
    F_ch                                     0x20002b2f   Data           1  menu.o(.data)
    DI0                                      0x20002b30   Data           1  menu.o(.data)
    DI2                                      0x20002b31   Data           1  menu.o(.data)
    DI3                                      0x20002b32   Data           1  menu.o(.data)
    D_Cur_P                                  0x20002b33   Data           1  menu.o(.data)
    waring                                   0x20002b34   Data           1  menu.o(.data)
    add_1_1                                  0x20002b35   Data           2  menu.o(.data)
    add_2_1                                  0x20002b37   Data           2  menu.o(.data)
    add_3_1                                  0x20002b39   Data           2  menu.o(.data)
    add_4_1                                  0x20002b3b   Data           2  menu.o(.data)
    add_5_1                                  0x20002b3d   Data           2  menu.o(.data)
    add_6_1                                  0x20002b3f   Data           2  menu.o(.data)
    add_1_2                                  0x20002b41   Data           2  menu.o(.data)
    add_2_2                                  0x20002b43   Data           2  menu.o(.data)
    add_3_2                                  0x20002b45   Data           2  menu.o(.data)
    add_4_2                                  0x20002b47   Data           2  menu.o(.data)
    add_5_2                                  0x20002b49   Data           2  menu.o(.data)
    add_6_2                                  0x20002b4b   Data           2  menu.o(.data)
    nian_qian                                0x20002b4d   Data           3  menu.o(.data)
    nian                                     0x20002b50   Data           3  menu.o(.data)
    yue                                      0x20002b53   Data           3  menu.o(.data)
    ri                                       0x20002b56   Data           3  menu.o(.data)
    shi                                      0x20002b59   Data           3  menu.o(.data)
    fen                                      0x20002b5c   Data           3  menu.o(.data)
    miao                                     0x20002b5f   Data           3  menu.o(.data)
    current_page                             0x20002b64   Data           4  menu.o(.data)
    Leak_Cur_disp                            0x20002b68   Data           4  menu.o(.data)
    sdatestructure                           0x20002b6c   Data           4  menu.o(.data)
    a1                                       0x20002b70   Data           4  menu.o(.data)
    mima                                     0x20002b74   Data           4  menu.o(.data)
    mima_set                                 0x20002b78   Data           4  menu.o(.data)
    mima_settemp                             0x20002b7c   Data           4  menu.o(.data)
    mima_set_compare                         0x20002b80   Data           4  menu.o(.data)
    SET_I_VAL                                0x20002b84   Data           4  menu.o(.data)
    Num_tripall                              0x20002b88   Data           4  menu.o(.data)
    Num_clearall                             0x20002b8c   Data           4  menu.o(.data)
    Num_triplock                             0x20002b90   Data           4  menu.o(.data)
    Num_tripleak                             0x20002b94   Data           4  menu.o(.data)
    Num_tripcur                              0x20002b98   Data           4  menu.o(.data)
    Num_tripvol                              0x20002b9c   Data           4  menu.o(.data)
    Num_triphand                             0x20002ba0   Data           4  menu.o(.data)
    Num_triptest                             0x20002ba4   Data           4  menu.o(.data)
    Num_tripdelay                            0x20002ba8   Data           4  menu.o(.data)
    Num_tripinstant                          0x20002bac   Data           4  menu.o(.data)
    Num_leakover                             0x20002bb0   Data           4  menu.o(.data)
    Num_leakprotect                          0x20002bb4   Data           4  menu.o(.data)
    gz_disp                                  0x20002bb8   Data           4  menu.o(.data)
    upper_hz                                 0x20002bbc   Data           4  menu.o(.data)
    upper_q                                  0x20002bc0   Data           4  menu.o(.data)
    upper_TEM                                0x20002bc4   Data           4  menu.o(.data)
    waring_num                               0x20002bc8   Data           4  menu.o(.data)
    lower_voltage                            0x20002bcc   Data           4  menu.o(.data)
    U_UB                                     0x20002bd0   Data           4  menu.o(.data)
    I_UB                                     0x20002bd4   Data           4  menu.o(.data)
    ctrlword                                 0x20002bd8   Data           5  menu.o(.data)
    ctrlwordtemp                             0x20002bdd   Data           5  menu.o(.data)
    self_addr_code                           0x20002be2   Data           6  menu.o(.data)
    self_addr_codetemp                       0x20002be8   Data           6  menu.o(.data)
    Cos                                      0x20002bf0   Data           8  menu.o(.data)
    dianliu                                  0x20002bf8   Data          54  menu.o(.data)
    DIANYA                                   0x20002c2e   Data          36  menu.o(.data)
    DIANYA1                                  0x20002c52   Data          48  menu.o(.data)
    hz_up                                    0x20002c82   Data          48  menu.o(.data)
    hz_down                                  0x20002cb2   Data          48  menu.o(.data)
    DIANYA_1                                 0x20002ce2   Data          36  menu.o(.data)
    DIANYA_11                                0x20002d06   Data          48  menu.o(.data)
    TEM_UP_show1                             0x20002d36   Data          48  menu.o(.data)
    guoliu_type1                             0x20002d66   Data          54  menu.o(.data)
    guoliu_type2                             0x20002d9c   Data         120  menu.o(.data)
    guoliu_type21                            0x20002e14   Data         160  menu.o(.data)
    guoliu_type3                             0x20002eb4   Data          78  menu.o(.data)
    power_waring                             0x20002f02   Data         104  menu.o(.data)
    u_UB_waring                              0x20002f6a   Data          48  menu.o(.data)
    i_UB_waring                              0x20002f9a   Data          48  menu.o(.data)
    Powerconsumption_warning                 0x20002fca   Data          32  menu.o(.data)
    p_waring                                 0x20002fea   Data          80  menu.o(.data)
    q_waring                                 0x2000303a   Data          80  menu.o(.data)
    s_warning                                0x2000308a   Data          80  menu.o(.data)
    Cos_warning                              0x200030da   Data          40  menu.o(.data)
    guoliu_type4                             0x20003102   Data          84  menu.o(.data)
    guoliu_type5                             0x20003156   Data          42  menu.o(.data)
    guzhang_yuanyin                          0x20003180   Data          65  menu.o(.data)
    qirigang                                 0x200031c1   Data          16  menu.o(.data)
    xiaogang                                 0x200031d1   Data          16  menu.o(.data)
    xiaomaohao                               0x200031e1   Data          16  menu.o(.data)
    screenbase_funcs                         0x200031f4   Data          52  menu.o(.data)
    shijian                                  0x20003228   Data          30  menu.o(.data)
    SY_yanshi                                0x20003246   Data          60  menu.o(.data)
    GY_yanshi                                0x20003282   Data          60  menu.o(.data)
    QY_yanshi                                0x200032be   Data          60  menu.o(.data)
    D3_DW                                    0x200032fa   Data          36  menu.o(.data)
    GUOLIU_T                                 0x2000331e   Data          48  menu.o(.data)
    D2_DW                                    0x2000334e   Data          36  menu.o(.data)
    D2_T                                     0x20003372   Data          42  menu.o(.data)
    Type_cur_show                            0x2000339c   Data          30  menu.o(.data)
    TEM_UP_show                              0x200033ba   Data          36  menu.o(.data)
    TEM_DOWN_show                            0x200033de   Data          30  menu.o(.data)
    botelv                                   0x200033fc   Data          24  menu.o(.data)
    F_auto_ld                                0x20003414   Data           1  menu.o(.data)
    DI1                                      0x20003415   Data           1  menu.o(.data)
    zifu_dian                                0x20003416   Data           5  tool.o(.data)
    F_Dataval                                0x2000341c   Data           1  usart.o(.data)
    F_re_sta                                 0x2000341d   Data           1  usart.o(.data)
    Addr_len                                 0x2000341e   Data           1  usart.o(.data)
    ctrl_code                                0x2000341f   Data           1  usart.o(.data)
    data_len_temp                            0x20003420   Data           1  usart.o(.data)
    cs_data                                  0x20003421   Data           1  usart.o(.data)
    data_len                                 0x20003422   Data           1  usart.o(.data)
    write_ptr                                0x20003424   Data           4  usart.o(.data)
    Addr_array                               0x20003428   Data           6  usart.o(.data)
    read_ptr                                 0x20003430   Data           4  usart.o(.data)
    uwTickFreq                               0x20003434   Data           1  stm32f0xx_hal.o(.data)
    uwTickPrio                               0x20003438   Data           4  stm32f0xx_hal.o(.data)
    uwTick                                   0x2000343c   Data           4  stm32f0xx_hal.o(.data)
    SystemCoreClock                          0x20003440   Data           4  system_stm32f0xx.o(.data)
    ADC_Convertedvalue                       0x20003444   Data          16  main.o(.bss)
    hadc                                     0x20003454   Data          64  adc.o(.bss)
    hdma_adc                                 0x20003494   Data          68  adc.o(.bss)
    hrtc                                     0x200034d8   Data          32  rtc.o(.bss)
    htim1                                    0x200034f8   Data          72  tim.o(.bss)
    HT7038_buf1                              0x20003540   Data        1200  menu.o(.bss)
    HT7038_buf11                             0x200039f0   Data        1200  menu.o(.bss)
    guoliu_show                              0x20003ea0   Data         120  menu.o(.bss)
    exceeded                                 0x20003f18   Data          15  menu.o(.bss)
    stimestructure                           0x20003f28   Data          20  menu.o(.bss)
    fault_buffer                             0x20003f3c   Data         320  menu.o(.bss)
    huart1                                   0x2000407c   Data         136  usart.o(.bss)
    Send                                     0x20004104   Data         100  usart.o(.bss)
    tmp_uart_rx                              0x20004168   Data          50  usart.o(.bss)
    Lcd_data_array                           0x2000419a   Data         400  usart.o(.bss)
    LCD_Receive_last                         0x2000432a   Data         100  usart.o(.bss)
    __libspace_start                         0x20004390   Data          96  libspace.o(.bss)
    __temporary_stack_top$libspace           0x200043f0   Data           0  libspace.o(.bss)



==============================================================================

Memory Map of the image

  Image Entry point : 0x080000b9

  Load Region LR_IROM1 (Base: 0x08000000, Size: 0x000109dc, Max: 0x00040000, ABSOLUTE, COMPRESSED[0x0000f760])

    Execution Region ER_IROM1 (Exec base: 0x08000000, Load base: 0x08000000, Size: 0x0000d598, Max: 0x00040000, ABSOLUTE)

    Exec Addr    Load Addr    Size         Type   Attr      Idx    E Section Name        Object

    0x08000000   0x08000000   0x000000b8   Data   RO            3    RESET               startup_stm32f030xc.o
    0x080000b8   0x080000b8   0x00000008   Code   RO         4912  * !!!main             c_p.l(__main.o)
    0x080000c0   0x080000c0   0x0000003c   Code   RO         5315    !!!scatter          c_p.l(__scatter.o)
    0x080000fc   0x080000fc   0x0000001c   Code   RO         5317    !!handler_zi        c_p.l(__scatter_zi.o)
    0x08000118   0x08000118   0x00000002   Code   RO         4893    .ARM.Collect$$_printf_percent$$00000000  c_p.l(_printf_percent.o)
    0x0800011a   0x0800011a   0x0000000a   Code   RO         4892    .ARM.Collect$$_printf_percent$$00000003  c_p.l(_printf_f.o)
    0x08000124   0x08000124   0x0000000a   Code   RO         4891    .ARM.Collect$$_printf_percent$$00000009  c_p.l(_printf_d.o)
    0x0800012e   0x0800012e   0x0000000a   Code   RO         4890    .ARM.Collect$$_printf_percent$$00000014  c_p.l(_printf_s.o)
    0x08000138   0x08000138   0x00000004   Code   RO         5003    .ARM.Collect$$_printf_percent$$00000017  c_p.l(_printf_percent_end.o)
    0x0800013c   0x0800013c   0x00000002   Code   RO         5180    .ARM.Collect$$libinit$$00000000  c_p.l(libinit.o)
    0x0800013e   0x0800013e   0x00000000   Code   RO         5013    .ARM.Collect$$libinit$$00000002  c_p.l(libinit2.o)
    0x0800013e   0x0800013e   0x00000000   Code   RO         5015    .ARM.Collect$$libinit$$00000004  c_p.l(libinit2.o)
    0x0800013e   0x0800013e   0x00000008   Code   RO         5016    .ARM.Collect$$libinit$$00000005  c_p.l(libinit2.o)
    0x08000146   0x08000146   0x00000000   Code   RO         5018    .ARM.Collect$$libinit$$0000000A  c_p.l(libinit2.o)
    0x08000146   0x08000146   0x00000000   Code   RO         5020    .ARM.Collect$$libinit$$0000000C  c_p.l(libinit2.o)
    0x08000146   0x08000146   0x00000000   Code   RO         5022    .ARM.Collect$$libinit$$0000000E  c_p.l(libinit2.o)
    0x08000146   0x08000146   0x00000006   Code   RO         5023    .ARM.Collect$$libinit$$0000000F  c_p.l(libinit2.o)
    0x0800014c   0x0800014c   0x00000000   Code   RO         5025    .ARM.Collect$$libinit$$00000011  c_p.l(libinit2.o)
    0x0800014c   0x0800014c   0x0000000c   Code   RO         5026    .ARM.Collect$$libinit$$00000012  c_p.l(libinit2.o)
    0x08000158   0x08000158   0x00000000   Code   RO         5027    .ARM.Collect$$libinit$$00000013  c_p.l(libinit2.o)
    0x08000158   0x08000158   0x00000000   Code   RO         5029    .ARM.Collect$$libinit$$00000015  c_p.l(libinit2.o)
    0x08000158   0x08000158   0x0000000a   Code   RO         5030    .ARM.Collect$$libinit$$00000016  c_p.l(libinit2.o)
    0x08000162   0x08000162   0x00000000   Code   RO         5031    .ARM.Collect$$libinit$$00000017  c_p.l(libinit2.o)
    0x08000162   0x08000162   0x00000000   Code   RO         5033    .ARM.Collect$$libinit$$00000019  c_p.l(libinit2.o)
    0x08000162   0x08000162   0x00000000   Code   RO         5035    .ARM.Collect$$libinit$$0000001B  c_p.l(libinit2.o)
    0x08000162   0x08000162   0x00000000   Code   RO         5037    .ARM.Collect$$libinit$$0000001D  c_p.l(libinit2.o)
    0x08000162   0x08000162   0x00000000   Code   RO         5039    .ARM.Collect$$libinit$$0000001F  c_p.l(libinit2.o)
    0x08000162   0x08000162   0x00000000   Code   RO         5041    .ARM.Collect$$libinit$$00000021  c_p.l(libinit2.o)
    0x08000162   0x08000162   0x00000000   Code   RO         5043    .ARM.Collect$$libinit$$00000023  c_p.l(libinit2.o)
    0x08000162   0x08000162   0x00000000   Code   RO         5045    .ARM.Collect$$libinit$$00000025  c_p.l(libinit2.o)
    0x08000162   0x08000162   0x00000000   Code   RO         5049    .ARM.Collect$$libinit$$0000002C  c_p.l(libinit2.o)
    0x08000162   0x08000162   0x00000000   Code   RO         5051    .ARM.Collect$$libinit$$0000002E  c_p.l(libinit2.o)
    0x08000162   0x08000162   0x00000000   Code   RO         5053    .ARM.Collect$$libinit$$00000030  c_p.l(libinit2.o)
    0x08000162   0x08000162   0x00000000   Code   RO         5055    .ARM.Collect$$libinit$$00000032  c_p.l(libinit2.o)
    0x08000162   0x08000162   0x00000002   Code   RO         5056    .ARM.Collect$$libinit$$00000033  c_p.l(libinit2.o)
    0x08000164   0x08000164   0x00000002   Code   RO         5277    .ARM.Collect$$libshutdown$$00000000  c_p.l(libshutdown.o)
    0x08000166   0x08000166   0x00000000   Code   RO         5201    .ARM.Collect$$libshutdown$$00000002  c_p.l(libshutdown2.o)
    0x08000166   0x08000166   0x00000000   Code   RO         5203    .ARM.Collect$$libshutdown$$00000004  c_p.l(libshutdown2.o)
    0x08000166   0x08000166   0x00000000   Code   RO         5205    .ARM.Collect$$libshutdown$$00000006  c_p.l(libshutdown2.o)
    0x08000166   0x08000166   0x00000000   Code   RO         5208    .ARM.Collect$$libshutdown$$00000009  c_p.l(libshutdown2.o)
    0x08000166   0x08000166   0x00000000   Code   RO         5211    .ARM.Collect$$libshutdown$$0000000C  c_p.l(libshutdown2.o)
    0x08000166   0x08000166   0x00000000   Code   RO         5213    .ARM.Collect$$libshutdown$$0000000E  c_p.l(libshutdown2.o)
    0x08000166   0x08000166   0x00000000   Code   RO         5216    .ARM.Collect$$libshutdown$$00000011  c_p.l(libshutdown2.o)
    0x08000166   0x08000166   0x00000002   Code   RO         5217    .ARM.Collect$$libshutdown$$00000012  c_p.l(libshutdown2.o)
    0x08000168   0x08000168   0x00000000   Code   RO         4950    .ARM.Collect$$rtentry$$00000000  c_p.l(__rtentry.o)
    0x08000168   0x08000168   0x00000000   Code   RO         5068    .ARM.Collect$$rtentry$$00000002  c_p.l(__rtentry2.o)
    0x08000168   0x08000168   0x00000006   Code   RO         5080    .ARM.Collect$$rtentry$$00000004  c_p.l(__rtentry4.o)
    0x0800016e   0x0800016e   0x00000000   Code   RO         5070    .ARM.Collect$$rtentry$$00000009  c_p.l(__rtentry2.o)
    0x0800016e   0x0800016e   0x00000004   Code   RO         5071    .ARM.Collect$$rtentry$$0000000A  c_p.l(__rtentry2.o)
    0x08000172   0x08000172   0x00000000   Code   RO         5073    .ARM.Collect$$rtentry$$0000000C  c_p.l(__rtentry2.o)
    0x08000172   0x08000172   0x00000008   Code   RO         5074    .ARM.Collect$$rtentry$$0000000D  c_p.l(__rtentry2.o)
    0x0800017a   0x0800017a   0x00000002   Code   RO         5186    .ARM.Collect$$rtexit$$00000000  c_p.l(rtexit.o)
    0x0800017c   0x0800017c   0x00000000   Code   RO         5237    .ARM.Collect$$rtexit$$00000002  c_p.l(rtexit2.o)
    0x0800017c   0x0800017c   0x00000004   Code   RO         5238    .ARM.Collect$$rtexit$$00000003  c_p.l(rtexit2.o)
    0x08000180   0x08000180   0x00000006   Code   RO         5239    .ARM.Collect$$rtexit$$00000004  c_p.l(rtexit2.o)
    0x08000186   0x08000186   0x00000002   PAD
    0x08000188   0x08000188   0x00000038   Code   RO         4900    .emb_text           c_p.l(rt_memcpy.o)
    0x080001c0   0x080001c0   0x00000000   Code   RO         5093    .emb_text           c_p.l(maybetermalloc1.o)
    0x080001c0   0x080001c0   0x00000038   Code   RO            4    .text               startup_stm32f030xc.o
    0x080001f8   0x080001f8   0x00000062   Code   RO         4792    .text               c_p.l(h1_alloc.o)
    0x0800025a   0x0800025a   0x0000004c   Code   RO         4794    .text               c_p.l(h1_free.o)
    0x080002a6   0x080002a6   0x00000102   Code   RO         4852    .text               c_p.l(lludiv.o)
    0x080003a8   0x080003a8   0x00000028   Code   RO         4858    .text               c_p.l(noretval__2sprintf.o)
    0x080003d0   0x080003d0   0x00000038   Code   RO         4860    .text               c_p.l(noretval__2snprintf.o)
    0x08000408   0x08000408   0x0000004e   Code   RO         4864    .text               c_p.l(_printf_pad.o)
    0x08000456   0x08000456   0x00000052   Code   RO         4866    .text               c_p.l(_printf_str.o)
    0x080004a8   0x080004a8   0x0000006c   Code   RO         4868    .text               c_p.l(_printf_dec.o)
    0x08000514   0x08000514   0x00000138   Code   RO         4882    .text               c_p.l(__printf_flags_wp.o)
    0x0800064c   0x0800064c   0x0000001a   Code   RO         4894    .text               c_p.l(atoi.o)
    0x08000666   0x08000666   0x00000002   PAD
    0x08000668   0x08000668   0x0000004c   Code   RO         4896    .text               c_p.l(strcpy.o)
    0x080006b4   0x080006b4   0x00000044   Code   RO         4898    .text               c_p.l(strlen.o)
    0x080006f8   0x080006f8   0x00000040   Code   RO         4904    .text               c_p.l(rt_memclr.o)
    0x08000738   0x08000738   0x0000015a   Code   RO         4906    .text               c_p.l(aeabi_sdiv.o)
    0x08000892   0x08000892   0x00000006   Code   RO         4910    .text               c_p.l(heapauxi.o)
    0x08000898   0x08000898   0x00000448   Code   RO         4914    .text               fz_ps.l(ddiv.o)
    0x08000ce0   0x08000ce0   0x00000058   Code   RO         4917    .text               fz_ps.l(dflti.o)
    0x08000d38   0x08000d38   0x00000160   Code   RO         4927    .text               fz_ps.l(fdiv.o)
    0x08000e98   0x08000e98   0x00000030   Code   RO         4930    .text               fz_ps.l(ffixui.o)
    0x08000ec8   0x08000ec8   0x0000005e   Code   RO         4932    .text               fz_ps.l(fflti.o)
    0x08000f26   0x08000f26   0x00000002   PAD
    0x08000f28   0x08000f28   0x00000044   Code   RO         4940    .text               fz_ps.l(fscalbn.o)
    0x08000f6c   0x08000f6c   0x00000008   Code   RO         4962    .text               c_p.l(rt_heap_descriptor_intlibspace.o)
    0x08000f74   0x08000f74   0x00000008   Code   RO         4967    .text               c_p.l(rt_errno_addr_intlibspace.o)
    0x08000f7c   0x08000f7c   0x00000004   Code   RO         4969    .text               c_p.l(hguard.o)
    0x08000f80   0x08000f80   0x00000088   Code   RO         4971    .text               c_p.l(init_alloc.o)
    0x08001008   0x08001008   0x0000000e   Code   RO         4975    .text               c_p.l(h1_init.o)
    0x08001016   0x08001016   0x00000016   Code   RO         4989    .text               c_p.l(_rserrno.o)
    0x0800102c   0x0800102c   0x000000b0   Code   RO         4991    .text               c_p.l(_printf_intcommon.o)
    0x080010dc   0x080010dc   0x00000418   Code   RO         4993    .text               c_p.l(_printf_fp_dec.o)
    0x080014f4   0x080014f4   0x00000030   Code   RO         4995    .text               c_p.l(_printf_char_common.o)
    0x08001524   0x08001524   0x0000000a   Code   RO         4997    .text               c_p.l(_sputc.o)
    0x0800152e   0x0800152e   0x00000010   Code   RO         4999    .text               c_p.l(_snputc.o)
    0x0800153e   0x0800153e   0x0000002e   Code   RO         5001    .text               c_p.l(_printf_char.o)
    0x0800156c   0x0800156c   0x000000ac   Code   RO         5004    .text               c_p.l(strtod.o)
    0x08001618   0x08001618   0x00000070   Code   RO         5006    .text               c_p.l(strtol.o)
    0x08001688   0x08001688   0x00000028   Code   RO         5008    .text               c_p.l(rtudiv10.o)
    0x080016b0   0x080016b0   0x00000090   Code   RO         5057    .text               fz_ps.l(dcmpin.o)
    0x08001740   0x08001740   0x00000064   Code   RO         5059    .text               fz_ps.l(fcmpin.o)
    0x080017a4   0x080017a4   0x00000008   Code   RO         5064    .text               c_p.l(libspace.o)
    0x080017ac   0x080017ac   0x00000010   Code   RO         5082    .text               c_p.l(rt_ctype_table.o)
    0x080017bc   0x080017bc   0x00000008   Code   RO         5089    .text               c_p.l(rt_locale_intlibspace.o)
    0x080017c4   0x080017c4   0x00000034   Code   RO         5095    .text               c_p.l(h1_extend.o)
    0x080017f8   0x080017f8   0x0000007a   Code   RO         5099    .text               c_p.l(lludiv10.o)
    0x08001872   0x08001872   0x00000012   Code   RO         5101    .text               c_p.l(isspace.o)
    0x08001884   0x08001884   0x00000088   Code   RO         5103    .text               c_p.l(_printf_fp_infnan.o)
    0x0800190c   0x0800190c   0x00000044   Code   RO         5107    .text               c_p.l(_sgetc.o)
    0x08001950   0x08001950   0x000000a6   Code   RO         5109    .text               c_p.l(_strtoul.o)
    0x080019f6   0x080019f6   0x00000002   PAD
    0x080019f8   0x080019f8   0x000000d8   Code   RO         5111    .text               c_p.l(bigflt0.o)
    0x08001ad0   0x08001ad0   0x00000580   Code   RO         5114    .text               c_p.l(btod.o)
    0x08002050   0x08002050   0x0000000c   Code   RO         5119    .text               c_p.l(defsig_rtmem_outer.o)
    0x0800205c   0x0800205c   0x0000002e   Code   RO         5128    .text               fz_ps.l(cmpret.o)
    0x0800208a   0x0800208a   0x00000002   PAD
    0x0800208c   0x0800208c   0x00000014   Code   RO         5130    .text               fz_ps.l(dnan2.o)
    0x080020a0   0x080020a0   0x00000010   Code   RO         5132    .text               fz_ps.l(fnan2.o)
    0x080020b0   0x080020b0   0x00000002   Code   RO         5142    .text               c_p.l(use_no_semi.o)
    0x080020b2   0x080020b2   0x00000000   Code   RO         5144    .text               c_p.l(indicate_semi.o)
    0x080020b2   0x080020b2   0x0000003e   Code   RO         5145    .text               c_p.l(sys_stackheap_outer.o)
    0x080020f0   0x080020f0   0x0000001e   Code   RO         5152    .text               c_p.l(_chval.o)
    0x0800210e   0x0800210e   0x00000002   PAD
    0x08002110   0x08002110   0x00000520   Code   RO         5154    .text               c_p.l(scanf_fp.o)
    0x08002630   0x08002630   0x00000010   Code   RO         5159    .text               c_p.l(exit.o)
    0x08002640   0x08002640   0x0000000c   Code   RO         5161    .text               c_p.l(defsig_exit.o)
    0x0800264c   0x0800264c   0x00000050   Code   RO         5167    .text               c_p.l(defsig_rtmem_inner.o)
    0x0800269c   0x0800269c   0x00000088   Code   RO         5169    .text               c_p.l(strcmp.o)
    0x08002724   0x08002724   0x0000005e   Code   RO         5181    .text               fz_ps.l(retnan.o)
    0x08002782   0x08002782   0x00000002   PAD
    0x08002784   0x08002784   0x0000000c   Code   RO         5183    .text               c_p.l(sys_exit.o)
    0x08002790   0x08002790   0x00000030   Code   RO         5192    .text               c_p.l(llmul.o)
    0x080027c0   0x080027c0   0x00000034   Code   RO         5196    .text               c_p.l(defsig_general.o)
    0x080027f4   0x080027f4   0x0000000c   Code   RO         5234    .text               c_p.l(sys_wrch.o)
    0x08002800   0x08002800   0x00000334   Code   RO         5243    .text               c_p.l(scanf_hexfp.o)
    0x08002b34   0x08002b34   0x0000013c   Code   RO         5245    .text               c_p.l(scanf_infnan.o)
    0x08002c70   0x08002c70   0x0000007c   Code   RO         5249    .text               fz_ps.l(d2f.o)
    0x08002cec   0x08002cec   0x00000020   Code   RO         5259    .text               c_p.l(llshl.o)
    0x08002d0c   0x08002d0c   0x00000060   Code   RO         5278    .text               fz_ps.l(dscalbn.o)
    0x08002d6c   0x08002d6c   0x00000060   Code   RO         5313    .text               c_p.l(__dclz77c.o)
    0x08002dcc   0x08002dcc   0x0000006c   Code   RO         1417    i.ADC_DMAConvCplt   stm32f0xx_hal_adc.o
    0x08002e38   0x08002e38   0x0000001a   Code   RO         1418    i.ADC_DMAError      stm32f0xx_hal_adc.o
    0x08002e52   0x08002e52   0x0000000a   Code   RO         1419    i.ADC_DMAHalfConvCplt  stm32f0xx_hal_adc.o
    0x08002e5c   0x08002e5c   0x00000090   Code   RO         1421    i.ADC_Enable        stm32f0xx_hal_adc.o
    0x08002eec   0x08002eec   0x00000024   Code   RO         1227    i.ADtoTemp          tool.o
    0x08002f10   0x08002f10   0x00000018   Code   RO         1328    i.Clear_Send_Data   usart.o
    0x08002f28   0x08002f28   0x00000010   Code   RO          695    i.DMA1_Channel1_IRQHandler  stm32f0xx_it.o
    0x08002f38   0x08002f38   0x00000024   Code   RO         2465    i.DMA_CalcBaseAndBitshift  stm32f0xx_hal_dma.o
    0x08002f5c   0x08002f5c   0x00000028   Code   RO         2466    i.DMA_SetConfig     stm32f0xx_hal_dma.o
    0x08002f84   0x08002f84   0x00000174   Code   RO         1230    i.DectoBCD          tool.o
    0x080030f8   0x080030f8   0x00000030   Code   RO          781    i.Disp_Write_time   menu.o
    0x08003128   0x08003128   0x00000100   Code   RO          782    i.Disp_date         menu.o
    0x08003228   0x08003228   0x0000001c   Code   RO          783    i.Disp_time         menu.o
    0x08003244   0x08003244   0x00000004   Code   RO          425    i.Error_Handler     main.o
    0x08003248   0x08003248   0x00000110   Code   RO         1423    i.HAL_ADC_ConfigChannel  stm32f0xx_hal_adc.o
    0x08003358   0x08003358   0x00000002   Code   RO         1424    i.HAL_ADC_ConvCpltCallback  stm32f0xx_hal_adc.o
    0x0800335a   0x0800335a   0x00000002   Code   RO         1425    i.HAL_ADC_ConvHalfCpltCallback  stm32f0xx_hal_adc.o
    0x0800335c   0x0800335c   0x00000002   Code   RO         1427    i.HAL_ADC_ErrorCallback  stm32f0xx_hal_adc.o
    0x0800335e   0x0800335e   0x00000002   PAD
    0x08003360   0x08003360   0x00000178   Code   RO         1432    i.HAL_ADC_Init      stm32f0xx_hal_adc.o
    0x080034d8   0x080034d8   0x000000a4   Code   RO          549    i.HAL_ADC_MspInit   adc.o
    0x0800357c   0x0800357c   0x000000a0   Code   RO         1439    i.HAL_ADC_Start_DMA  stm32f0xx_hal_adc.o
    0x0800361c   0x0800361c   0x00000040   Code   RO         2467    i.HAL_DMA_Abort     stm32f0xx_hal_dma.o
    0x0800365c   0x0800365c   0x00000048   Code   RO         2468    i.HAL_DMA_Abort_IT  stm32f0xx_hal_dma.o
    0x080036a4   0x080036a4   0x0000009c   Code   RO         2472    i.HAL_DMA_IRQHandler  stm32f0xx_hal_dma.o
    0x08003740   0x08003740   0x00000054   Code   RO         2473    i.HAL_DMA_Init      stm32f0xx_hal_dma.o
    0x08003794   0x08003794   0x0000006a   Code   RO         2477    i.HAL_DMA_Start_IT  stm32f0xx_hal_dma.o
    0x080037fe   0x080037fe   0x00000002   PAD
    0x08003800   0x08003800   0x00000024   Code   RO         1744    i.HAL_Delay         stm32f0xx_hal.o
    0x08003824   0x08003824   0x000001a4   Code   RO         2406    i.HAL_GPIO_Init     stm32f0xx_hal_gpio.o
    0x080039c8   0x080039c8   0x0000000a   Code   RO         2408    i.HAL_GPIO_ReadPin  stm32f0xx_hal_gpio.o
    0x080039d2   0x080039d2   0x00000010   Code   RO         2409    i.HAL_GPIO_TogglePin  stm32f0xx_hal_gpio.o
    0x080039e2   0x080039e2   0x0000000c   Code   RO         2410    i.HAL_GPIO_WritePin  stm32f0xx_hal_gpio.o
    0x080039ee   0x080039ee   0x00000002   PAD
    0x080039f0   0x080039f0   0x0000000c   Code   RO         1748    i.HAL_GetTick       stm32f0xx_hal.o
    0x080039fc   0x080039fc   0x00000010   Code   RO         1754    i.HAL_IncTick       stm32f0xx_hal.o
    0x08003a0c   0x08003a0c   0x00000020   Code   RO         1755    i.HAL_Init          stm32f0xx_hal.o
    0x08003a2c   0x08003a2c   0x00000044   Code   RO         1756    i.HAL_InitTick      stm32f0xx_hal.o
    0x08003a70   0x08003a70   0x00000028   Code   RO          761    i.HAL_MspInit       stm32f0xx_hal_msp.o
    0x08003a98   0x08003a98   0x00000018   Code   RO         2563    i.HAL_NVIC_EnableIRQ  stm32f0xx_hal_cortex.o
    0x08003ab0   0x08003ab0   0x00000008   Code   RO         2567    i.HAL_NVIC_SetPriority  stm32f0xx_hal_cortex.o
    0x08003ab8   0x08003ab8   0x000000e8   Code   RO         1709    i.HAL_RCCEx_PeriphCLKConfig  stm32f0xx_hal_rcc_ex.o
    0x08003ba0   0x08003ba0   0x00000108   Code   RO         1613    i.HAL_RCC_ClockConfig  stm32f0xx_hal_rcc.o
    0x08003ca8   0x08003ca8   0x00000020   Code   RO         1620    i.HAL_RCC_GetPCLK1Freq  stm32f0xx_hal_rcc.o
    0x08003cc8   0x08003cc8   0x0000004c   Code   RO         1621    i.HAL_RCC_GetSysClockFreq  stm32f0xx_hal_rcc.o
    0x08003d14   0x08003d14   0x00000388   Code   RO         1624    i.HAL_RCC_OscConfig  stm32f0xx_hal_rcc.o
    0x0800409c   0x0800409c   0x00000044   Code   RO         3013    i.HAL_RTC_GetDate   stm32f0xx_hal_rtc.o
    0x080040e0   0x080040e0   0x00000058   Code   RO         3015    i.HAL_RTC_GetTime   stm32f0xx_hal_rtc.o
    0x08004138   0x08004138   0x000000a4   Code   RO         3016    i.HAL_RTC_Init      stm32f0xx_hal_rtc.o
    0x080041dc   0x080041dc   0x00000020   Code   RO          607    i.HAL_RTC_MspInit   rtc.o
    0x080041fc   0x080041fc   0x00000098   Code   RO         3022    i.HAL_RTC_SetDate   stm32f0xx_hal_rtc.o
    0x08004294   0x08004294   0x000000b8   Code   RO         3023    i.HAL_RTC_SetTime   stm32f0xx_hal_rtc.o
    0x0800434c   0x0800434c   0x00000034   Code   RO         3024    i.HAL_RTC_WaitForSynchro  stm32f0xx_hal_rtc.o
    0x08004380   0x08004380   0x00000030   Code   RO         2571    i.HAL_SYSTICK_Config  stm32f0xx_hal_cortex.o
    0x080043b0   0x080043b0   0x00000002   Code   RO         4062    i.HAL_TIMEx_BreakCallback  stm32f0xx_hal_tim_ex.o
    0x080043b2   0x080043b2   0x00000002   Code   RO         4063    i.HAL_TIMEx_CommutCallback  stm32f0xx_hal_tim_ex.o
    0x080043b4   0x080043b4   0x0000005c   Code   RO         4081    i.HAL_TIMEx_MasterConfigSynchronization  stm32f0xx_hal_tim_ex.o
    0x08004410   0x08004410   0x00000048   Code   RO         3362    i.HAL_TIM_Base_Init  stm32f0xx_hal_tim.o
    0x08004458   0x08004458   0x00000034   Code   RO          658    i.HAL_TIM_Base_MspInit  tim.o
    0x0800448c   0x0800448c   0x00000050   Code   RO         3367    i.HAL_TIM_Base_Start_IT  stm32f0xx_hal_tim.o
    0x080044dc   0x080044dc   0x000000dc   Code   RO         3371    i.HAL_TIM_ConfigClockSource  stm32f0xx_hal_tim.o
    0x080045b8   0x080045b8   0x00000002   Code   RO         3396    i.HAL_TIM_IC_CaptureCallback  stm32f0xx_hal_tim.o
    0x080045ba   0x080045ba   0x00000128   Code   RO         3410    i.HAL_TIM_IRQHandler  stm32f0xx_hal_tim.o
    0x080046e2   0x080046e2   0x00000002   Code   RO         3413    i.HAL_TIM_OC_DelayElapsedCallback  stm32f0xx_hal_tim.o
    0x080046e4   0x080046e4   0x00000002   Code   RO         3440    i.HAL_TIM_PWM_PulseFinishedCallback  stm32f0xx_hal_tim.o
    0x080046e6   0x080046e6   0x00000002   PAD
    0x080046e8   0x080046e8   0x00000080   Code   RO          426    i.HAL_TIM_PeriodElapsedCallback  main.o
    0x08004768   0x08004768   0x00000002   Code   RO         3453    i.HAL_TIM_TriggerCallback  stm32f0xx_hal_tim.o
    0x0800476a   0x0800476a   0x00000002   Code   RO         4332    i.HAL_UARTEx_RxEventCallback  stm32f0xx_hal_uart.o
    0x0800476c   0x0800476c   0x0000003c   Code   RO         1329    i.HAL_UART_ErrorCallback  usart.o
    0x080047a8   0x080047a8   0x00000006   Code   RO         4349    i.HAL_UART_GetError  stm32f0xx_hal_uart.o
    0x080047ae   0x080047ae   0x00000002   PAD
    0x080047b0   0x080047b0   0x00000294   Code   RO         4351    i.HAL_UART_IRQHandler  stm32f0xx_hal_uart.o
    0x08004a44   0x08004a44   0x0000006a   Code   RO         4352    i.HAL_UART_Init     stm32f0xx_hal_uart.o
    0x08004aae   0x08004aae   0x00000002   PAD
    0x08004ab0   0x08004ab0   0x00000070   Code   RO         1331    i.HAL_UART_MspInit  usart.o
    0x08004b20   0x08004b20   0x00000058   Code   RO         4357    i.HAL_UART_Receive_IT  stm32f0xx_hal_uart.o
    0x08004b78   0x08004b78   0x0000010c   Code   RO         1332    i.HAL_UART_RxCpltCallback  usart.o
    0x08004c84   0x08004c84   0x000000c0   Code   RO         4361    i.HAL_UART_Transmit  stm32f0xx_hal_uart.o
    0x08004d44   0x08004d44   0x00000002   Code   RO         4364    i.HAL_UART_TxCpltCallback  stm32f0xx_hal_uart.o
    0x08004d46   0x08004d46   0x00000002   Code   RO          696    i.HardFault_Handler  stm32f0xx_it.o
    0x08004d48   0x08004d48   0x000000c4   Code   RO          784    i.I_VAL_handle      menu.o
    0x08004e0c   0x08004e0c   0x00000024   Code   RO         1333    i.LCD_Send_Data     usart.o
    0x08004e30   0x08004e30   0x0000007c   Code   RO         1334    i.LCD_Uart_prepare  usart.o
    0x08004eac   0x08004eac   0x000001f4   Code   RO          221    i.Lcd12864_Write14CnCHAR  display_ziku.o
    0x080050a0   0x080050a0   0x000001f0   Code   RO          222    i.Lcd12864_Write16CnCHAR  display_ziku.o
    0x08005290   0x08005290   0x000001f0   Code   RO          785    i.MEUN              menu.o
    0x08005480   0x08005480   0x000000ec   Code   RO          550    i.MX_ADC_Init       adc.o
    0x0800556c   0x0800556c   0x00000028   Code   RO          586    i.MX_DMA_Init       dma.o
    0x08005594   0x08005594   0x000000c8   Code   RO          521    i.MX_GPIO_Init      gpio.o
    0x0800565c   0x0800565c   0x0000007c   Code   RO          608    i.MX_RTC_Init       rtc.o
    0x080056d8   0x080056d8   0x00000074   Code   RO          659    i.MX_TIM1_Init      tim.o
    0x0800574c   0x0800574c   0x0000004c   Code   RO         1335    i.MX_USART1_UART_Init  usart.o
    0x08005798   0x08005798   0x00000002   Code   RO          697    i.NMI_Handler       stm32f0xx_it.o
    0x0800579a   0x0800579a   0x00000002   PAD
    0x0800579c   0x0800579c   0x00000034   Code   RO          427    i.OPEN_CLOSE        main.o
    0x080057d0   0x080057d0   0x00000002   Code   RO          698    i.PendSV_Handler    stm32f0xx_it.o
    0x080057d2   0x080057d2   0x00000002   PAD
    0x080057d4   0x080057d4   0x00000104   Code   RO          786    i.Power_parameters  menu.o
    0x080058d8   0x080058d8   0x00000010   Code   RO         3025    i.RTC_Bcd2ToByte    stm32f0xx_hal_rtc.o
    0x080058e8   0x080058e8   0x00000016   Code   RO         3026    i.RTC_ByteToBcd2    stm32f0xx_hal_rtc.o
    0x080058fe   0x080058fe   0x00000042   Code   RO         3027    i.RTC_EnterInitMode  stm32f0xx_hal_rtc.o
    0x08005940   0x08005940   0x0000002c   Code   RO         3028    i.RTC_ExitInitMode  stm32f0xx_hal_rtc.o
    0x0800596c   0x0800596c   0x00000020   Code   RO          609    i.RTC_Set_Date      rtc.o
    0x0800598c   0x0800598c   0x00000024   Code   RO          610    i.RTC_Set_Time      rtc.o
    0x080059b0   0x080059b0   0x00000002   Code   RO          699    i.SVC_Handler       stm32f0xx_it.o
    0x080059b2   0x080059b2   0x00000008   Code   RO          700    i.SysTick_Handler   stm32f0xx_it.o
    0x080059ba   0x080059ba   0x00000002   PAD
    0x080059bc   0x080059bc   0x00000088   Code   RO          428    i.SystemClock_Config  main.o
    0x08005a44   0x08005a44   0x00000002   Code   RO         4755    i.SystemInit        system_stm32f0xx.o
    0x08005a46   0x08005a46   0x00000002   PAD
    0x08005a48   0x08005a48   0x00000010   Code   RO          701    i.TIM1_BRK_UP_TRG_COM_IRQHandler  stm32f0xx_it.o
    0x08005a58   0x08005a58   0x00000098   Code   RO         3455    i.TIM_Base_SetConfig  stm32f0xx_hal_tim.o
    0x08005af0   0x08005af0   0x00000016   Code   RO         3466    i.TIM_ETR_SetConfig  stm32f0xx_hal_tim.o
    0x08005b06   0x08005b06   0x00000010   Code   RO         3467    i.TIM_ITRx_SetConfig  stm32f0xx_hal_tim.o
    0x08005b16   0x08005b16   0x00000022   Code   RO         3473    i.TIM_TI1_ConfigInputStage  stm32f0xx_hal_tim.o
    0x08005b38   0x08005b38   0x00000026   Code   RO         3475    i.TIM_TI2_ConfigInputStage  stm32f0xx_hal_tim.o
    0x08005b5e   0x08005b5e   0x000000ca   Code   RO         4366    i.UART_AdvFeatureConfig  stm32f0xx_hal_uart.o
    0x08005c28   0x08005c28   0x000000c4   Code   RO         4367    i.UART_CheckIdleState  stm32f0xx_hal_uart.o
    0x08005cec   0x08005cec   0x00000014   Code   RO         4368    i.UART_DMAAbortOnError  stm32f0xx_hal_uart.o
    0x08005d00   0x08005d00   0x00000060   Code   RO         4378    i.UART_EndRxTransfer  stm32f0xx_hal_uart.o
    0x08005d60   0x08005d60   0x000005e4   Code   RO          788    i.UART_LCD_process  menu.o
    0x08006344   0x08006344   0x000000ce   Code   RO         4380    i.UART_RxISR_16BIT  stm32f0xx_hal_uart.o
    0x08006412   0x08006412   0x000000ce   Code   RO         4381    i.UART_RxISR_8BIT   stm32f0xx_hal_uart.o
    0x080064e0   0x080064e0   0x00000158   Code   RO         4382    i.UART_SetConfig    stm32f0xx_hal_uart.o
    0x08006638   0x08006638   0x000000c8   Code   RO         4384    i.UART_Start_Receive_IT  stm32f0xx_hal_uart.o
    0x08006700   0x08006700   0x00000096   Code   RO         4387    i.UART_WaitOnFlagUntilTimeout  stm32f0xx_hal_uart.o
    0x08006796   0x08006796   0x00000002   PAD
    0x08006798   0x08006798   0x00000010   Code   RO          702    i.USART1_IRQHandler  stm32f0xx_it.o
    0x080067a8   0x080067a8   0x000001fc   Code   RO          789    i.USART_LCD_Transmit  menu.o
    0x080069a4   0x080069a4   0x00000054   Code   RO         1336    i.Write_or_Readresponse  usart.o
    0x080069f8   0x080069f8   0x00000030   Code   RO         1699    i.__ARM_common_ll_muluu  stm32f0xx_hal_rcc.o
    0x08006a28   0x08006a28   0x0000001a   Code   RO         1214    i.__ARM_common_switch8  menu.o
    0x08006a42   0x08006a42   0x00000002   PAD
    0x08006a44   0x08006a44   0x0000002c   Code   RO         5140    i.__ARM_fpclassify  m_ps.l(fpclassify.o)
    0x08006a70   0x08006a70   0x00000044   Code   RO         2573    i.__NVIC_SetPriority  stm32f0xx_hal_cortex.o
    0x08006ab4   0x08006ab4   0x00000014   Code   RO         5296    i.__mathlib_dbl_overflow  m_ps.l(dunder.o)
    0x08006ac8   0x08006ac8   0x00000014   Code   RO         5298    i.__mathlib_dbl_underflow  m_ps.l(dunder.o)
    0x08006adc   0x08006adc   0x00000010   Code   RO         5228    i.__mathlib_narrow  m_ps.l(narrow.o)
    0x08006aec   0x08006aec   0x000000c8   Code   RO         5229    i.__mathlib_tofloat  m_ps.l(narrow.o)
    0x08006bb4   0x08006bb4   0x00000014   Code   RO         5281    i.__support_ldexp   m_ps.l(ldexp.o)
    0x08006bc8   0x08006bc8   0x0000000e   Code   RO         4880    i._is_digit         c_p.l(__printf_wp.o)
    0x08006bd6   0x08006bd6   0x0000002a   Code   RO         4945    i.atof              m_ps.l(atof.o)
    0x08006c00   0x08006c00   0x0000002c   Code   RO           14    i.clear_screen      lcd.o
    0x08006c2c   0x08006c2c   0x00000028   Code   RO          790    i.countNotEqual15   menu.o
    0x08006c54   0x08006c54   0x00000028   Code   RO          791    i.ctrlword2_analyze  menu.o
    0x08006c7c   0x08006c7c   0x00000014   Code   RO          792    i.ctrlword3_analyze  menu.o
    0x08006c90   0x08006c90   0x0000002c   Code   RO          793    i.ctrlword4_analyze  menu.o
    0x08006cbc   0x08006cbc   0x00000044   Code   RO          795    i.disp_data         menu.o
    0x08006d00   0x08006d00   0x00000130   Code   RO          796    i.disp_list         menu.o
    0x08006e30   0x08006e30   0x00000040   Code   RO          797    i.displayExceedMessage  menu.o
    0x08006e70   0x08006e70   0x00000210   Code   RO          798    i.displayExceededVoltages  menu.o
    0x08007080   0x08007080   0x0000027c   Code   RO          799    i.displayMenu       menu.o
    0x080072fc   0x080072fc   0x00000168   Code   RO          800    i.displayMenuadj    menu.o
    0x08007464   0x08007464   0x000000f8   Code   RO          801    i.displayMenudata   menu.o
    0x0800755c   0x0800755c   0x000001f0   Code   RO          802    i.displayMenupro    menu.o
    0x0800774c   0x0800774c   0x0000006c   Code   RO          224    i.display_ASCIIstring_8x16  display_ziku.o
    0x080077b8   0x080077b8   0x0000006c   Code   RO          225    i.display_ASCIIstring_8x16_fanxian  display_ziku.o
    0x08007824   0x08007824   0x00000030   Code   RO          228    i.display_graphic_16x16  display_ziku.o
    0x08007854   0x08007854   0x00000030   Code   RO          232    i.display_graphic_8x16  display_ziku.o
    0x08007884   0x08007884   0x00000040   Code   RO          237    i.display_kaiguan   display_ziku.o
    0x080078c4   0x080078c4   0x0000004c   Code   RO          239    i.display_kaiguan_frame  display_ziku.o
    0x08007910   0x08007910   0x00000238   Code   RO          803    i.faultdisp         menu.o
    0x08007b48   0x08007b48   0x00000034   Code   RO          804    i.fenzhaing         menu.o
    0x08007b7c   0x08007b7c   0x00000058   Code   RO         5256    i.frexp             m_ps.l(frexp.o)
    0x08007bd4   0x08007bd4   0x0000001a   Code   RO         1234    i.generate_chuan    tool.o
    0x08007bee   0x08007bee   0x00000002   PAD
    0x08007bf0   0x08007bf0   0x00000060   Code   RO          429    i.get_ADCtoT        main.o
    0x08007c50   0x08007c50   0x00000038   Code   RO          805    i.hezhaing          menu.o
    0x08007c88   0x08007c88   0x00000074   Code   RO           20    i.initial_lcd       lcd.o
    0x08007cfc   0x08007cfc   0x00000014   Code   RO          806    i.int_to_ascii      menu.o
    0x08007d10   0x08007d10   0x000001b0   Code   RO          807    i.judge             menu.o
    0x08007ec0   0x08007ec0   0x000001bc   Code   RO          522    i.key_scan          gpio.o
    0x0800807c   0x0800807c   0x00000020   Code   RO           21    i.lcd_address       lcd.o
    0x0800809c   0x0800809c   0x00000070   Code   RO         5282    i.ldexp             m_ps.l(ldexp.o)
    0x0800810c   0x0800810c   0x000002dc   Code   RO          430    i.main              main.o
    0x080083e8   0x080083e8   0x00000228   Code   RO          808    i.mainmenu          menu.o
    0x08008610   0x08008610   0x000000cc   Code   RO          809    i.menu_fault        menu.o
    0x080086dc   0x080086dc   0x00000a44   Code   RO          810    i.menu_mimaset      menu.o
    0x08009120   0x08009120   0x00000014   Code   RO          811    i.meun              menu.o
    0x08009134   0x08009134   0x00000040   Code   RO          812    i.meun1             menu.o
    0x08009174   0x08009174   0x00000020   Code   RO          813    i.meun2             menu.o
    0x08009194   0x08009194   0x000000f0   Code   RO          814    i.meun3             menu.o
    0x08009284   0x08009284   0x00000020   Code   RO          815    i.meun4             menu.o
    0x080092a4   0x080092a4   0x00000020   Code   RO          816    i.meun5             menu.o
    0x080092c4   0x080092c4   0x00000020   Code   RO          817    i.meun_adjust       menu.o
    0x080092e4   0x080092e4   0x0000005c   Code   RO          818    i.meun_data         menu.o
    0x08009340   0x08009340   0x00000044   Code   RO          819    i.meun_protect1     menu.o
    0x08009384   0x08009384   0x0000007c   Code   RO          820    i.meun_protect2     menu.o
    0x08009400   0x08009400   0x0000003c   Code   RO          821    i.meun_protect3     menu.o
    0x0800943c   0x0800943c   0x00000020   Code   RO          822    i.meun_protect4     menu.o
    0x0800945c   0x0800945c   0x0000001c   Code   RO          823    i.meun_protect5     menu.o
    0x08009478   0x08009478   0x00000208   Code   RO          824    i.mimaset           menu.o
    0x08009680   0x08009680   0x00000034   Code   RO         1235    i.my_exp            tool.o
    0x080096b4   0x080096b4   0x00000068   Code   RO         1236    i.myln              tool.o
    0x0800971c   0x0800971c   0x00000070   Code   RO          825    i.parse_voltage     menu.o
    0x0800978c   0x0800978c   0x00000008   Code   RO          826    i.parse_voltage1    menu.o
    0x08009794   0x08009794   0x00000fb0   Code   RO          827    i.power_quality     menu.o
    0x0800a744   0x0800a744   0x00000530   Code   RO          828    i.problemdisp       menu.o
    0x0800ac74   0x0800ac74   0x00000308   Code   RO          829    i.screenbase1       menu.o
    0x0800af7c   0x0800af7c   0x00000134   Code   RO          830    i.screenbase10      menu.o
    0x0800b0b0   0x0800b0b0   0x00000130   Code   RO          834    i.screenbase2       menu.o
    0x0800b1e0   0x0800b1e0   0x00000100   Code   RO          835    i.screenbase3       menu.o
    0x0800b2e0   0x0800b2e0   0x000000f4   Code   RO          836    i.screenbase4       menu.o
    0x0800b3d4   0x0800b3d4   0x00000100   Code   RO          837    i.screenbase5       menu.o
    0x0800b4d4   0x0800b4d4   0x000001e0   Code   RO          838    i.screenbase6       menu.o
    0x0800b6b4   0x0800b6b4   0x00000100   Code   RO          839    i.screenbase7       menu.o
    0x0800b7b4   0x0800b7b4   0x00000100   Code   RO          840    i.screenbase8       menu.o
    0x0800b8b4   0x0800b8b4   0x00000104   Code   RO          841    i.screenbase9       menu.o
    0x0800b9b8   0x0800b9b8   0x00000444   Code   RO          843    i.timechange        menu.o
    0x0800bdfc   0x0800bdfc   0x00000064   Code   RO           23    i.transfer_command  lcd.o
    0x0800be60   0x0800be60   0x00000064   Code   RO           24    i.transfer_data     lcd.o
    0x0800bec4   0x0800bec4   0x00000034   Code   RO          431    i.uart_com_process  main.o
    0x0800bef8   0x0800bef8   0x000000e4   Code   RO          844    i.updata_c          menu.o
    0x0800bfdc   0x0800bfdc   0x00000060   Code   RO         1237    i.value_to_ascii    tool.o
    0x0800c03c   0x0800c03c   0x00000038   Code   RO          845    i.value_to_ascii1   menu.o
    0x0800c074   0x0800c074   0x0000032c   Code   RO          846    i.waring_compare    menu.o
    0x0800c3a0   0x0800c3a0   0x00000020   Code   RO          847    i.warning_setting   menu.o
    0x0800c3c0   0x0800c3c0   0x000000ac   Code   RO         1238    i.xianshishuju      tool.o
    0x0800c46c   0x0800c46c   0x00000080   Code   RO         1239    i.xianshishuju2     tool.o
    0x0800c4ec   0x0800c4ec   0x0000004c   Code   RO         1240    i.xianshishuju3     tool.o
    0x0800c538   0x0800c538   0x000000ac   Code   RO         1241    i.xianshishuju_dianliu  tool.o
    0x0800c5e4   0x0800c5e4   0x0000002c   Code   RO         5117    locale$$code        c_p.l(lc_numeric_c.o)
    0x0800c610   0x0800c610   0x0000002c   Code   RO         5157    locale$$code        c_p.l(lc_ctype_c.o)
    0x0800c63c   0x0800c63c   0x00000064   Code   RO         5251    x$fpl$deqf          fz_ps.l(deqf.o)
    0x0800c6a0   0x0800c6a0   0x00000064   Code   RO         4919    x$fpl$dleqf         fz_ps.l(dlef.o)
    0x0800c704   0x0800c704   0x00000068   Code   RO         5253    x$fpl$drleqf        fz_ps.l(drlef.o)
    0x0800c76c   0x0800c76c   0x0000008c   Code   RO         4921    x$fpl$fadd          fz_ps.l(faddsub.o)
    0x0800c7f8   0x0800c7f8   0x00000054   Code   RO         4934    x$fpl$fleqf         fz_ps.l(flef.o)
    0x0800c84c   0x0800c84c   0x000000b0   Code   RO         4936    x$fpl$fmul          fz_ps.l(fmul.o)
    0x0800c8fc   0x0800c8fc   0x00000058   Code   RO         4938    x$fpl$frleqf        fz_ps.l(frlef.o)
    0x0800c954   0x0800c954   0x00000018   Code   RO         4922    x$fpl$frsb          fz_ps.l(faddsub.o)
    0x0800c96c   0x0800c96c   0x000000d0   Code   RO         4923    x$fpl$fsub          fz_ps.l(faddsub.o)
    0x0800ca3c   0x0800ca3c   0x00000010   Code   RO         4942    x$fpl$printf1       fz_ps.l(printf1.o)
    0x0800ca4c   0x0800ca4c   0x00000010   Code   RO         5138    x$fpl$scanf1        fz_ps.l(scanf1.o)
    0x0800ca5c   0x0800ca5c   0x00000020   Code   RO         5222    x$fpl$scanf2        fz_ps.l(scanf2.o)
    0x0800ca7c   0x0800ca7c   0x00000000   Code   RO         5061    x$fpl$usenofp       fz_ps.l(usenofp.o)
    0x0800ca7c   0x0800ca7c   0x000003f0   Data   RO          850    .constdata          menu.o
    0x0800ce6c   0x0800ce6c   0x00000004   Data   RO         1338    .constdata          usart.o
    0x0800ce70   0x0800ce70   0x00000020   Data   RO         1625    .constdata          stm32f0xx_hal_rcc.o
    0x0800ce90   0x0800ce90   0x00000010   Data   RO         4756    .constdata          system_stm32f0xx.o
    0x0800cea0   0x0800cea0   0x00000008   Data   RO         4757    .constdata          system_stm32f0xx.o
    0x0800cea8   0x0800cea8   0x00000011   Data   RO         4883    .constdata          c_p.l(__printf_flags_wp.o)
    0x0800ceb9   0x0800ceb9   0x00000080   Data   RO         4915    .constdata          fz_ps.l(ddiv.o)
    0x0800cf39   0x0800cf39   0x00000040   Data   RO         4928    .constdata          fz_ps.l(fdiv.o)
    0x0800cf79   0x0800cf79   0x00000003   PAD
    0x0800cf7c   0x0800cf7c   0x00000094   Data   RO         5112    .constdata          c_p.l(bigflt0.o)
    0x0800d010   0x0800d010   0x00000429   Data   RO          851    .conststring        menu.o
    0x0800d439   0x0800d439   0x00000003   PAD
    0x0800d43c   0x0800d43c   0x00000020   Data   RO         5311    Region$$Table       anon$$obj.o
    0x0800d45c   0x0800d45c   0x00000008   Data   RO         5218    c$$dinf             fz_ps.l(fpconst.o)
    0x0800d464   0x0800d464   0x00000008   Data   RO         5221    c$$dmax             fz_ps.l(fpconst.o)
    0x0800d46c   0x0800d46c   0x0000001c   Data   RO         5116    locale$$data        c_p.l(lc_numeric_c.o)
    0x0800d488   0x0800d488   0x00000110   Data   RO         5156    locale$$data        c_p.l(lc_ctype_c.o)


    Execution Region RW_IRAM1 (Exec base: 0x20000000, Load base: 0x0800d598, Size: 0x000049f0, Max: 0x00008000, ABSOLUTE, COMPRESSED[0x000021c8])

    Exec Addr    Load Addr    Size         Type   Attr      Idx    E Section Name        Object

    0x20000000   COMPRESSED   0x00002a62   Data   RW          248    .data               display_ziku.o
    0x20002a62   COMPRESSED   0x00000010   Data   RW          263    .data               display_ziku.o
    0x20002a72   COMPRESSED   0x00000010   Data   RW          265    .data               display_ziku.o
    0x20002a82   COMPRESSED   0x00000002   PAD
    0x20002a84   COMPRESSED   0x00000042   Data   RW          433    .data               main.o
    0x20002ac6   COMPRESSED   0x00000001   Data   RW          523    .data               gpio.o
    0x20002ac7   COMPRESSED   0x00000001   PAD
    0x20002ac8   COMPRESSED   0x00000760   Data   RW          852    .data               menu.o
    0x20003228   COMPRESSED   0x0000001e   Data   RW          858    .data               menu.o
    0x20003246   COMPRESSED   0x0000003c   Data   RW          859    .data               menu.o
    0x20003282   COMPRESSED   0x0000003c   Data   RW          860    .data               menu.o
    0x200032be   COMPRESSED   0x0000003c   Data   RW          861    .data               menu.o
    0x200032fa   COMPRESSED   0x00000024   Data   RW          862    .data               menu.o
    0x2000331e   COMPRESSED   0x00000030   Data   RW          863    .data               menu.o
    0x2000334e   COMPRESSED   0x00000024   Data   RW          864    .data               menu.o
    0x20003372   COMPRESSED   0x0000002a   Data   RW          865    .data               menu.o
    0x2000339c   COMPRESSED   0x0000001e   Data   RW          866    .data               menu.o
    0x200033ba   COMPRESSED   0x00000024   Data   RW          867    .data               menu.o
    0x200033de   COMPRESSED   0x0000001e   Data   RW          868    .data               menu.o
    0x200033fc   COMPRESSED   0x00000018   Data   RW          869    .data               menu.o
    0x20003414   COMPRESSED   0x00000001   Data   RW          882    .data               menu.o
    0x20003415   COMPRESSED   0x00000001   Data   RW          883    .data               menu.o
    0x20003416   COMPRESSED   0x00000005   Data   RW         1242    .data               tool.o
    0x2000341b   COMPRESSED   0x00000001   PAD
    0x2000341c   COMPRESSED   0x00000012   Data   RW         1339    .data               usart.o
    0x2000342e   COMPRESSED   0x00000002   PAD
    0x20003430   COMPRESSED   0x00000004   Data   RW         1340    .data               usart.o
    0x20003434   COMPRESSED   0x0000000c   Data   RW         1762    .data               stm32f0xx_hal.o
    0x20003440   COMPRESSED   0x00000004   Data   RW         4758    .data               system_stm32f0xx.o
    0x20003444        -       0x00000010   Zero   RW          432    .bss                main.o
    0x20003454        -       0x00000084   Zero   RW          551    .bss                adc.o
    0x200034d8        -       0x00000020   Zero   RW          611    .bss                rtc.o
    0x200034f8        -       0x00000048   Zero   RW          660    .bss                tim.o
    0x20003540        -       0x00000b3c   Zero   RW          848    .bss                menu.o
    0x2000407c        -       0x00000312   Zero   RW         1337    .bss                usart.o
    0x2000438e   COMPRESSED   0x00000002   PAD
    0x20004390        -       0x00000060   Zero   RW         5065    .bss                c_p.l(libspace.o)
    0x200043f0        -       0x00000200   Zero   RW            2    HEAP                startup_stm32f030xc.o
    0x200045f0        -       0x00000400   Zero   RW            1    STACK               startup_stm32f030xc.o


==============================================================================

Image component sizes


      Code (inc. data)   RO Data    RW Data    ZI Data      Debug   Object Name

       400         26          0          0        132       1900   adc.o
      1448         46          0      10882          0      10784   display_ziku.o
        40          4          0          0          0        762   dma.o
       644         30          0          1          0       1774   gpio.o
       392         14          0          0          0     315397   lcd.o
      1200        126          0         66         16       7740   main.o
     23142       2786       2073       2382       2876      58163   menu.o
       224         32          0          0         32       2769   rtc.o
        56         26        184          0       1536        644   startup_stm32f030xc.o
       164         30          0         12          0       8157   stm32f0xx_hal.o
      1102         58          0          0          0       7681   stm32f0xx_hal_adc.o
       148         24          0          0          0      10365   stm32f0xx_hal_cortex.o
       558         16          0          0          0       5542   stm32f0xx_hal_dma.o
       458         24          0          0          0       3396   stm32f0xx_hal_gpio.o
        40          6          0          0          0        846   stm32f0xx_hal_msp.o
      1324         60         32          0          0       4653   stm32f0xx_hal_rcc.o
       232         14          0          0          0       1384   stm32f0xx_hal_rcc_ex.o
       856         22          0          0          0       7971   stm32f0xx_hal_rtc.o
       938         38          0          0          0       9761   stm32f0xx_hal_tim.o
        96         14          0          0          0       2429   stm32f0xx_hal_tim_ex.o
      2676         70          0          0          0      21196   stm32f0xx_hal_uart.o
        64         18          0          0          0       3631   stm32f0xx_it.o
         2          0         24          4          0       1147   system_stm32f0xx.o
       168         26          0          0         72       1674   tim.o
      1234         78          0          5          0       7202   tool.o
       784         80          4         22        786       6776   usart.o

    ----------------------------------------------------------------------
     38416       3668       2352      13380       5452     503744   Object Totals
         0          0         32          0          0          0   (incl. Generated)
        26          0          3          6          2          0   (incl. Padding)

    ----------------------------------------------------------------------

      Code (inc. data)   RO Data    RW Data    ZI Data      Debug   Library Member Name

        96          0          0          0          0          0   __dclz77c.o
         8          0          0          0          0         68   __main.o
       312          6         17          0          0         76   __printf_flags_wp.o
        14          0          0          0          0         60   __printf_wp.o
         0          0          0          0          0          0   __rtentry.o
        12          0          0          0          0          0   __rtentry2.o
         6          0          0          0          0          0   __rtentry4.o
        60          8          0          0          0          0   __scatter.o
        28          0          0          0          0          0   __scatter_zi.o
        30          0          0          0          0         60   _chval.o
        46          0          0          0          0        100   _printf_char.o
        48          6          0          0          0         88   _printf_char_common.o
        10          0          0          0          0          0   _printf_d.o
       108         18          0          0          0         76   _printf_dec.o
        10          0          0          0          0          0   _printf_f.o
      1048         14          0          0          0        176   _printf_fp_dec.o
       136         16          0          0          0         76   _printf_fp_infnan.o
       176          0          0          0          0         84   _printf_intcommon.o
        78          0          0          0          0        100   _printf_pad.o
         2          0          0          0          0          0   _printf_percent.o
         4          0          0          0          0          0   _printf_percent_end.o
        10          0          0          0          0          0   _printf_s.o
        82          0          0          0          0         72   _printf_str.o
        22          0          0          0          0         92   _rserrno.o
        68          0          0          0          0         76   _sgetc.o
        16          0          0          0          0         60   _snputc.o
        10          0          0          0          0         60   _sputc.o
       166          0          0          0          0         84   _strtoul.o
       346          0          0          0          0         92   aeabi_sdiv.o
        26          0          0          0          0         72   atoi.o
       216          6        148          0          0         80   bigflt0.o
      1408         30          0          0          0        260   btod.o
        12          0          0          0          0         68   defsig_exit.o
        52          0          0          0          0         72   defsig_general.o
        80         58          0          0          0         68   defsig_rtmem_inner.o
        12          0          0          0          0         68   defsig_rtmem_outer.o
        16          0          0          0          0         68   exit.o
        98          0          0          0          0         72   h1_alloc.o
        52          0          0          0          0         68   h1_extend.o
        76          0          0          0          0         72   h1_free.o
        14          0          0          0          0         76   h1_init.o
         6          0          0          0          0        136   heapauxi.o
         4          0          0          0          0        120   hguard.o
         0          0          0          0          0          0   indicate_semi.o
       136          0          0          0          0        160   init_alloc.o
        18          0          0          0          0         68   isspace.o
        44         10        272          0          0         76   lc_ctype_c.o
        44         10         28          0          0         76   lc_numeric_c.o
         2          0          0          0          0          0   libinit.o
        38          0          0          0          0          0   libinit2.o
         2          0          0          0          0          0   libshutdown.o
         2          0          0          0          0          0   libshutdown2.o
         8          4          0          0         96         68   libspace.o
        48          0          0          0          0         72   llmul.o
        32          0          0          0          0         68   llshl.o
       258          0          0          0          0         88   lludiv.o
       122          0          0          0          0         72   lludiv10.o
         0          0          0          0          0          0   maybetermalloc1.o
        56          6          0          0          0         84   noretval__2snprintf.o
        40          4          0          0          0         84   noretval__2sprintf.o
        16          4          0          0          0         76   rt_ctype_table.o
         8          4          0          0          0         68   rt_errno_addr_intlibspace.o
         8          4          0          0          0         68   rt_heap_descriptor_intlibspace.o
         8          4          0          0          0         68   rt_locale_intlibspace.o
        64          0          0          0          0        108   rt_memclr.o
        56          0          0          0          0         68   rt_memcpy.o
         2          0          0          0          0          0   rtexit.o
        10          0          0          0          0          0   rtexit2.o
        40          0          0          0          0         60   rtudiv10.o
      1312         24          0          0          0        124   scanf_fp.o
       820         14          0          0          0         84   scanf_hexfp.o
       316         16          0          0          0         84   scanf_infnan.o
       136          4          0          0          0         72   strcmp.o
        76          6          0          0          0         72   strcpy.o
        68          6          0          0          0         72   strlen.o
       172         18          0          0          0        120   strtod.o
       112          4          0          0          0         76   strtol.o
        12          4          0          0          0         60   sys_exit.o
        62          0          0          0          0         80   sys_stackheap_outer.o
        12          0          0          0          0         68   sys_wrch.o
         2          0          0          0          0         68   use_no_semi.o
        46          0          0          0          0         60   cmpret.o
       124          4          0          0          0         72   d2f.o
       144          4          0          0          0         76   dcmpin.o
      1096         26        128          0          0        112   ddiv.o
       100          4          0          0          0         92   deqf.o
        88          0          0          0          0         92   dflti.o
       100          4          0          0          0         92   dlef.o
        20          6          0          0          0         68   dnan2.o
       104          4          0          0          0        104   drlef.o
        96         12          0          0          0         72   dscalbn.o
       372          8          0          0          0        240   faddsub.o
       100          4          0          0          0         68   fcmpin.o
       352         10         64          0          0         92   fdiv.o
        48          0          0          0          0         60   ffixui.o
        94          0          0          0          0         92   fflti.o
        84          4          0          0          0         76   flef.o
       176          4          0          0          0         80   fmul.o
        16          6          0          0          0         68   fnan2.o
         0          0         16          0          0          0   fpconst.o
        88          4          0          0          0         76   frlef.o
        68          4          0          0          0         68   fscalbn.o
        16          4          0          0          0         76   printf1.o
        94          0          0          0          0         68   retnan.o
        16          4          0          0          0         76   scanf1.o
        32          8          0          0          0        100   scanf2.o
         0          0          0          0          0          0   usenofp.o
        42          0          0          0          0         76   atof.o
        40         10          0          0          0        136   dunder.o
        44          4          0          0          0         60   fpclassify.o
        88         16          0          0          0         72   frexp.o
       132          0          0          0          0        140   ldexp.o
       216         10          0          0          0        144   narrow.o

    ----------------------------------------------------------------------
     13236        472        676          0         96       7920   Library Totals
        14          0          3          0          0          0   (incl. Padding)

    ----------------------------------------------------------------------

      Code (inc. data)   RO Data    RW Data    ZI Data      Debug   Library Name

      9186        308        465          0         96       5212   c_p.l
      3474        124        208          0          0       2080   fz_ps.l
       562         40          0          0          0        628   m_ps.l

    ----------------------------------------------------------------------
     13236        472        676          0         96       7920   Library Totals

    ----------------------------------------------------------------------

==============================================================================


      Code (inc. data)   RO Data    RW Data    ZI Data      Debug   

     51652       4140       3028      13380       5548     498788   Grand Totals
     51652       4140       3028       8648       5548     498788   ELF Image Totals (compressed)
     51652       4140       3028       8648          0          0   ROM Totals

==============================================================================

    Total RO  Size (Code + RO Data)                54680 (  53.40kB)
    Total RW  Size (RW Data + ZI Data)             18928 (  18.48kB)
    Total ROM Size (Code + RO Data + RW Data)      63328 (  61.84kB)

==============================================================================

